2025-12-03T07:03:57.3912126Z Current runner version: '2.329.0'
2025-12-03T07:03:57.3950532Z ##[group]Runner Image Provisioner
2025-12-03T07:03:57.3951861Z Hosted Compute Agent
2025-12-03T07:03:57.3953269Z Version: 20251016.436
2025-12-03T07:03:57.3954226Z Commit: 8ab8ac8bfd662a3739dab9fe09456aba92132568
2025-12-03T07:03:57.3955419Z Build Date: 2025-10-15T20:44:12Z
2025-12-03T07:03:57.3956436Z ##[endgroup]
2025-12-03T07:03:57.3957233Z ##[group]Operating System
2025-12-03T07:03:57.3958572Z Ubuntu
2025-12-03T07:03:57.3959282Z 24.04.3
2025-12-03T07:03:57.3960031Z LTS
2025-12-03T07:03:57.3960884Z ##[endgroup]
2025-12-03T07:03:57.3961635Z ##[group]Runner Image
2025-12-03T07:03:57.3962513Z Image: ubuntu-24.04
2025-12-03T07:03:57.3963337Z Version: 20251112.124.1
2025-12-03T07:03:57.3965162Z Included Software: https://github.com/actions/runner-images/blob/ubuntu24/20251112.124/images/ubuntu/Ubuntu2404-Readme.md
2025-12-03T07:03:57.3968189Z Image Release: https://github.com/actions/runner-images/releases/tag/ubuntu24%2F20251112.124
2025-12-03T07:03:57.3969996Z ##[endgroup]
2025-12-03T07:03:57.3972087Z ##[group]GITHUB_TOKEN Permissions
2025-12-03T07:03:57.3974747Z Contents: read
2025-12-03T07:03:57.3975769Z Metadata: read
2025-12-03T07:03:57.3976628Z Packages: read
2025-12-03T07:03:57.3977685Z ##[endgroup]
2025-12-03T07:03:57.3981215Z Secret source: Actions
2025-12-03T07:03:57.3982446Z Prepare workflow directory
2025-12-03T07:03:57.4469653Z Prepare all required actions
2025-12-03T07:03:57.4528590Z Getting action download info
2025-12-03T07:03:57.6891235Z Download action repository 'actions/checkout@v4' (SHA:34e114876b0b11c390a56381ad16ebd13914f8d5)
2025-12-03T07:03:57.9669333Z Download action repository 'actions/setup-python@v5' (SHA:a26af69be951a213d495a4c3e4e4022e16d87065)
2025-12-03T07:03:58.0875940Z Download action repository 'actions/upload-artifact@v4' (SHA:ea165f8d65b6e75b540449e92b4886f43607fa02)
2025-12-03T07:03:58.2890875Z Complete job name: generate-blog
2025-12-03T07:03:58.3655710Z ##[group]Run actions/checkout@v4
2025-12-03T07:03:58.3656644Z with:
2025-12-03T07:03:58.3657097Z   repository: JishanKapoor/blogs
2025-12-03T07:03:58.3658105Z   token: ***
2025-12-03T07:03:58.3658518Z   ssh-strict: true
2025-12-03T07:03:58.3658949Z   ssh-user: git
2025-12-03T07:03:58.3659380Z   persist-credentials: true
2025-12-03T07:03:58.3659867Z   clean: true
2025-12-03T07:03:58.3660307Z   sparse-checkout-cone-mode: true
2025-12-03T07:03:58.3660823Z   fetch-depth: 1
2025-12-03T07:03:58.3661252Z   fetch-tags: false
2025-12-03T07:03:58.3661692Z   show-progress: true
2025-12-03T07:03:58.3662127Z   lfs: false
2025-12-03T07:03:58.3662540Z   submodules: false
2025-12-03T07:03:58.3662994Z   set-safe-directory: true
2025-12-03T07:03:58.3663742Z ##[endgroup]
2025-12-03T07:03:58.4878690Z Syncing repository: JishanKapoor/blogs
2025-12-03T07:03:58.4881150Z ##[group]Getting Git version info
2025-12-03T07:03:58.4881955Z Working directory is '/home/runner/work/blogs/blogs'
2025-12-03T07:03:58.4883122Z [command]/usr/bin/git version
2025-12-03T07:03:58.4998355Z git version 2.51.2
2025-12-03T07:03:58.5027142Z ##[endgroup]
2025-12-03T07:03:58.5044451Z Temporarily overriding HOME='/home/runner/work/_temp/35db841f-9fc4-4a41-bd70-d12a28c013f3' before making global git config changes
2025-12-03T07:03:58.5047301Z Adding repository directory to the temporary git global config as a safe directory
2025-12-03T07:03:58.5059589Z [command]/usr/bin/git config --global --add safe.directory /home/runner/work/blogs/blogs
2025-12-03T07:03:58.5099209Z Deleting the contents of '/home/runner/work/blogs/blogs'
2025-12-03T07:03:58.5103321Z ##[group]Initializing the repository
2025-12-03T07:03:58.5108218Z [command]/usr/bin/git init /home/runner/work/blogs/blogs
2025-12-03T07:03:58.5202473Z hint: Using 'master' as the name for the initial branch. This default branch name
2025-12-03T07:03:58.5204585Z hint: is subject to change. To configure the initial branch name to use in all
2025-12-03T07:03:58.5206477Z hint: of your new repositories, which will suppress this warning, call:
2025-12-03T07:03:58.5207975Z hint:
2025-12-03T07:03:58.5209366Z hint: 	git config --global init.defaultBranch <name>
2025-12-03T07:03:58.5210766Z hint:
2025-12-03T07:03:58.5211841Z hint: Names commonly chosen instead of 'master' are 'main', 'trunk' and
2025-12-03T07:03:58.5213615Z hint: 'development'. The just-created branch can be renamed via this command:
2025-12-03T07:03:58.5215049Z hint:
2025-12-03T07:03:58.5215846Z hint: 	git branch -m <name>
2025-12-03T07:03:58.5216686Z hint:
2025-12-03T07:03:58.5218379Z hint: Disable this message with "git config set advice.defaultBranchName false"
2025-12-03T07:03:58.5220287Z Initialized empty Git repository in /home/runner/work/blogs/blogs/.git/
2025-12-03T07:03:58.5223476Z [command]/usr/bin/git remote add origin https://github.com/JishanKapoor/blogs
2025-12-03T07:03:58.5260476Z ##[endgroup]
2025-12-03T07:03:58.5261787Z ##[group]Disabling automatic garbage collection
2025-12-03T07:03:58.5265600Z [command]/usr/bin/git config --local gc.auto 0
2025-12-03T07:03:58.5297068Z ##[endgroup]
2025-12-03T07:03:58.5298743Z ##[group]Setting up auth
2025-12-03T07:03:58.5305442Z [command]/usr/bin/git config --local --name-only --get-regexp core\.sshCommand
2025-12-03T07:03:58.5340771Z [command]/usr/bin/git submodule foreach --recursive sh -c "git config --local --name-only --get-regexp 'core\.sshCommand' && git config --local --unset-all 'core.sshCommand' || :"
2025-12-03T07:03:58.5681478Z [command]/usr/bin/git config --local --name-only --get-regexp http\.https\:\/\/github\.com\/\.extraheader
2025-12-03T07:03:58.5714435Z [command]/usr/bin/git submodule foreach --recursive sh -c "git config --local --name-only --get-regexp 'http\.https\:\/\/github\.com\/\.extraheader' && git config --local --unset-all 'http.https://github.com/.extraheader' || :"
2025-12-03T07:03:58.5946448Z [command]/usr/bin/git config --local --name-only --get-regexp ^includeIf\.gitdir:
2025-12-03T07:03:58.5982258Z [command]/usr/bin/git submodule foreach --recursive git config --local --show-origin --name-only --get-regexp remote.origin.url
2025-12-03T07:03:58.6226849Z [command]/usr/bin/git config --local http.https://github.com/.extraheader AUTHORIZATION: basic ***
2025-12-03T07:03:58.6266086Z ##[endgroup]
2025-12-03T07:03:58.6274544Z ##[group]Fetching the repository
2025-12-03T07:03:58.6275991Z [command]/usr/bin/git -c protocol.version=2 fetch --no-tags --prune --no-recurse-submodules --depth=1 origin +186903324a4929a5d6ab5e46879a42cd5ba3ef27:refs/remotes/origin/main
2025-12-03T07:03:58.7685129Z From https://github.com/JishanKapoor/blogs
2025-12-03T07:03:58.7686688Z  * [new ref]         186903324a4929a5d6ab5e46879a42cd5ba3ef27 -> origin/main
2025-12-03T07:03:58.7719263Z ##[endgroup]
2025-12-03T07:03:58.7720727Z ##[group]Determining the checkout info
2025-12-03T07:03:58.7722402Z ##[endgroup]
2025-12-03T07:03:58.7727722Z [command]/usr/bin/git sparse-checkout disable
2025-12-03T07:03:58.7771587Z [command]/usr/bin/git config --local --unset-all extensions.worktreeConfig
2025-12-03T07:03:58.7799887Z ##[group]Checking out the ref
2025-12-03T07:03:58.7804240Z [command]/usr/bin/git checkout --progress --force -B main refs/remotes/origin/main
2025-12-03T07:03:58.7848322Z Switched to a new branch 'main'
2025-12-03T07:03:58.7851151Z branch 'main' set up to track 'origin/main'.
2025-12-03T07:03:58.7858668Z ##[endgroup]
2025-12-03T07:03:58.7895390Z [command]/usr/bin/git log -1 --format=%H
2025-12-03T07:03:58.7918750Z 186903324a4929a5d6ab5e46879a42cd5ba3ef27
2025-12-03T07:03:58.8171711Z ##[group]Run actions/setup-python@v5
2025-12-03T07:03:58.8172391Z with:
2025-12-03T07:03:58.8172947Z   python-version: 3.11
2025-12-03T07:03:58.8173449Z   check-latest: false
2025-12-03T07:03:58.8174062Z   token: ***
2025-12-03T07:03:58.8174473Z   update-environment: true
2025-12-03T07:03:58.8174960Z   allow-prereleases: false
2025-12-03T07:03:58.8175424Z   freethreaded: false
2025-12-03T07:03:58.8175856Z ##[endgroup]
2025-12-03T07:03:58.9933691Z ##[group]Installed versions
2025-12-03T07:03:59.0071506Z Successfully set up CPython (3.11.14)
2025-12-03T07:03:59.0073257Z ##[endgroup]
2025-12-03T07:03:59.0202361Z ##[group]Run python -m pip install --upgrade pip
2025-12-03T07:03:59.0203108Z [36;1mpython -m pip install --upgrade pip[0m
2025-12-03T07:03:59.0203702Z [36;1mpip install -r requirements.txt[0m
2025-12-03T07:03:59.0204248Z [36;1mplaywright install chromium[0m
2025-12-03T07:03:59.0204756Z [36;1mplaywright install-deps[0m
2025-12-03T07:03:59.0256452Z shell: /usr/bin/bash -e {0}
2025-12-03T07:03:59.0256946Z env:
2025-12-03T07:03:59.0257642Z   pythonLocation: /opt/hostedtoolcache/Python/3.11.14/x64
2025-12-03T07:03:59.0258447Z   PKG_CONFIG_PATH: /opt/hostedtoolcache/Python/3.11.14/x64/lib/pkgconfig
2025-12-03T07:03:59.0259211Z   Python_ROOT_DIR: /opt/hostedtoolcache/Python/3.11.14/x64
2025-12-03T07:03:59.0259915Z   Python2_ROOT_DIR: /opt/hostedtoolcache/Python/3.11.14/x64
2025-12-03T07:03:59.0260607Z   Python3_ROOT_DIR: /opt/hostedtoolcache/Python/3.11.14/x64
2025-12-03T07:03:59.0261307Z   LD_LIBRARY_PATH: /opt/hostedtoolcache/Python/3.11.14/x64/lib
2025-12-03T07:03:59.0261949Z ##[endgroup]
2025-12-03T07:04:01.2566671Z Requirement already satisfied: pip in /opt/hostedtoolcache/Python/3.11.14/x64/lib/python3.11/site-packages (25.3)
2025-12-03T07:04:02.1718438Z Collecting requests (from -r requirements.txt (line 1))
2025-12-03T07:04:02.2305333Z   Downloading requests-2.32.5-py3-none-any.whl.metadata (4.9 kB)
2025-12-03T07:04:02.3585986Z Collecting pandas (from -r requirements.txt (line 2))
2025-12-03T07:04:02.3633798Z   Downloading pandas-2.3.3-cp311-cp311-manylinux_2_24_x86_64.manylinux_2_28_x86_64.whl.metadata (91 kB)
2025-12-03T07:04:02.4348033Z Collecting openpyxl (from -r requirements.txt (line 3))
2025-12-03T07:04:02.4388304Z   Downloading openpyxl-3.1.5-py2.py3-none-any.whl.metadata (2.5 kB)
2025-12-03T07:04:02.4573097Z Collecting python-dotenv (from -r requirements.txt (line 4))
2025-12-03T07:04:02.4613845Z   Downloading python_dotenv-1.2.1-py3-none-any.whl.metadata (25 kB)
2025-12-03T07:04:02.5217026Z Collecting openai (from -r requirements.txt (line 5))
2025-12-03T07:04:02.5258153Z   Downloading openai-2.8.1-py3-none-any.whl.metadata (29 kB)
2025-12-03T07:04:02.5640759Z Collecting duckduckgo_search (from -r requirements.txt (line 6))
2025-12-03T07:04:02.5690518Z   Downloading duckduckgo_search-8.1.1-py3-none-any.whl.metadata (16 kB)
2025-12-03T07:04:02.6085839Z Collecting playwright (from -r requirements.txt (line 7))
2025-12-03T07:04:02.6125527Z   Downloading playwright-1.56.0-py3-none-manylinux1_x86_64.whl.metadata (3.5 kB)
2025-12-03T07:04:02.6577584Z Collecting streamlit (from -r requirements.txt (line 8))
2025-12-03T07:04:02.6619105Z   Downloading streamlit-1.51.0-py3-none-any.whl.metadata (9.5 kB)
2025-12-03T07:04:02.6923004Z Collecting langchain_openai (from -r requirements.txt (line 9))
2025-12-03T07:04:02.6960326Z   Downloading langchain_openai-1.1.0-py3-none-any.whl.metadata (2.6 kB)
2025-12-03T07:04:02.7443845Z Collecting langchain_core (from -r requirements.txt (line 10))
2025-12-03T07:04:02.7483211Z   Downloading langchain_core-1.1.0-py3-none-any.whl.metadata (3.6 kB)
2025-12-03T07:04:02.7954684Z Collecting langgraph (from -r requirements.txt (line 11))
2025-12-03T07:04:02.7996696Z   Downloading langgraph-1.0.4-py3-none-any.whl.metadata (7.8 kB)
2025-12-03T07:04:02.8187882Z Collecting typing_extensions (from -r requirements.txt (line 12))
2025-12-03T07:04:02.8225807Z   Downloading typing_extensions-4.15.0-py3-none-any.whl.metadata (3.3 kB)
2025-12-03T07:04:02.9074884Z Collecting charset_normalizer<4,>=2 (from requests->-r requirements.txt (line 1))
2025-12-03T07:04:02.9120640Z   Downloading charset_normalizer-3.4.4-cp311-cp311-manylinux2014_x86_64.manylinux_2_17_x86_64.manylinux_2_28_x86_64.whl.metadata (37 kB)
2025-12-03T07:04:02.9296934Z Collecting idna<4,>=2.5 (from requests->-r requirements.txt (line 1))
2025-12-03T07:04:02.9336565Z   Downloading idna-3.11-py3-none-any.whl.metadata (8.4 kB)
2025-12-03T07:04:02.9640239Z Collecting urllib3<3,>=1.21.1 (from requests->-r requirements.txt (line 1))
2025-12-03T07:04:02.9680185Z   Downloading urllib3-2.5.0-py3-none-any.whl.metadata (6.5 kB)
2025-12-03T07:04:02.9906892Z Collecting certifi>=2017.4.17 (from requests->-r requirements.txt (line 1))
2025-12-03T07:04:02.9946963Z   Downloading certifi-2025.11.12-py3-none-any.whl.metadata (2.5 kB)
2025-12-03T07:04:03.2021868Z Collecting numpy>=1.23.2 (from pandas->-r requirements.txt (line 2))
2025-12-03T07:04:03.2066955Z   Downloading numpy-2.3.5-cp311-cp311-manylinux_2_27_x86_64.manylinux_2_28_x86_64.whl.metadata (62 kB)
2025-12-03T07:04:03.2308643Z Collecting python-dateutil>=2.8.2 (from pandas->-r requirements.txt (line 2))
2025-12-03T07:04:03.2347941Z   Downloading python_dateutil-2.9.0.post0-py2.py3-none-any.whl.metadata (8.4 kB)
2025-12-03T07:04:03.2725857Z Collecting pytz>=2020.1 (from pandas->-r requirements.txt (line 2))
2025-12-03T07:04:03.2766446Z   Downloading pytz-2025.2-py2.py3-none-any.whl.metadata (22 kB)
2025-12-03T07:04:03.2945400Z Collecting tzdata>=2022.7 (from pandas->-r requirements.txt (line 2))
2025-12-03T07:04:03.2985299Z   Downloading tzdata-2025.2-py2.py3-none-any.whl.metadata (1.4 kB)
2025-12-03T07:04:03.3098435Z Collecting et-xmlfile (from openpyxl->-r requirements.txt (line 3))
2025-12-03T07:04:03.3135810Z   Downloading et_xmlfile-2.0.0-py3-none-any.whl.metadata (2.7 kB)
2025-12-03T07:04:03.3364085Z Collecting anyio<5,>=3.5.0 (from openai->-r requirements.txt (line 5))
2025-12-03T07:04:03.3407173Z   Downloading anyio-4.12.0-py3-none-any.whl.metadata (4.3 kB)
2025-12-03T07:04:03.3534182Z Collecting distro<2,>=1.7.0 (from openai->-r requirements.txt (line 5))
2025-12-03T07:04:03.3573823Z   Downloading distro-1.9.0-py3-none-any.whl.metadata (6.8 kB)
2025-12-03T07:04:03.3798476Z Collecting httpx<1,>=0.23.0 (from openai->-r requirements.txt (line 5))
2025-12-03T07:04:03.3840027Z   Downloading httpx-0.28.1-py3-none-any.whl.metadata (7.1 kB)
2025-12-03T07:04:03.4574102Z Collecting jiter<1,>=0.10.0 (from openai->-r requirements.txt (line 5))
2025-12-03T07:04:03.4619346Z   Downloading jiter-0.12.0-cp311-cp311-manylinux_2_17_x86_64.manylinux2014_x86_64.whl.metadata (5.2 kB)
2025-12-03T07:04:03.5820643Z Collecting pydantic<3,>=1.9.0 (from openai->-r requirements.txt (line 5))
2025-12-03T07:04:03.5868530Z   Downloading pydantic-2.12.5-py3-none-any.whl.metadata (90 kB)
2025-12-03T07:04:03.6014086Z Collecting sniffio (from openai->-r requirements.txt (line 5))
2025-12-03T07:04:03.6051659Z   Downloading sniffio-1.3.1-py3-none-any.whl.metadata (3.9 kB)
2025-12-03T07:04:03.6431778Z Collecting tqdm>4 (from openai->-r requirements.txt (line 5))
2025-12-03T07:04:03.6485610Z   Downloading tqdm-4.67.1-py3-none-any.whl.metadata (57 kB)
2025-12-03T07:04:03.6865304Z Collecting httpcore==1.* (from httpx<1,>=0.23.0->openai->-r requirements.txt (line 5))
2025-12-03T07:04:03.6905763Z   Downloading httpcore-1.0.9-py3-none-any.whl.metadata (21 kB)
2025-12-03T07:04:03.7048457Z Collecting h11>=0.16 (from httpcore==1.*->httpx<1,>=0.23.0->openai->-r requirements.txt (line 5))
2025-12-03T07:04:03.7086007Z   Downloading h11-0.16.0-py3-none-any.whl.metadata (8.3 kB)
2025-12-03T07:04:03.7219591Z Collecting annotated-types>=0.6.0 (from pydantic<3,>=1.9.0->openai->-r requirements.txt (line 5))
2025-12-03T07:04:03.7259241Z   Downloading annotated_types-0.7.0-py3-none-any.whl.metadata (15 kB)
2025-12-03T07:04:04.4382182Z Collecting pydantic-core==2.41.5 (from pydantic<3,>=1.9.0->openai->-r requirements.txt (line 5))
2025-12-03T07:04:04.4423103Z   Downloading pydantic_core-2.41.5-cp311-cp311-manylinux_2_17_x86_64.manylinux2014_x86_64.whl.metadata (7.3 kB)
2025-12-03T07:04:04.4576102Z Collecting typing-inspection>=0.4.2 (from pydantic<3,>=1.9.0->openai->-r requirements.txt (line 5))
2025-12-03T07:04:04.4615602Z   Downloading typing_inspection-0.4.2-py3-none-any.whl.metadata (2.6 kB)
2025-12-03T07:04:04.4816283Z Collecting click>=8.1.8 (from duckduckgo_search->-r requirements.txt (line 6))
2025-12-03T07:04:04.4858337Z   Downloading click-8.3.1-py3-none-any.whl.metadata (2.6 kB)
2025-12-03T07:04:04.5097216Z Collecting primp>=0.15.0 (from duckduckgo_search->-r requirements.txt (line 6))
2025-12-03T07:04:04.5160819Z   Downloading primp-0.15.0-cp38-abi3-manylinux_2_17_x86_64.manylinux2014_x86_64.whl.metadata (13 kB)
2025-12-03T07:04:04.7512712Z Collecting lxml>=5.3.0 (from duckduckgo_search->-r requirements.txt (line 6))
2025-12-03T07:04:04.7555420Z   Downloading lxml-6.0.2-cp311-cp311-manylinux_2_26_x86_64.manylinux_2_28_x86_64.whl.metadata (3.6 kB)
2025-12-03T07:04:04.7727789Z Collecting pyee<14,>=13 (from playwright->-r requirements.txt (line 7))
2025-12-03T07:04:04.7832830Z   Downloading pyee-13.0.0-py3-none-any.whl.metadata (2.9 kB)
2025-12-03T07:04:04.8950581Z Collecting greenlet<4.0.0,>=3.1.1 (from playwright->-r requirements.txt (line 7))
2025-12-03T07:04:04.8992253Z   Downloading greenlet-3.2.4-cp311-cp311-manylinux_2_24_x86_64.manylinux_2_28_x86_64.whl.metadata (4.1 kB)
2025-12-03T07:04:04.9214096Z Collecting altair!=5.4.0,!=5.4.1,<6,>=4.0 (from streamlit->-r requirements.txt (line 8))
2025-12-03T07:04:04.9253495Z   Downloading altair-5.5.0-py3-none-any.whl.metadata (11 kB)
2025-12-03T07:04:04.9427665Z Collecting blinker<2,>=1.5.0 (from streamlit->-r requirements.txt (line 8))
2025-12-03T07:04:04.9466315Z   Downloading blinker-1.9.0-py3-none-any.whl.metadata (1.6 kB)
2025-12-03T07:04:04.9659837Z Collecting cachetools<7,>=4.0 (from streamlit->-r requirements.txt (line 8))
2025-12-03T07:04:04.9697934Z   Downloading cachetools-6.2.2-py3-none-any.whl.metadata (5.6 kB)
2025-12-03T07:04:05.0006754Z Collecting packaging<26,>=20 (from streamlit->-r requirements.txt (line 8))
2025-12-03T07:04:05.0045727Z   Downloading packaging-25.0-py3-none-any.whl.metadata (3.3 kB)
2025-12-03T07:04:05.1744740Z Collecting pillow<13,>=7.1.0 (from streamlit->-r requirements.txt (line 8))
2025-12-03T07:04:05.1786587Z   Downloading pillow-12.0.0-cp311-cp311-manylinux_2_27_x86_64.manylinux_2_28_x86_64.whl.metadata (8.8 kB)
2025-12-03T07:04:05.4094177Z Collecting protobuf<7,>=3.20 (from streamlit->-r requirements.txt (line 8))
2025-12-03T07:04:05.4135421Z   Downloading protobuf-6.33.1-cp39-abi3-manylinux2014_x86_64.whl.metadata (593 bytes)
2025-12-03T07:04:05.4938881Z Collecting pyarrow<22,>=7.0 (from streamlit->-r requirements.txt (line 8))
2025-12-03T07:04:05.4988029Z   Downloading pyarrow-21.0.0-cp311-cp311-manylinux_2_28_x86_64.whl.metadata (3.3 kB)
2025-12-03T07:04:05.5266335Z Collecting tenacity<10,>=8.1.0 (from streamlit->-r requirements.txt (line 8))
2025-12-03T07:04:05.5305753Z   Downloading tenacity-9.1.2-py3-none-any.whl.metadata (1.2 kB)
2025-12-03T07:04:05.5422454Z Collecting toml<2,>=0.10.1 (from streamlit->-r requirements.txt (line 8))
2025-12-03T07:04:05.5460217Z   Downloading toml-0.10.2-py2.py3-none-any.whl.metadata (7.1 kB)
2025-12-03T07:04:05.5991052Z Collecting watchdog<7,>=2.1.5 (from streamlit->-r requirements.txt (line 8))
2025-12-03T07:04:05.6033658Z   Downloading watchdog-6.0.0-py3-none-manylinux2014_x86_64.whl.metadata (44 kB)
2025-12-03T07:04:05.6378337Z Collecting gitpython!=3.1.19,<4,>=3.0.7 (from streamlit->-r requirements.txt (line 8))
2025-12-03T07:04:05.6421133Z   Downloading gitpython-3.1.45-py3-none-any.whl.metadata (13 kB)
2025-12-03T07:04:05.6641321Z Collecting pydeck<1,>=0.8.0b4 (from streamlit->-r requirements.txt (line 8))
2025-12-03T07:04:05.6685691Z   Downloading pydeck-0.9.1-py2.py3-none-any.whl.metadata (4.1 kB)
2025-12-03T07:04:05.7076394Z Collecting tornado!=6.5.0,<7,>=6.0.3 (from streamlit->-r requirements.txt (line 8))
2025-12-03T07:04:05.7122474Z   Downloading tornado-6.5.2-cp39-abi3-manylinux_2_5_x86_64.manylinux1_x86_64.manylinux_2_17_x86_64.manylinux2014_x86_64.whl.metadata (2.8 kB)
2025-12-03T07:04:05.7301634Z Collecting jinja2 (from altair!=5.4.0,!=5.4.1,<6,>=4.0->streamlit->-r requirements.txt (line 8))
2025-12-03T07:04:05.7340820Z   Downloading jinja2-3.1.6-py3-none-any.whl.metadata (2.9 kB)
2025-12-03T07:04:05.7616204Z Collecting jsonschema>=3.0 (from altair!=5.4.0,!=5.4.1,<6,>=4.0->streamlit->-r requirements.txt (line 8))
2025-12-03T07:04:05.7658598Z   Downloading jsonschema-4.25.1-py3-none-any.whl.metadata (7.6 kB)
2025-12-03T07:04:05.8116693Z Collecting narwhals>=1.14.2 (from altair!=5.4.0,!=5.4.1,<6,>=4.0->streamlit->-r requirements.txt (line 8))
2025-12-03T07:04:05.8160368Z   Downloading narwhals-2.13.0-py3-none-any.whl.metadata (12 kB)
2025-12-03T07:04:05.8413614Z Collecting gitdb<5,>=4.0.1 (from gitpython!=3.1.19,<4,>=3.0.7->streamlit->-r requirements.txt (line 8))
2025-12-03T07:04:05.8454523Z   Downloading gitdb-4.0.12-py3-none-any.whl.metadata (1.2 kB)
2025-12-03T07:04:05.8589497Z Collecting smmap<6,>=3.0.1 (from gitdb<5,>=4.0.1->gitpython!=3.1.19,<4,>=3.0.7->streamlit->-r requirements.txt (line 8))
2025-12-03T07:04:05.8630991Z   Downloading smmap-5.0.2-py3-none-any.whl.metadata (4.3 kB)
2025-12-03T07:04:05.9603316Z Collecting tiktoken<1.0.0,>=0.7.0 (from langchain_openai->-r requirements.txt (line 9))
2025-12-03T07:04:05.9646216Z   Downloading tiktoken-0.12.0-cp311-cp311-manylinux_2_28_x86_64.whl.metadata (6.7 kB)
2025-12-03T07:04:05.9830383Z Collecting jsonpatch<2.0.0,>=1.33.0 (from langchain_core->-r requirements.txt (line 10))
2025-12-03T07:04:05.9868904Z   Downloading jsonpatch-1.33-py2.py3-none-any.whl.metadata (3.0 kB)
2025-12-03T07:04:06.0611390Z Collecting langsmith<1.0.0,>=0.3.45 (from langchain_core->-r requirements.txt (line 10))
2025-12-03T07:04:06.0652533Z   Downloading langsmith-0.4.53-py3-none-any.whl.metadata (15 kB)
2025-12-03T07:04:06.1280255Z Collecting pyyaml<7.0.0,>=5.3.0 (from langchain_core->-r requirements.txt (line 10))
2025-12-03T07:04:06.1332794Z   Downloading pyyaml-6.0.3-cp311-cp311-manylinux2014_x86_64.manylinux_2_17_x86_64.manylinux_2_28_x86_64.whl.metadata (2.4 kB)
2025-12-03T07:04:06.1600692Z Collecting jsonpointer>=1.9 (from jsonpatch<2.0.0,>=1.33.0->langchain_core->-r requirements.txt (line 10))
2025-12-03T07:04:06.1639857Z   Downloading jsonpointer-3.0.0-py2.py3-none-any.whl.metadata (2.3 kB)
2025-12-03T07:04:06.4910132Z Collecting orjson>=3.9.14 (from langsmith<1.0.0,>=0.3.45->langchain_core->-r requirements.txt (line 10))
2025-12-03T07:04:06.4952511Z   Downloading orjson-3.11.4-cp311-cp311-manylinux_2_17_x86_64.manylinux2014_x86_64.whl.metadata (41 kB)
2025-12-03T07:04:06.5296695Z Collecting requests-toolbelt>=1.0.0 (from langsmith<1.0.0,>=0.3.45->langchain_core->-r requirements.txt (line 10))
2025-12-03T07:04:06.5342393Z   Downloading requests_toolbelt-1.0.0-py2.py3-none-any.whl.metadata (14 kB)
2025-12-03T07:04:06.5956948Z Collecting uuid-utils<1.0,>=0.12.0 (from langsmith<1.0.0,>=0.3.45->langchain_core->-r requirements.txt (line 10))
2025-12-03T07:04:06.6000290Z   Downloading uuid_utils-0.12.0-cp39-abi3-manylinux_2_17_x86_64.manylinux2014_x86_64.whl.metadata (1.1 kB)
2025-12-03T07:04:06.6718878Z Collecting zstandard>=0.23.0 (from langsmith<1.0.0,>=0.3.45->langchain_core->-r requirements.txt (line 10))
2025-12-03T07:04:06.6763435Z   Downloading zstandard-0.25.0-cp311-cp311-manylinux2014_x86_64.manylinux_2_17_x86_64.whl.metadata (3.3 kB)
2025-12-03T07:04:07.0268768Z Collecting regex>=2022.1.18 (from tiktoken<1.0.0,>=0.7.0->langchain_openai->-r requirements.txt (line 9))
2025-12-03T07:04:07.0314111Z   Downloading regex-2025.11.3-cp311-cp311-manylinux2014_x86_64.manylinux_2_17_x86_64.manylinux_2_28_x86_64.whl.metadata (40 kB)
2025-12-03T07:04:07.0776738Z Collecting langgraph-checkpoint<4.0.0,>=2.1.0 (from langgraph->-r requirements.txt (line 11))
2025-12-03T07:04:07.0818349Z   Downloading langgraph_checkpoint-3.0.1-py3-none-any.whl.metadata (4.7 kB)
2025-12-03T07:04:07.0983600Z Collecting langgraph-prebuilt<1.1.0,>=1.0.2 (from langgraph->-r requirements.txt (line 11))
2025-12-03T07:04:07.1023886Z   Downloading langgraph_prebuilt-1.0.5-py3-none-any.whl.metadata (5.2 kB)
2025-12-03T07:04:07.1252438Z Collecting langgraph-sdk<0.3.0,>=0.2.2 (from langgraph->-r requirements.txt (line 11))
2025-12-03T07:04:07.1292417Z   Downloading langgraph_sdk-0.2.12-py3-none-any.whl.metadata (1.6 kB)
2025-12-03T07:04:07.2053407Z Collecting xxhash>=3.5.0 (from langgraph->-r requirements.txt (line 11))
2025-12-03T07:04:07.2098219Z   Downloading xxhash-3.6.0-cp311-cp311-manylinux2014_x86_64.manylinux_2_17_x86_64.manylinux_2_28_x86_64.whl.metadata (13 kB)
2025-12-03T07:04:07.2762079Z Collecting ormsgpack>=1.12.0 (from langgraph-checkpoint<4.0.0,>=2.1.0->langgraph->-r requirements.txt (line 11))
2025-12-03T07:04:07.2806818Z   Downloading ormsgpack-1.12.0-cp311-cp311-manylinux_2_17_x86_64.manylinux2014_x86_64.whl.metadata (1.2 kB)
2025-12-03T07:04:07.3789832Z Collecting MarkupSafe>=2.0 (from jinja2->altair!=5.4.0,!=5.4.1,<6,>=4.0->streamlit->-r requirements.txt (line 8))
2025-12-03T07:04:07.3834517Z   Downloading markupsafe-3.0.3-cp311-cp311-manylinux2014_x86_64.manylinux_2_17_x86_64.manylinux_2_28_x86_64.whl.metadata (2.7 kB)
2025-12-03T07:04:07.4030506Z Collecting attrs>=22.2.0 (from jsonschema>=3.0->altair!=5.4.0,!=5.4.1,<6,>=4.0->streamlit->-r requirements.txt (line 8))
2025-12-03T07:04:07.4078149Z   Downloading attrs-25.4.0-py3-none-any.whl.metadata (10 kB)
2025-12-03T07:04:07.4219911Z Collecting jsonschema-specifications>=2023.03.6 (from jsonschema>=3.0->altair!=5.4.0,!=5.4.1,<6,>=4.0->streamlit->-r requirements.txt (line 8))
2025-12-03T07:04:07.4261090Z   Downloading jsonschema_specifications-2025.9.1-py3-none-any.whl.metadata (2.9 kB)
2025-12-03T07:04:07.4542677Z Collecting referencing>=0.28.4 (from jsonschema>=3.0->altair!=5.4.0,!=5.4.1,<6,>=4.0->streamlit->-r requirements.txt (line 8))
2025-12-03T07:04:07.4583905Z   Downloading referencing-0.37.0-py3-none-any.whl.metadata (2.8 kB)
2025-12-03T07:04:07.8376180Z Collecting rpds-py>=0.7.1 (from jsonschema>=3.0->altair!=5.4.0,!=5.4.1,<6,>=4.0->streamlit->-r requirements.txt (line 8))
2025-12-03T07:04:07.8420602Z   Downloading rpds_py-0.30.0-cp311-cp311-manylinux_2_17_x86_64.manylinux2014_x86_64.whl.metadata (4.1 kB)
2025-12-03T07:04:07.8820565Z Collecting six>=1.5 (from python-dateutil>=2.8.2->pandas->-r requirements.txt (line 2))
2025-12-03T07:04:07.8860488Z   Downloading six-1.17.0-py2.py3-none-any.whl.metadata (1.7 kB)
2025-12-03T07:04:07.9540181Z Downloading requests-2.32.5-py3-none-any.whl (64 kB)
2025-12-03T07:04:07.9605959Z Downloading charset_normalizer-3.4.4-cp311-cp311-manylinux2014_x86_64.manylinux_2_17_x86_64.manylinux_2_28_x86_64.whl (151 kB)
2025-12-03T07:04:07.9670860Z Downloading idna-3.11-py3-none-any.whl (71 kB)
2025-12-03T07:04:07.9735525Z Downloading urllib3-2.5.0-py3-none-any.whl (129 kB)
2025-12-03T07:04:07.9805285Z Downloading pandas-2.3.3-cp311-cp311-manylinux_2_24_x86_64.manylinux_2_28_x86_64.whl (12.8 MB)
2025-12-03T07:04:08.0377157Z    ━━━━━━━━━━━━━━━━━━━━━━━━━━━━━━━━━━━━━━━━ 12.8/12.8 MB 231.8 MB/s  0:00:00
2025-12-03T07:04:08.0420145Z Downloading openpyxl-3.1.5-py2.py3-none-any.whl (250 kB)
2025-12-03T07:04:08.0490203Z Downloading python_dotenv-1.2.1-py3-none-any.whl (21 kB)
2025-12-03T07:04:08.0560824Z Downloading openai-2.8.1-py3-none-any.whl (1.0 MB)
2025-12-03T07:04:08.0643173Z    ━━━━━━━━━━━━━━━━━━━━━━━━━━━━━━━━━━━━━━━━ 1.0/1.0 MB 140.3 MB/s  0:00:00
2025-12-03T07:04:08.0684480Z Downloading typing_extensions-4.15.0-py3-none-any.whl (44 kB)
2025-12-03T07:04:08.0752743Z Downloading anyio-4.12.0-py3-none-any.whl (113 kB)
2025-12-03T07:04:08.0816169Z Downloading distro-1.9.0-py3-none-any.whl (20 kB)
2025-12-03T07:04:08.0882681Z Downloading httpx-0.28.1-py3-none-any.whl (73 kB)
2025-12-03T07:04:08.0948866Z Downloading httpcore-1.0.9-py3-none-any.whl (78 kB)
2025-12-03T07:04:08.1021904Z Downloading jiter-0.12.0-cp311-cp311-manylinux_2_17_x86_64.manylinux2014_x86_64.whl (364 kB)
2025-12-03T07:04:08.1106810Z Downloading pydantic-2.12.5-py3-none-any.whl (463 kB)
2025-12-03T07:04:08.1201083Z Downloading pydantic_core-2.41.5-cp311-cp311-manylinux_2_17_x86_64.manylinux2014_x86_64.whl (2.1 MB)
2025-12-03T07:04:08.1328649Z    ━━━━━━━━━━━━━━━━━━━━━━━━━━━━━━━━━━━━━━━━ 2.1/2.1 MB 181.0 MB/s  0:00:00
2025-12-03T07:04:08.1381542Z Downloading duckduckgo_search-8.1.1-py3-none-any.whl (18 kB)
2025-12-03T07:04:08.1446613Z Downloading playwright-1.56.0-py3-none-manylinux1_x86_64.whl (46.3 MB)
2025-12-03T07:04:08.3153551Z    ━━━━━━━━━━━━━━━━━━━━━━━━━━━━━━━━━━━━━━━━ 46.3/46.3 MB 274.6 MB/s  0:00:00
2025-12-03T07:04:08.3200298Z Downloading greenlet-3.2.4-cp311-cp311-manylinux_2_24_x86_64.manylinux_2_28_x86_64.whl (587 kB)
2025-12-03T07:04:08.3270448Z    ━━━━━━━━━━━━━━━━━━━━━━━━━━━━━━━━━━━━━━━━ 587.7/587.7 kB 79.8 MB/s  0:00:00
2025-12-03T07:04:08.3346915Z Downloading pyee-13.0.0-py3-none-any.whl (15 kB)
2025-12-03T07:04:08.3411095Z Downloading streamlit-1.51.0-py3-none-any.whl (10.2 MB)
2025-12-03T07:04:08.3925688Z    ━━━━━━━━━━━━━━━━━━━━━━━━━━━━━━━━━━━━━━━━ 10.2/10.2 MB 205.5 MB/s  0:00:00
2025-12-03T07:04:08.3968288Z Downloading altair-5.5.0-py3-none-any.whl (731 kB)
2025-12-03T07:04:08.4053436Z    ━━━━━━━━━━━━━━━━━━━━━━━━━━━━━━━━━━━━━━━━ 731.2/731.2 kB 84.5 MB/s  0:00:00
2025-12-03T07:04:08.4098348Z Downloading blinker-1.9.0-py3-none-any.whl (8.5 kB)
2025-12-03T07:04:08.4156458Z Downloading cachetools-6.2.2-py3-none-any.whl (11 kB)
2025-12-03T07:04:08.4217056Z Downloading click-8.3.1-py3-none-any.whl (108 kB)
2025-12-03T07:04:08.4286136Z Downloading gitpython-3.1.45-py3-none-any.whl (208 kB)
2025-12-03T07:04:08.4353726Z Downloading gitdb-4.0.12-py3-none-any.whl (62 kB)
2025-12-03T07:04:08.4427960Z Downloading numpy-2.3.5-cp311-cp311-manylinux_2_27_x86_64.manylinux_2_28_x86_64.whl (16.9 MB)
2025-12-03T07:04:08.5178288Z    ━━━━━━━━━━━━━━━━━━━━━━━━━━━━━━━━━━━━━━━━ 16.9/16.9 MB 231.0 MB/s  0:00:00
2025-12-03T07:04:08.5221282Z Downloading packaging-25.0-py3-none-any.whl (66 kB)
2025-12-03T07:04:08.5294350Z Downloading pillow-12.0.0-cp311-cp311-manylinux_2_27_x86_64.manylinux_2_28_x86_64.whl (7.0 MB)
2025-12-03T07:04:08.5604619Z    ━━━━━━━━━━━━━━━━━━━━━━━━━━━━━━━━━━━━━━━━ 7.0/7.0 MB 241.3 MB/s  0:00:00
2025-12-03T07:04:08.5649158Z Downloading protobuf-6.33.1-cp39-abi3-manylinux2014_x86_64.whl (323 kB)
2025-12-03T07:04:08.5728157Z Downloading pyarrow-21.0.0-cp311-cp311-manylinux_2_28_x86_64.whl (42.8 MB)
2025-12-03T07:04:08.7308749Z    ━━━━━━━━━━━━━━━━━━━━━━━━━━━━━━━━━━━━━━━━ 42.8/42.8 MB 274.1 MB/s  0:00:00
2025-12-03T07:04:08.7358340Z Downloading pydeck-0.9.1-py2.py3-none-any.whl (6.9 MB)
2025-12-03T07:04:08.7768655Z    ━━━━━━━━━━━━━━━━━━━━━━━━━━━━━━━━━━━━━━━━ 6.9/6.9 MB 174.1 MB/s  0:00:00
2025-12-03T07:04:08.7810442Z Downloading smmap-5.0.2-py3-none-any.whl (24 kB)
2025-12-03T07:04:08.7874249Z Downloading tenacity-9.1.2-py3-none-any.whl (28 kB)
2025-12-03T07:04:08.7933766Z Downloading toml-0.10.2-py2.py3-none-any.whl (16 kB)
2025-12-03T07:04:08.7995435Z Downloading tornado-6.5.2-cp39-abi3-manylinux_2_5_x86_64.manylinux1_x86_64.manylinux_2_17_x86_64.manylinux2014_x86_64.whl (443 kB)
2025-12-03T07:04:08.8083188Z Downloading watchdog-6.0.0-py3-none-manylinux2014_x86_64.whl (79 kB)
2025-12-03T07:04:08.8150521Z Downloading langchain_openai-1.1.0-py3-none-any.whl (84 kB)
2025-12-03T07:04:08.8212403Z Downloading langchain_core-1.1.0-py3-none-any.whl (473 kB)
2025-12-03T07:04:08.8304033Z Downloading jsonpatch-1.33-py2.py3-none-any.whl (12 kB)
2025-12-03T07:04:08.8365615Z Downloading langsmith-0.4.53-py3-none-any.whl (411 kB)
2025-12-03T07:04:08.8507225Z Downloading pyyaml-6.0.3-cp311-cp311-manylinux2014_x86_64.manylinux_2_17_x86_64.manylinux_2_28_x86_64.whl (806 kB)
2025-12-03T07:04:08.8582325Z    ━━━━━━━━━━━━━━━━━━━━━━━━━━━━━━━━━━━━━━━━ 806.6/806.6 kB 114.8 MB/s  0:00:00
2025-12-03T07:04:08.8625633Z Downloading tiktoken-0.12.0-cp311-cp311-manylinux_2_28_x86_64.whl (1.2 MB)
2025-12-03T07:04:08.8778832Z    ━━━━━━━━━━━━━━━━━━━━━━━━━━━━━━━━━━━━━━━━ 1.2/1.2 MB 78.9 MB/s  0:00:00
2025-12-03T07:04:08.8824852Z Downloading uuid_utils-0.12.0-cp39-abi3-manylinux_2_17_x86_64.manylinux2014_x86_64.whl (343 kB)
2025-12-03T07:04:08.8930408Z Downloading langgraph-1.0.4-py3-none-any.whl (157 kB)
2025-12-03T07:04:08.8996785Z Downloading langgraph_checkpoint-3.0.1-py3-none-any.whl (46 kB)
2025-12-03T07:04:08.9058032Z Downloading langgraph_prebuilt-1.0.5-py3-none-any.whl (35 kB)
2025-12-03T07:04:08.9119899Z Downloading langgraph_sdk-0.2.12-py3-none-any.whl (60 kB)
2025-12-03T07:04:08.9183200Z Downloading annotated_types-0.7.0-py3-none-any.whl (13 kB)
2025-12-03T07:04:08.9239909Z Downloading certifi-2025.11.12-py3-none-any.whl (159 kB)
2025-12-03T07:04:08.9308097Z Downloading h11-0.16.0-py3-none-any.whl (37 kB)
2025-12-03T07:04:08.9369010Z Downloading jinja2-3.1.6-py3-none-any.whl (134 kB)
2025-12-03T07:04:08.9437098Z Downloading jsonpointer-3.0.0-py2.py3-none-any.whl (7.6 kB)
2025-12-03T07:04:08.9497940Z Downloading jsonschema-4.25.1-py3-none-any.whl (90 kB)
2025-12-03T07:04:08.9564574Z Downloading attrs-25.4.0-py3-none-any.whl (67 kB)
2025-12-03T07:04:08.9627900Z Downloading jsonschema_specifications-2025.9.1-py3-none-any.whl (18 kB)
2025-12-03T07:04:08.9692820Z Downloading lxml-6.0.2-cp311-cp311-manylinux_2_26_x86_64.manylinux_2_28_x86_64.whl (5.2 MB)
2025-12-03T07:04:08.9953598Z    ━━━━━━━━━━━━━━━━━━━━━━━━━━━━━━━━━━━━━━━━ 5.2/5.2 MB 213.1 MB/s  0:00:00
2025-12-03T07:04:08.9994943Z Downloading markupsafe-3.0.3-cp311-cp311-manylinux2014_x86_64.manylinux_2_17_x86_64.manylinux_2_28_x86_64.whl (22 kB)
2025-12-03T07:04:09.0085224Z Downloading narwhals-2.13.0-py3-none-any.whl (426 kB)
2025-12-03T07:04:09.0164736Z Downloading orjson-3.11.4-cp311-cp311-manylinux_2_17_x86_64.manylinux2014_x86_64.whl (136 kB)
2025-12-03T07:04:09.0232027Z Downloading ormsgpack-1.12.0-cp311-cp311-manylinux_2_17_x86_64.manylinux2014_x86_64.whl (207 kB)
2025-12-03T07:04:09.0305566Z Downloading primp-0.15.0-cp38-abi3-manylinux_2_17_x86_64.manylinux2014_x86_64.whl (3.3 MB)
2025-12-03T07:04:09.0493962Z    ━━━━━━━━━━━━━━━━━━━━━━━━━━━━━━━━━━━━━━━━ 3.3/3.3 MB 196.8 MB/s  0:00:00
2025-12-03T07:04:09.0536956Z Downloading python_dateutil-2.9.0.post0-py2.py3-none-any.whl (229 kB)
2025-12-03T07:04:09.0605210Z Downloading pytz-2025.2-py2.py3-none-any.whl (509 kB)
2025-12-03T07:04:09.0689095Z Downloading referencing-0.37.0-py3-none-any.whl (26 kB)
2025-12-03T07:04:09.0752691Z Downloading regex-2025.11.3-cp311-cp311-manylinux2014_x86_64.manylinux_2_17_x86_64.manylinux_2_28_x86_64.whl (800 kB)
2025-12-03T07:04:09.0823781Z    ━━━━━━━━━━━━━━━━━━━━━━━━━━━━━━━━━━━━━━━━ 800.4/800.4 kB 119.1 MB/s  0:00:00
2025-12-03T07:04:09.0871909Z Downloading requests_toolbelt-1.0.0-py2.py3-none-any.whl (54 kB)
2025-12-03T07:04:09.0939048Z Downloading rpds_py-0.30.0-cp311-cp311-manylinux_2_17_x86_64.manylinux2014_x86_64.whl (390 kB)
2025-12-03T07:04:09.1016817Z Downloading six-1.17.0-py2.py3-none-any.whl (11 kB)
2025-12-03T07:04:09.1078098Z Downloading tqdm-4.67.1-py3-none-any.whl (78 kB)
2025-12-03T07:04:09.1156697Z Downloading typing_inspection-0.4.2-py3-none-any.whl (14 kB)
2025-12-03T07:04:09.1223917Z Downloading tzdata-2025.2-py2.py3-none-any.whl (347 kB)
2025-12-03T07:04:09.1303144Z Downloading xxhash-3.6.0-cp311-cp311-manylinux2014_x86_64.manylinux_2_17_x86_64.manylinux_2_28_x86_64.whl (193 kB)
2025-12-03T07:04:09.1384581Z Downloading zstandard-0.25.0-cp311-cp311-manylinux2014_x86_64.manylinux_2_17_x86_64.whl (5.6 MB)
2025-12-03T07:04:09.1645084Z    ━━━━━━━━━━━━━━━━━━━━━━━━━━━━━━━━━━━━━━━━ 5.6/5.6 MB 227.7 MB/s  0:00:00
2025-12-03T07:04:09.1689643Z Downloading et_xmlfile-2.0.0-py3-none-any.whl (18 kB)
2025-12-03T07:04:09.1752981Z Downloading sniffio-1.3.1-py3-none-any.whl (10 kB)
2025-12-03T07:04:09.5288142Z Installing collected packages: pytz, zstandard, xxhash, watchdog, uuid-utils, urllib3, tzdata, typing_extensions, tqdm, tornado, toml, tenacity, sniffio, smmap, six, rpds-py, regex, pyyaml, python-dotenv, pyarrow, protobuf, primp, pillow, packaging, ormsgpack, orjson, numpy, narwhals, MarkupSafe, lxml, jsonpointer, jiter, idna, h11, greenlet, et-xmlfile, distro, click, charset_normalizer, certifi, cachetools, blinker, attrs, annotated-types, typing-inspection, requests, referencing, python-dateutil, pyee, pydantic-core, openpyxl, jsonpatch, jinja2, httpcore, gitdb, duckduckgo_search, anyio, tiktoken, requests-toolbelt, pydeck, pydantic, playwright, pandas, jsonschema-specifications, httpx, gitpython, openai, langsmith, langgraph-sdk, jsonschema, langchain_core, altair, streamlit, langgraph-checkpoint, langchain_openai, langgraph-prebuilt, langgraph
2025-12-03T07:04:23.2017785Z 
2025-12-03T07:04:23.2058834Z Successfully installed MarkupSafe-3.0.3 altair-5.5.0 annotated-types-0.7.0 anyio-4.12.0 attrs-25.4.0 blinker-1.9.0 cachetools-6.2.2 certifi-2025.11.12 charset_normalizer-3.4.4 click-8.3.1 distro-1.9.0 duckduckgo_search-8.1.1 et-xmlfile-2.0.0 gitdb-4.0.12 gitpython-3.1.45 greenlet-3.2.4 h11-0.16.0 httpcore-1.0.9 httpx-0.28.1 idna-3.11 jinja2-3.1.6 jiter-0.12.0 jsonpatch-1.33 jsonpointer-3.0.0 jsonschema-4.25.1 jsonschema-specifications-2025.9.1 langchain_core-1.1.0 langchain_openai-1.1.0 langgraph-1.0.4 langgraph-checkpoint-3.0.1 langgraph-prebuilt-1.0.5 langgraph-sdk-0.2.12 langsmith-0.4.53 lxml-6.0.2 narwhals-2.13.0 numpy-2.3.5 openai-2.8.1 openpyxl-3.1.5 orjson-3.11.4 ormsgpack-1.12.0 packaging-25.0 pandas-2.3.3 pillow-12.0.0 playwright-1.56.0 primp-0.15.0 protobuf-6.33.1 pyarrow-21.0.0 pydantic-2.12.5 pydantic-core-2.41.5 pydeck-0.9.1 pyee-13.0.0 python-dateutil-2.9.0.post0 python-dotenv-1.2.1 pytz-2025.2 pyyaml-6.0.3 referencing-0.37.0 regex-2025.11.3 requests-2.32.5 requests-toolbelt-1.0.0 rpds-py-0.30.0 six-1.17.0 smmap-5.0.2 sniffio-1.3.1 streamlit-1.51.0 tenacity-9.1.2 tiktoken-0.12.0 toml-0.10.2 tornado-6.5.2 tqdm-4.67.1 typing-inspection-0.4.2 typing_extensions-4.15.0 tzdata-2025.2 urllib3-2.5.0 uuid-utils-0.12.0 watchdog-6.0.0 xxhash-3.6.0 zstandard-0.25.0
2025-12-03T07:04:24.3574873Z Downloading Chromium 141.0.7390.37 (playwright build v1194) from https://cdn.playwright.dev/dbazure/download/playwright/builds/chromium/1194/chromium-linux.zip
2025-12-03T07:04:24.5791720Z |                                                                                |   0% of 173.9 MiB
2025-12-03T07:04:24.7141243Z |■■■■■■■■                                                                        |  10% of 173.9 MiB
2025-12-03T07:04:24.7920766Z |■■■■■■■■■■■■■■■■                                                                |  20% of 173.9 MiB
2025-12-03T07:04:24.8734147Z |■■■■■■■■■■■■■■■■■■■■■■■■                                                        |  30% of 173.9 MiB
2025-12-03T07:04:24.9376443Z |■■■■■■■■■■■■■■■■■■■■■■■■■■■■■■■■                                                |  40% of 173.9 MiB
2025-12-03T07:04:24.9953970Z |■■■■■■■■■■■■■■■■■■■■■■■■■■■■■■■■■■■■■■■■                                        |  50% of 173.9 MiB
2025-12-03T07:04:25.0524040Z |■■■■■■■■■■■■■■■■■■■■■■■■■■■■■■■■■■■■■■■■■■■■■■■■                                |  60% of 173.9 MiB
2025-12-03T07:04:25.1127041Z |■■■■■■■■■■■■■■■■■■■■■■■■■■■■■■■■■■■■■■■■■■■■■■■■■■■■■■■■                        |  70% of 173.9 MiB
2025-12-03T07:04:25.1749350Z |■■■■■■■■■■■■■■■■■■■■■■■■■■■■■■■■■■■■■■■■■■■■■■■■■■■■■■■■■■■■■■■■                |  80% of 173.9 MiB
2025-12-03T07:04:25.2343666Z |■■■■■■■■■■■■■■■■■■■■■■■■■■■■■■■■■■■■■■■■■■■■■■■■■■■■■■■■■■■■■■■■■■■■■■■■        |  90% of 173.9 MiB
2025-12-03T07:04:25.3046690Z |■■■■■■■■■■■■■■■■■■■■■■■■■■■■■■■■■■■■■■■■■■■■■■■■■■■■■■■■■■■■■■■■■■■■■■■■■■■■■■■■| 100% of 173.9 MiB
2025-12-03T07:04:28.6281556Z Chromium 141.0.7390.37 (playwright build v1194) downloaded to /home/runner/.cache/ms-playwright/chromium-1194
2025-12-03T07:04:28.6285435Z Downloading FFMPEG playwright build v1011 from https://cdn.playwright.dev/dbazure/download/playwright/builds/ffmpeg/1011/ffmpeg-linux.zip
2025-12-03T07:04:28.7786816Z |                                                                                |   0% of 2.3 MiB
2025-12-03T07:04:28.7838108Z |■■■■■■■■                                                                        |  10% of 2.3 MiB
2025-12-03T07:04:28.7854648Z |■■■■■■■■■■■■■■■■                                                                |  20% of 2.3 MiB
2025-12-03T07:04:28.7871708Z |■■■■■■■■■■■■■■■■■■■■■■■■                                                        |  30% of 2.3 MiB
2025-12-03T07:04:28.7885106Z |■■■■■■■■■■■■■■■■■■■■■■■■■■■■■■■■                                                |  40% of 2.3 MiB
2025-12-03T07:04:28.7901397Z |■■■■■■■■■■■■■■■■■■■■■■■■■■■■■■■■■■■■■■■■                                        |  50% of 2.3 MiB
2025-12-03T07:04:28.7915498Z |■■■■■■■■■■■■■■■■■■■■■■■■■■■■■■■■■■■■■■■■■■■■■■■■                                |  60% of 2.3 MiB
2025-12-03T07:04:28.7935373Z |■■■■■■■■■■■■■■■■■■■■■■■■■■■■■■■■■■■■■■■■■■■■■■■■■■■■■■■■                        |  70% of 2.3 MiB
2025-12-03T07:04:28.7949928Z |■■■■■■■■■■■■■■■■■■■■■■■■■■■■■■■■■■■■■■■■■■■■■■■■■■■■■■■■■■■■■■■■                |  80% of 2.3 MiB
2025-12-03T07:04:28.7962703Z |■■■■■■■■■■■■■■■■■■■■■■■■■■■■■■■■■■■■■■■■■■■■■■■■■■■■■■■■■■■■■■■■■■■■■■■■        |  90% of 2.3 MiB
2025-12-03T07:04:28.7974349Z |■■■■■■■■■■■■■■■■■■■■■■■■■■■■■■■■■■■■■■■■■■■■■■■■■■■■■■■■■■■■■■■■■■■■■■■■■■■■■■■■| 100% of 2.3 MiB
2025-12-03T07:04:28.8524199Z FFMPEG playwright build v1011 downloaded to /home/runner/.cache/ms-playwright/ffmpeg-1011
2025-12-03T07:04:28.8527889Z Downloading Chromium Headless Shell 141.0.7390.37 (playwright build v1194) from https://cdn.playwright.dev/dbazure/download/playwright/builds/chromium/1194/chromium-headless-shell-linux.zip
2025-12-03T07:04:28.9914657Z |                                                                                |   0% of 104.3 MiB
2025-12-03T07:04:29.0712902Z |■■■■■■■■                                                                        |  10% of 104.3 MiB
2025-12-03T07:04:29.1296950Z |■■■■■■■■■■■■■■■■                                                                |  20% of 104.3 MiB
2025-12-03T07:04:29.1825645Z |■■■■■■■■■■■■■■■■■■■■■■■■                                                        |  30% of 104.3 MiB
2025-12-03T07:04:29.2305452Z |■■■■■■■■■■■■■■■■■■■■■■■■■■■■■■■■                                                |  40% of 104.3 MiB
2025-12-03T07:04:29.2784216Z |■■■■■■■■■■■■■■■■■■■■■■■■■■■■■■■■■■■■■■■■                                        |  50% of 104.3 MiB
2025-12-03T07:04:29.3180796Z |■■■■■■■■■■■■■■■■■■■■■■■■■■■■■■■■■■■■■■■■■■■■■■■■                                |  60% of 104.3 MiB
2025-12-03T07:04:29.3630219Z |■■■■■■■■■■■■■■■■■■■■■■■■■■■■■■■■■■■■■■■■■■■■■■■■■■■■■■■■                        |  70% of 104.3 MiB
2025-12-03T07:04:29.4001119Z |■■■■■■■■■■■■■■■■■■■■■■■■■■■■■■■■■■■■■■■■■■■■■■■■■■■■■■■■■■■■■■■■                |  80% of 104.3 MiB
2025-12-03T07:04:29.4412829Z |■■■■■■■■■■■■■■■■■■■■■■■■■■■■■■■■■■■■■■■■■■■■■■■■■■■■■■■■■■■■■■■■■■■■■■■■        |  90% of 104.3 MiB
2025-12-03T07:04:29.4767919Z |■■■■■■■■■■■■■■■■■■■■■■■■■■■■■■■■■■■■■■■■■■■■■■■■■■■■■■■■■■■■■■■■■■■■■■■■■■■■■■■■| 100% of 104.3 MiB
2025-12-03T07:04:31.1977718Z Chromium Headless Shell 141.0.7390.37 (playwright build v1194) downloaded to /home/runner/.cache/ms-playwright/chromium_headless_shell-1194
2025-12-03T07:04:31.8414606Z Installing dependencies...
2025-12-03T07:04:31.8524622Z Switching to root user to install dependencies...
2025-12-03T07:04:31.9732329Z Get:1 file:/etc/apt/apt-mirrors.txt Mirrorlist [144 B]
2025-12-03T07:04:32.0080799Z Get:6 https://packages.microsoft.com/repos/azure-cli noble InRelease [3564 B]
2025-12-03T07:04:32.0281302Z Get:7 https://packages.microsoft.com/ubuntu/24.04/prod noble InRelease [3600 B]
2025-12-03T07:04:32.0327061Z Hit:2 http://azure.archive.ubuntu.com/ubuntu noble InRelease
2025-12-03T07:04:32.0359615Z Get:3 http://azure.archive.ubuntu.com/ubuntu noble-updates InRelease [126 kB]
2025-12-03T07:04:32.0451313Z Get:4 http://azure.archive.ubuntu.com/ubuntu noble-backports InRelease [126 kB]
2025-12-03T07:04:32.0536210Z Get:5 http://azure.archive.ubuntu.com/ubuntu noble-security InRelease [126 kB]
2025-12-03T07:04:32.1344966Z Get:8 https://packages.microsoft.com/repos/azure-cli noble/main amd64 Packages [1822 B]
2025-12-03T07:04:32.1802313Z Get:9 https://packages.microsoft.com/ubuntu/24.04/prod noble/main arm64 Packages [55.1 kB]
2025-12-03T07:04:32.1859755Z Get:10 https://packages.microsoft.com/ubuntu/24.04/prod noble/main armhf Packages [11.2 kB]
2025-12-03T07:04:32.1904041Z Get:11 https://packages.microsoft.com/ubuntu/24.04/prod noble/main amd64 Packages [73.4 kB]
2025-12-03T07:04:32.3030906Z Get:12 http://azure.archive.ubuntu.com/ubuntu noble-updates/main amd64 Packages [1625 kB]
2025-12-03T07:04:32.3156522Z Get:13 http://azure.archive.ubuntu.com/ubuntu noble-updates/main Translation-en [304 kB]
2025-12-03T07:04:32.3189639Z Get:14 http://azure.archive.ubuntu.com/ubuntu noble-updates/main amd64 Components [175 kB]
2025-12-03T07:04:32.3217632Z Get:15 http://azure.archive.ubuntu.com/ubuntu noble-updates/main amd64 c-n-f Metadata [15.7 kB]
2025-12-03T07:04:32.3232620Z Get:16 http://azure.archive.ubuntu.com/ubuntu noble-updates/universe amd64 Packages [1500 kB]
2025-12-03T07:04:32.3315557Z Get:17 http://azure.archive.ubuntu.com/ubuntu noble-updates/universe Translation-en [304 kB]
2025-12-03T07:04:32.3351307Z Get:18 http://azure.archive.ubuntu.com/ubuntu noble-updates/universe amd64 Components [378 kB]
2025-12-03T07:04:32.3383594Z Get:19 http://azure.archive.ubuntu.com/ubuntu noble-updates/universe amd64 c-n-f Metadata [31.4 kB]
2025-12-03T07:04:32.3401094Z Get:20 http://azure.archive.ubuntu.com/ubuntu noble-updates/restricted amd64 Packages [2307 kB]
2025-12-03T07:04:32.3541001Z Get:21 http://azure.archive.ubuntu.com/ubuntu noble-updates/restricted Translation-en [526 kB]
2025-12-03T07:04:32.4017261Z Get:22 http://azure.archive.ubuntu.com/ubuntu noble-updates/restricted amd64 Components [212 B]
2025-12-03T07:04:32.4032069Z Get:23 http://azure.archive.ubuntu.com/ubuntu noble-updates/multiverse Translation-en [5808 B]
2025-12-03T07:04:32.4055653Z Get:24 http://azure.archive.ubuntu.com/ubuntu noble-updates/multiverse amd64 Components [940 B]
2025-12-03T07:04:32.4071824Z Get:25 http://azure.archive.ubuntu.com/ubuntu noble-backports/main amd64 Components [7148 B]
2025-12-03T07:04:32.4093596Z Get:26 http://azure.archive.ubuntu.com/ubuntu noble-backports/universe amd64 Packages [29.2 kB]
2025-12-03T07:04:32.4111607Z Get:27 http://azure.archive.ubuntu.com/ubuntu noble-backports/universe Translation-en [17.6 kB]
2025-12-03T07:04:32.4126470Z Get:28 http://azure.archive.ubuntu.com/ubuntu noble-backports/universe amd64 Components [11.0 kB]
2025-12-03T07:04:32.4142534Z Get:29 http://azure.archive.ubuntu.com/ubuntu noble-backports/restricted amd64 Components [212 B]
2025-12-03T07:04:32.4161621Z Get:30 http://azure.archive.ubuntu.com/ubuntu noble-backports/multiverse amd64 Components [212 B]
2025-12-03T07:04:32.4292912Z Get:31 http://azure.archive.ubuntu.com/ubuntu noble-security/main amd64 Packages [1340 kB]
2025-12-03T07:04:32.4379592Z Get:32 http://azure.archive.ubuntu.com/ubuntu noble-security/main Translation-en [219 kB]
2025-12-03T07:04:32.4405113Z Get:33 http://azure.archive.ubuntu.com/ubuntu noble-security/main amd64 Components [21.5 kB]
2025-12-03T07:04:32.4421914Z Get:34 http://azure.archive.ubuntu.com/ubuntu noble-security/main amd64 c-n-f Metadata [9448 B]
2025-12-03T07:04:32.4437165Z Get:35 http://azure.archive.ubuntu.com/ubuntu noble-security/universe amd64 Packages [915 kB]
2025-12-03T07:04:32.4979740Z Get:36 http://azure.archive.ubuntu.com/ubuntu noble-security/universe Translation-en [206 kB]
2025-12-03T07:04:32.5008237Z Get:37 http://azure.archive.ubuntu.com/ubuntu noble-security/universe amd64 Components [71.5 kB]
2025-12-03T07:04:32.5025692Z Get:38 http://azure.archive.ubuntu.com/ubuntu noble-security/universe amd64 c-n-f Metadata [19.4 kB]
2025-12-03T07:04:32.5043815Z Get:39 http://azure.archive.ubuntu.com/ubuntu noble-security/restricted amd64 Packages [2194 kB]
2025-12-03T07:04:32.5159295Z Get:40 http://azure.archive.ubuntu.com/ubuntu noble-security/restricted Translation-en [501 kB]
2025-12-03T07:04:32.5196491Z Get:41 http://azure.archive.ubuntu.com/ubuntu noble-security/restricted amd64 Components [208 B]
2025-12-03T07:04:32.5214159Z Get:42 http://azure.archive.ubuntu.com/ubuntu noble-security/multiverse Translation-en [5956 B]
2025-12-03T07:04:32.5230054Z Get:43 http://azure.archive.ubuntu.com/ubuntu noble-security/multiverse amd64 Components [208 B]
2025-12-03T07:04:43.8386476Z Fetched 13.3 MB in 2s (7976 kB/s)
2025-12-03T07:04:44.6496555Z Reading package lists...
2025-12-03T07:04:44.6755488Z Reading package lists...
2025-12-03T07:04:44.8508851Z Building dependency tree...
2025-12-03T07:04:44.8516068Z Reading state information...
2025-12-03T07:04:44.8665463Z libasound2t64 is already the newest version (1.2.11-1ubuntu0.1).
2025-12-03T07:04:44.8666030Z libasound2t64 set to manually installed.
2025-12-03T07:04:44.8666705Z libatk-bridge2.0-0t64 is already the newest version (2.52.0-1build1).
2025-12-03T07:04:44.8667863Z libatk-bridge2.0-0t64 set to manually installed.
2025-12-03T07:04:44.8668604Z libatk1.0-0t64 is already the newest version (2.52.0-1build1).
2025-12-03T07:04:44.8669274Z libatk1.0-0t64 set to manually installed.
2025-12-03T07:04:44.8669949Z libatspi2.0-0t64 is already the newest version (2.52.0-1build1).
2025-12-03T07:04:44.8670650Z libatspi2.0-0t64 set to manually installed.
2025-12-03T07:04:44.8671301Z libcairo2 is already the newest version (1.18.0-3build1).
2025-12-03T07:04:44.8671923Z libcairo2 set to manually installed.
2025-12-03T07:04:44.8672562Z libdbus-1-3 is already the newest version (1.14.10-4ubuntu4.1).
2025-12-03T07:04:44.8673226Z libdbus-1-3 set to manually installed.
2025-12-03T07:04:44.8673858Z libgbm1 is already the newest version (25.0.7-0ubuntu0.24.04.2).
2025-12-03T07:04:44.8674514Z libgbm1 set to manually installed.
2025-12-03T07:04:44.8675142Z libglib2.0-0t64 is already the newest version (2.80.0-6ubuntu3.4).
2025-12-03T07:04:44.8675647Z libglib2.0-0t64 set to manually installed.
2025-12-03T07:04:44.8675968Z libnspr4 is already the newest version (2:4.35-1.1build1).
2025-12-03T07:04:44.8676604Z libnspr4 set to manually installed.
2025-12-03T07:04:44.8677017Z libnss3 is already the newest version (2:3.98-1build1).
2025-12-03T07:04:44.8677317Z libnss3 set to manually installed.
2025-12-03T07:04:44.8678069Z libpango-1.0-0 is already the newest version (1.52.1+ds-1build1).
2025-12-03T07:04:44.8678405Z libpango-1.0-0 set to manually installed.
2025-12-03T07:04:44.8678710Z libx11-6 is already the newest version (2:1.8.7-1build1).
2025-12-03T07:04:44.8679006Z libx11-6 set to manually installed.
2025-12-03T07:04:44.8679283Z libxcb1 is already the newest version (1.15-1ubuntu2).
2025-12-03T07:04:44.8679577Z libxcb1 set to manually installed.
2025-12-03T07:04:44.8679891Z libxcomposite1 is already the newest version (1:0.4.5-1build3).
2025-12-03T07:04:44.8680235Z libxcomposite1 set to manually installed.
2025-12-03T07:04:44.8680553Z libxdamage1 is already the newest version (1:1.1.6-1build1).
2025-12-03T07:04:44.8680877Z libxdamage1 set to manually installed.
2025-12-03T07:04:44.8681181Z libxext6 is already the newest version (2:1.3.4-1build2).
2025-12-03T07:04:44.8681485Z libxext6 set to manually installed.
2025-12-03T07:04:44.8681784Z libxfixes3 is already the newest version (1:6.0.0-2build1).
2025-12-03T07:04:44.8682094Z libxfixes3 set to manually installed.
2025-12-03T07:04:44.8682404Z libxkbcommon0 is already the newest version (1.6.0-1build1).
2025-12-03T07:04:44.8682732Z libxkbcommon0 set to manually installed.
2025-12-03T07:04:44.8683042Z libxrandr2 is already the newest version (2:1.5.2-2build1).
2025-12-03T07:04:44.8683356Z libxrandr2 set to manually installed.
2025-12-03T07:04:44.8683689Z libcairo-gobject2 is already the newest version (1.18.0-3build1).
2025-12-03T07:04:44.8684042Z libcairo-gobject2 set to manually installed.
2025-12-03T07:04:44.8684389Z libfontconfig1 is already the newest version (2.15.0-1.1ubuntu2).
2025-12-03T07:04:44.8684735Z libfontconfig1 set to manually installed.
2025-12-03T07:04:44.8685068Z libfreetype6 is already the newest version (2.13.2+dfsg-1build3).
2025-12-03T07:04:44.8685418Z libfreetype6 set to manually installed.
2025-12-03T07:04:44.8685791Z libgdk-pixbuf-2.0-0 is already the newest version (2.42.10+dfsg-3ubuntu3.2).
2025-12-03T07:04:44.8686172Z libgdk-pixbuf-2.0-0 set to manually installed.
2025-12-03T07:04:44.8686503Z libgtk-3-0t64 is already the newest version (3.24.41-4ubuntu1.3).
2025-12-03T07:04:44.8686816Z libgtk-3-0t64 set to manually installed.
2025-12-03T07:04:44.8687145Z libpangocairo-1.0-0 is already the newest version (1.52.1+ds-1build1).
2025-12-03T07:04:44.8687673Z libpangocairo-1.0-0 set to manually installed.
2025-12-03T07:04:44.8687984Z libx11-xcb1 is already the newest version (2:1.8.7-1build1).
2025-12-03T07:04:44.8688280Z libx11-xcb1 set to manually installed.
2025-12-03T07:04:44.8688560Z libxcb-shm0 is already the newest version (1.15-1ubuntu2).
2025-12-03T07:04:44.8688851Z libxcb-shm0 set to manually installed.
2025-12-03T07:04:44.8689139Z libxcursor1 is already the newest version (1:1.2.1-1build1).
2025-12-03T07:04:44.8689431Z libxcursor1 set to manually installed.
2025-12-03T07:04:44.8689708Z libxi6 is already the newest version (2:1.8.1-1build1).
2025-12-03T07:04:44.8689985Z libxi6 set to manually installed.
2025-12-03T07:04:44.8690267Z libxrender1 is already the newest version (1:0.9.10-1.1build1).
2025-12-03T07:04:44.8690570Z libxrender1 set to manually installed.
2025-12-03T07:04:44.8690843Z libicu74 is already the newest version (74.2-1ubuntu3.1).
2025-12-03T07:04:44.8691206Z libatomic1 is already the newest version (14.2.0-4ubuntu2~24.04).
2025-12-03T07:04:44.8691530Z libatomic1 set to manually installed.
2025-12-03T07:04:44.8691909Z libenchant-2-2 is already the newest version (2.3.3-2build2).
2025-12-03T07:04:44.8692213Z libenchant-2-2 set to manually installed.
2025-12-03T07:04:44.8692506Z libepoxy0 is already the newest version (1.5.10-1build1).
2025-12-03T07:04:44.8692794Z libepoxy0 set to manually installed.
2025-12-03T07:04:44.8693096Z libgstreamer1.0-0 is already the newest version (1.24.2-1ubuntu0.1).
2025-12-03T07:04:44.8693575Z libgstreamer1.0-0 set to manually installed.
2025-12-03T07:04:44.8693983Z libharfbuzz0b is already the newest version (8.3.0-2build2).
2025-12-03T07:04:44.8694288Z libharfbuzz0b set to manually installed.
2025-12-03T07:04:44.8694597Z libjpeg-turbo8 is already the newest version (2.1.5-2ubuntu2).
2025-12-03T07:04:44.8694905Z libjpeg-turbo8 set to manually installed.
2025-12-03T07:04:44.8695195Z liblcms2-2 is already the newest version (2.14-2build1).
2025-12-03T07:04:44.8695487Z liblcms2-2 set to manually installed.
2025-12-03T07:04:44.8695775Z libpng16-16t64 is already the newest version (1.6.43-5build1).
2025-12-03T07:04:44.8696081Z libpng16-16t64 set to manually installed.
2025-12-03T07:04:44.8696409Z libwayland-client0 is already the newest version (1.22.0-2.1build1).
2025-12-03T07:04:44.8696757Z libwayland-client0 set to manually installed.
2025-12-03T07:04:45.0234588Z libwayland-egl1 is already the newest version (1.22.0-2.1build1).
2025-12-03T07:04:45.0235394Z libwayland-egl1 set to manually installed.
2025-12-03T07:04:45.0236218Z libwayland-server0 is already the newest version (1.22.0-2.1build1).
2025-12-03T07:04:45.0236997Z libwayland-server0 set to manually installed.
2025-12-03T07:04:45.0238159Z libwebp7 is already the newest version (1.3.2-0.4build3).
2025-12-03T07:04:45.0238640Z libwebp7 set to manually installed.
2025-12-03T07:04:45.0239119Z libwebpdemux2 is already the newest version (1.3.2-0.4build3).
2025-12-03T07:04:45.0239677Z libwebpdemux2 set to manually installed.
2025-12-03T07:04:45.0240209Z libxml2 is already the newest version (2.9.14+dfsg-1.3ubuntu3.6).
2025-12-03T07:04:45.0240743Z libxml2 set to manually installed.
2025-12-03T07:04:45.0241299Z libxslt1.1 is already the newest version (1.1.39-0exp1ubuntu0.24.04.2).
2025-12-03T07:04:45.0241876Z libxslt1.1 set to manually installed.
2025-12-03T07:04:45.0242365Z xvfb is already the newest version (2:21.1.12-1ubuntu1.5).
2025-12-03T07:04:45.0243049Z fonts-noto-color-emoji is already the newest version (2.047-0ubuntu0.24.04.1).
2025-12-03T07:04:45.0243802Z fonts-liberation is already the newest version (1:2.1.5-3).
2025-12-03T07:04:45.0244187Z fonts-liberation set to manually installed.
2025-12-03T07:04:45.0244673Z The following additional packages will be installed:
2025-12-03T07:04:45.0245311Z   glib-networking glib-networking-common glib-networking-services
2025-12-03T07:04:45.0245815Z   gsettings-desktop-schemas libaa1 libabsl20220623t64 libass9 libasyncns0
2025-12-03T07:04:45.0246337Z   libavc1394-0 libavcodec60 libavfilter9 libavformat60 libavtp0 libavutil58
2025-12-03T07:04:45.0246849Z   libblas3 libbluray2 libbs2b0 libcaca0 libcairo-script-interpreter2
2025-12-03T07:04:45.0247331Z   libcdparanoia0 libchromaprint1 libcjson1 libcodec2-1.2 libdav1d7
2025-12-03T07:04:45.0248084Z   libdc1394-25 libdca0 libdecor-0-0 libdirectfb-1.7-7t64 libdrm-amdgpu1
2025-12-03T07:04:45.0248603Z   libdrm-common libdrm-intel1 libdv4t64 libdvdnav4 libdvdread8t64 libegl-mesa0
2025-12-03T07:04:45.0249105Z   libegl1 libfaad2 libflac12t64 libfluidsynth3 libfreeaptx0 libgav1-1 libgme0
2025-12-03T07:04:45.0249708Z   libgraphene-1.0-0 libgsm1 libgssdp-1.6-0 libgstreamer-plugins-good1.0-0
2025-12-03T07:04:45.0250283Z   libgtk-4-common libgupnp-1.6-0 libgupnp-igd-1.6-0 libhwy1t64 libiec61883-0
2025-12-03T07:04:45.0250742Z   libimath-3-1-29t64 libinstpatch-1.0-2 libjack-jackd2-0 libjxl0.7 liblapack3
2025-12-03T07:04:45.0251187Z   liblc3-1 libldacbt-enc2 liblilv-0-0 liblrdf0 libltc11 libmbedcrypto7t64
2025-12-03T07:04:45.0251620Z   libmfx1 libmjpegutils-2.1-0t64 libmodplug1 libmp3lame0 libmpcdec6
2025-12-03T07:04:45.0252034Z   libmpeg2encpp-2.1-0t64 libmpg123-0t64 libmplex2-2.1-0t64 libmysofa1
2025-12-03T07:04:45.0252441Z   libneon27t64 libnice10 libopenal-data libopenal1 libopenexr-3-1-30
2025-12-03T07:04:45.0252819Z   libopenh264-7 libopenmpt0t64 libopenni2-0 liborc-0.4-0t64
2025-12-03T07:04:45.0253194Z   libpipewire-0.3-0t64 libplacebo338 libpocketsphinx3 libpostproc57
2025-12-03T07:04:45.0253609Z   libproxy1v5 libpulse0 libqrencode4 libraptor2-0 librav1e0 libraw1394-11
2025-12-03T07:04:45.0254472Z   librist4 librsvg2-2 librubberband2 libsamplerate0 libsbc1 libsdl2-2.0-0
2025-12-03T07:04:45.0254915Z   libsecret-common libserd-0-0 libshine3 libshout3 libsndfile1 libsndio7.0
2025-12-03T07:04:45.0255345Z   libsord-0-0 libsoundtouch1 libsoup-3.0-0 libsoup-3.0-common libsoxr0
2025-12-03T07:04:45.0255776Z   libspa-0.2-modules libspandsp2t64 libspeex1 libsphinxbase3t64 libsratom-0-0
2025-12-03T07:04:45.0256232Z   libsrt1.5-gnutls libsrtp2-1 libssh-4 libssh-gcrypt-4 libsvtav1enc1d1
2025-12-03T07:04:45.0256644Z   libswresample4 libswscale7 libtag1v5 libtag1v5-vanilla libtheora0
2025-12-03T07:04:45.0257043Z   libtwolame0 libudfread0 libunibreak5 libv4l-0t64 libv4lconvert0t64
2025-12-03T07:04:45.0257625Z   libva-drm2 libva-x11-2 libva2 libvdpau1 libvidstab1.1 libvisual-0.4-0
2025-12-03T07:04:45.0258057Z   libvo-aacenc0 libvo-amrwbenc0 libvorbisenc2 libvpl2 libwavpack1
2025-12-03T07:04:45.0258469Z   libwebrtc-audio-processing1 libwildmidi2 libx265-199 libxcb-xkb1
2025-12-03T07:04:45.0258901Z   libxkbcommon-x11-0 libxvidcore4 libyuv0 libzbar0t64 libzimg2 libzix-0-0
2025-12-03T07:04:45.0259350Z   libzvbi-common libzvbi0t64 libzxing3 ocl-icd-libopencl1 session-migration
2025-12-03T07:04:45.0259742Z   timgm6mb-soundfont xfonts-encodings xfonts-utils
2025-12-03T07:04:45.0260024Z Suggested packages:
2025-12-03T07:04:45.0260316Z   frei0r-plugins gvfs libcuda1 libnvcuvid1 libnvidia-encode1 libbluray-bdj
2025-12-03T07:04:45.0260735Z   cups-common libdirectfb-extra libdv-bin oss-compat libdvdcss2
2025-12-03T07:04:45.0261162Z   libvisual-0.4-plugins jackd2 liblrdf0-dev libportaudio2 opus-tools pipewire
2025-12-03T07:04:45.0261609Z   pulseaudio raptor2-utils libraw1394-doc librsvg2-bin serdi sndiod sordi
2025-12-03T07:04:45.0262004Z   speex libwildmidi-config opencl-icd fluid-soundfont-gm
2025-12-03T07:04:45.0262287Z Recommended packages:
2025-12-03T07:04:45.0262555Z   fonts-ipafont-mincho fonts-tlwg-loma gstreamer1.0-x libaacs0
2025-12-03T07:04:45.0262960Z   default-libdecor-0-plugin-1 | libdecor-0-plugin-1 gstreamer1.0-gl
2025-12-03T07:04:45.0263414Z   libgtk-4-bin librsvg2-common libgtk-4-media-gstreamer libpipewire-0.3-common
2025-12-03T07:04:45.0263890Z   pocketsphinx-en-us va-driver-all | va-driver vdpau-driver-all | vdpau-driver
2025-12-03T07:04:45.0264247Z   libmagickcore-6.q16-7-extra
2025-12-03T07:04:45.1259043Z The following NEW packages will be installed:
2025-12-03T07:04:45.1260050Z   fonts-freefont-ttf fonts-ipafont-gothic fonts-tlwg-loma-otf fonts-unifont
2025-12-03T07:04:45.1260850Z   fonts-wqy-zenhei glib-networking glib-networking-common
2025-12-03T07:04:45.1261867Z   glib-networking-services gsettings-desktop-schemas gstreamer1.0-libav
2025-12-03T07:04:45.1263116Z   gstreamer1.0-plugins-bad gstreamer1.0-plugins-base gstreamer1.0-plugins-good
2025-12-03T07:04:45.1263846Z   libaa1 libabsl20220623t64 libass9 libasyncns0 libavc1394-0 libavcodec60
2025-12-03T07:04:45.1264506Z   libavfilter9 libavformat60 libavif16 libavtp0 libavutil58 libblas3
2025-12-03T07:04:45.1265338Z   libbluray2 libbs2b0 libcaca0 libcairo-script-interpreter2 libcdparanoia0
2025-12-03T07:04:45.1266373Z   libchromaprint1 libcjson1 libcodec2-1.2 libdav1d7 libdc1394-25 libdca0
2025-12-03T07:04:45.1267033Z   libdecor-0-0 libdirectfb-1.7-7t64 libdv4t64 libdvdnav4 libdvdread8t64
2025-12-03T07:04:45.1267927Z   libegl-mesa0 libegl1 libevent-2.1-7t64 libfaad2 libflac12t64 libflite1
2025-12-03T07:04:45.1268601Z   libfluidsynth3 libfreeaptx0 libgav1-1 libgles2 libgme0 libgraphene-1.0-0
2025-12-03T07:04:45.1269322Z   libgsm1 libgssdp-1.6-0 libgstreamer-gl1.0-0 libgstreamer-plugins-bad1.0-0
2025-12-03T07:04:45.1270345Z   libgstreamer-plugins-base1.0-0 libgstreamer-plugins-good1.0-0 libgtk-4-1
2025-12-03T07:04:45.1270887Z   libgtk-4-common libgupnp-1.6-0 libgupnp-igd-1.6-0 libharfbuzz-icu0
2025-12-03T07:04:45.1271376Z   libhwy1t64 libhyphen0 libiec61883-0 libimath-3-1-29t64 libinstpatch-1.0-2
2025-12-03T07:04:45.1271883Z   libjack-jackd2-0 libjxl0.7 liblapack3 liblc3-1 libldacbt-enc2 liblilv-0-0
2025-12-03T07:04:45.1272696Z   liblrdf0 libltc11 libmanette-0.2-0 libmbedcrypto7t64 libmfx1
2025-12-03T07:04:45.1273249Z   libmjpegutils-2.1-0t64 libmodplug1 libmp3lame0 libmpcdec6
2025-12-03T07:04:45.1273687Z   libmpeg2encpp-2.1-0t64 libmpg123-0t64 libmplex2-2.1-0t64 libmysofa1
2025-12-03T07:04:45.1274153Z   libneon27t64 libnice10 libopenal-data libopenal1 libopenexr-3-1-30
2025-12-03T07:04:45.1274618Z   libopenh264-7 libopenmpt0t64 libopenni2-0 libopus0 liborc-0.4-0t64
2025-12-03T07:04:45.1275107Z   libpipewire-0.3-0t64 libplacebo338 libpocketsphinx3 libpostproc57
2025-12-03T07:04:45.1275894Z   libproxy1v5 libpulse0 libqrencode4 libraptor2-0 librav1e0 libraw1394-11
2025-12-03T07:04:45.1276417Z   librist4 librsvg2-2 librubberband2 libsamplerate0 libsbc1 libsdl2-2.0-0
2025-12-03T07:04:45.1276927Z   libsecret-1-0 libsecret-common libserd-0-0 libshine3 libshout3 libsndfile1
2025-12-03T07:04:45.1277574Z   libsndio7.0 libsord-0-0 libsoundtouch1 libsoup-3.0-0 libsoup-3.0-common
2025-12-03T07:04:45.1278071Z   libsoxr0 libspa-0.2-modules libspandsp2t64 libspeex1 libsphinxbase3t64
2025-12-03T07:04:45.1278570Z   libsratom-0-0 libsrt1.5-gnutls libsrtp2-1 libssh-gcrypt-4 libsvtav1enc1d1
2025-12-03T07:04:45.1279063Z   libswresample4 libswscale7 libtag1v5 libtag1v5-vanilla libtheora0
2025-12-03T07:04:45.1279531Z   libtwolame0 libudfread0 libunibreak5 libv4l-0t64 libv4lconvert0t64
2025-12-03T07:04:45.1279994Z   libva-drm2 libva-x11-2 libva2 libvdpau1 libvidstab1.1 libvisual-0.4-0
2025-12-03T07:04:45.1280503Z   libvo-aacenc0 libvo-amrwbenc0 libvorbisenc2 libvpl2 libvpx9 libwavpack1
2025-12-03T07:04:45.1281253Z   libwebrtc-audio-processing1 libwildmidi2 libwoff1 libx264-164 libx265-199
2025-12-03T07:04:45.1281732Z   libxcb-xkb1 libxkbcommon-x11-0 libxvidcore4 libyuv0 libzbar0t64 libzimg2
2025-12-03T07:04:45.1282169Z   libzix-0-0 libzvbi-common libzvbi0t64 libzxing3 ocl-icd-libopencl1
2025-12-03T07:04:45.1282602Z   session-migration timgm6mb-soundfont xfonts-cyrillic xfonts-encodings
2025-12-03T07:04:45.1282954Z   xfonts-scalable xfonts-utils
2025-12-03T07:04:45.1283209Z The following packages will be upgraded:
2025-12-03T07:04:45.1283569Z   libcups2t64 libdrm-amdgpu1 libdrm-common libdrm-intel1 libdrm2 libssh-4
2025-12-03T07:04:45.1506632Z 6 upgraded, 179 newly installed, 0 to remove and 62 not upgraded.
2025-12-03T07:04:45.1507228Z Need to get 115 MB of archives.
2025-12-03T07:04:45.1507856Z After this operation, 363 MB of additional disk space will be used.
2025-12-03T07:04:45.1508223Z Get:1 file:/etc/apt/apt-mirrors.txt Mirrorlist [144 B]
2025-12-03T07:04:45.1841186Z Get:2 http://azure.archive.ubuntu.com/ubuntu noble/universe amd64 fonts-ipafont-gothic all 00303-21ubuntu1 [3513 kB]
2025-12-03T07:04:45.2800436Z Get:3 http://azure.archive.ubuntu.com/ubuntu noble-updates/main amd64 libdrm-common all 2.4.122-1~ubuntu0.24.04.2 [8464 B]
2025-12-03T07:04:45.2878036Z Get:4 http://azure.archive.ubuntu.com/ubuntu noble-updates/main amd64 libdrm2 amd64 2.4.122-1~ubuntu0.24.04.2 [40.6 kB]
2025-12-03T07:04:45.2991163Z Get:5 http://azure.archive.ubuntu.com/ubuntu noble/main amd64 fonts-freefont-ttf all 20211204+svn4273-2 [5641 kB]
2025-12-03T07:04:45.3693224Z Get:6 http://azure.archive.ubuntu.com/ubuntu noble/universe amd64 fonts-tlwg-loma-otf all 1:0.7.3-1 [107 kB]
2025-12-03T07:04:45.3785141Z Get:7 http://azure.archive.ubuntu.com/ubuntu noble/universe amd64 fonts-unifont all 1:15.1.01-1build1 [2993 kB]
2025-12-03T07:04:45.4387814Z Get:8 http://azure.archive.ubuntu.com/ubuntu noble/universe amd64 fonts-wqy-zenhei all 0.9.45-8 [7472 kB]
2025-12-03T07:04:45.5332515Z Get:9 http://azure.archive.ubuntu.com/ubuntu noble/main amd64 libproxy1v5 amd64 0.5.4-4build1 [26.5 kB]
2025-12-03T07:04:45.5542307Z Get:10 http://azure.archive.ubuntu.com/ubuntu noble/main amd64 glib-networking-common all 2.80.0-1build1 [6702 B]
2025-12-03T07:04:45.5621670Z Get:11 http://azure.archive.ubuntu.com/ubuntu noble/main amd64 glib-networking-services amd64 2.80.0-1build1 [12.8 kB]
2025-12-03T07:04:45.5703350Z Get:12 http://azure.archive.ubuntu.com/ubuntu noble/main amd64 session-migration amd64 0.3.9build1 [9034 B]
2025-12-03T07:04:45.5783031Z Get:13 http://azure.archive.ubuntu.com/ubuntu noble-updates/main amd64 gsettings-desktop-schemas all 46.1-0ubuntu1 [35.6 kB]
2025-12-03T07:04:45.5871191Z Get:14 http://azure.archive.ubuntu.com/ubuntu noble/main amd64 glib-networking amd64 2.80.0-1build1 [64.1 kB]
2025-12-03T07:04:45.5970643Z Get:15 http://azure.archive.ubuntu.com/ubuntu noble/universe amd64 libva2 amd64 2.20.0-2build1 [66.2 kB]
2025-12-03T07:04:45.6068279Z Get:16 http://azure.archive.ubuntu.com/ubuntu noble/universe amd64 libva-drm2 amd64 2.20.0-2build1 [7124 B]
2025-12-03T07:04:45.6160889Z Get:17 http://azure.archive.ubuntu.com/ubuntu noble/universe amd64 libva-x11-2 amd64 2.20.0-2build1 [12.0 kB]
2025-12-03T07:04:45.6239509Z Get:18 http://azure.archive.ubuntu.com/ubuntu noble/main amd64 libvdpau1 amd64 1.5-2build1 [27.8 kB]
2025-12-03T07:04:45.6332381Z Get:19 http://azure.archive.ubuntu.com/ubuntu noble-updates/main amd64 libdrm-intel1 amd64 2.4.122-1~ubuntu0.24.04.2 [63.8 kB]
2025-12-03T07:04:45.6920448Z Get:20 http://azure.archive.ubuntu.com/ubuntu noble/universe amd64 libvpl2 amd64 2023.3.0-1build1 [99.8 kB]
2025-12-03T07:04:45.7039742Z Get:21 http://azure.archive.ubuntu.com/ubuntu noble/universe amd64 ocl-icd-libopencl1 amd64 2.3.2-1build1 [38.5 kB]
2025-12-03T07:04:45.7173176Z Get:22 http://azure.archive.ubuntu.com/ubuntu noble/universe amd64 libavutil58 amd64 7:6.1.1-3ubuntu5 [401 kB]
2025-12-03T07:04:45.7381206Z Get:23 http://azure.archive.ubuntu.com/ubuntu noble/universe amd64 libcodec2-1.2 amd64 1.2.0-2build1 [8998 kB]
2025-12-03T07:04:45.9612880Z Get:24 http://azure.archive.ubuntu.com/ubuntu noble/universe amd64 libdav1d7 amd64 1.4.1-1build1 [604 kB]
2025-12-03T07:04:45.9808911Z Get:25 http://azure.archive.ubuntu.com/ubuntu noble/universe amd64 libgsm1 amd64 1.0.22-1build1 [27.8 kB]
2025-12-03T07:04:45.9901281Z Get:26 http://azure.archive.ubuntu.com/ubuntu noble/universe amd64 libhwy1t64 amd64 1.0.7-8.1build1 [584 kB]
2025-12-03T07:04:46.0054948Z Get:27 http://azure.archive.ubuntu.com/ubuntu noble-updates/universe amd64 libjxl0.7 amd64 0.7.0-10.2ubuntu6.1 [1001 kB]
2025-12-03T07:04:46.0243597Z Get:28 http://azure.archive.ubuntu.com/ubuntu noble/main amd64 libmp3lame0 amd64 3.100-6build1 [142 kB]
2025-12-03T07:04:46.0332316Z Get:29 http://azure.archive.ubuntu.com/ubuntu noble/main amd64 libopus0 amd64 1.4-1build1 [208 kB]
2025-12-03T07:04:46.0442183Z Get:30 http://azure.archive.ubuntu.com/ubuntu noble/universe amd64 librav1e0 amd64 0.7.1-2 [1022 kB]
2025-12-03T07:04:46.0604123Z Get:31 http://azure.archive.ubuntu.com/ubuntu noble/main amd64 librsvg2-2 amd64 2.58.0+dfsg-1build1 [2135 kB]
2025-12-03T07:04:46.0867260Z Get:32 http://azure.archive.ubuntu.com/ubuntu noble/universe amd64 libshine3 amd64 3.1.1-2build1 [23.2 kB]
2025-12-03T07:04:46.0953577Z Get:33 http://azure.archive.ubuntu.com/ubuntu noble-updates/main amd64 libspeex1 amd64 1.2.1-2ubuntu2.24.04.1 [59.6 kB]
2025-12-03T07:04:46.1043539Z Get:34 http://azure.archive.ubuntu.com/ubuntu noble/universe amd64 libsvtav1enc1d1 amd64 1.7.0+dfsg-2build1 [2425 kB]
2025-12-03T07:04:46.1329675Z Get:35 http://azure.archive.ubuntu.com/ubuntu noble/universe amd64 libsoxr0 amd64 0.1.3-4build3 [80.0 kB]
2025-12-03T07:04:46.1439711Z Get:36 http://azure.archive.ubuntu.com/ubuntu noble/universe amd64 libswresample4 amd64 7:6.1.1-3ubuntu5 [63.8 kB]
2025-12-03T07:04:46.1520860Z Get:37 http://azure.archive.ubuntu.com/ubuntu noble/main amd64 libtheora0 amd64 1.1.1+dfsg.1-16.1build3 [211 kB]
2025-12-03T07:04:46.1620485Z Get:38 http://azure.archive.ubuntu.com/ubuntu noble/main amd64 libtwolame0 amd64 0.4.0-2build3 [52.3 kB]
2025-12-03T07:04:46.2160144Z Get:39 http://azure.archive.ubuntu.com/ubuntu noble/main amd64 libvorbisenc2 amd64 1.3.7-1build3 [80.8 kB]
2025-12-03T07:04:46.2246015Z Get:40 http://azure.archive.ubuntu.com/ubuntu noble-updates/main amd64 libvpx9 amd64 1.14.0-1ubuntu2.2 [1143 kB]
2025-12-03T07:04:46.2433949Z Get:41 http://azure.archive.ubuntu.com/ubuntu noble/universe amd64 libx264-164 amd64 2:0.164.3108+git31e19f9-1 [604 kB]
2025-12-03T07:04:46.2567832Z Get:42 http://azure.archive.ubuntu.com/ubuntu noble/universe amd64 libx265-199 amd64 3.5-2build1 [1226 kB]
2025-12-03T07:04:46.2760228Z Get:43 http://azure.archive.ubuntu.com/ubuntu noble/universe amd64 libxvidcore4 amd64 2:1.3.7-1build1 [219 kB]
2025-12-03T07:04:46.2868017Z Get:44 http://azure.archive.ubuntu.com/ubuntu noble/universe amd64 libzvbi-common all 0.2.42-2 [42.4 kB]
2025-12-03T07:04:46.2953815Z Get:45 http://azure.archive.ubuntu.com/ubuntu noble/universe amd64 libzvbi0t64 amd64 0.2.42-2 [261 kB]
2025-12-03T07:04:46.3055998Z Get:46 http://azure.archive.ubuntu.com/ubuntu noble/universe amd64 libavcodec60 amd64 7:6.1.1-3ubuntu5 [5851 kB]
2025-12-03T07:04:46.3658272Z Get:47 http://azure.archive.ubuntu.com/ubuntu noble/universe amd64 libunibreak5 amd64 5.1-2build1 [25.0 kB]
2025-12-03T07:04:46.3738312Z Get:48 http://azure.archive.ubuntu.com/ubuntu noble/universe amd64 libass9 amd64 1:0.17.1-2build1 [104 kB]
2025-12-03T07:04:46.3829498Z Get:49 http://azure.archive.ubuntu.com/ubuntu noble/universe amd64 libudfread0 amd64 1.1.2-1build1 [19.0 kB]
2025-12-03T07:04:46.3915163Z Get:50 http://azure.archive.ubuntu.com/ubuntu noble/universe amd64 libbluray2 amd64 1:1.3.4-1build1 [159 kB]
2025-12-03T07:04:46.4014938Z Get:51 http://azure.archive.ubuntu.com/ubuntu noble/universe amd64 libchromaprint1 amd64 1.5.1-5 [30.5 kB]
2025-12-03T07:04:46.4099654Z Get:52 http://azure.archive.ubuntu.com/ubuntu noble/universe amd64 libgme0 amd64 0.6.3-7build1 [134 kB]
2025-12-03T07:04:46.4190410Z Get:53 http://azure.archive.ubuntu.com/ubuntu noble-updates/main amd64 libmpg123-0t64 amd64 1.32.5-1ubuntu1.1 [169 kB]
2025-12-03T07:04:46.4283894Z Get:54 http://azure.archive.ubuntu.com/ubuntu noble/universe amd64 libopenmpt0t64 amd64 0.7.3-1.1build3 [647 kB]
2025-12-03T07:04:46.4422528Z Get:55 http://azure.archive.ubuntu.com/ubuntu noble/universe amd64 libcjson1 amd64 1.7.17-1 [24.8 kB]
2025-12-03T07:04:46.4522999Z Get:56 http://azure.archive.ubuntu.com/ubuntu noble/universe amd64 libmbedcrypto7t64 amd64 2.28.8-1 [209 kB]
2025-12-03T07:04:46.4620707Z Get:57 http://azure.archive.ubuntu.com/ubuntu noble/universe amd64 librist4 amd64 0.2.10+dfsg-2 [74.9 kB]
2025-12-03T07:04:46.5165994Z Get:58 http://azure.archive.ubuntu.com/ubuntu noble/universe amd64 libsrt1.5-gnutls amd64 1.5.3-1build2 [316 kB]
2025-12-03T07:04:46.5271101Z Get:59 http://azure.archive.ubuntu.com/ubuntu noble-updates/main amd64 libssh-gcrypt-4 amd64 0.10.6-2ubuntu0.2 [224 kB]
2025-12-03T07:04:46.5372184Z Get:60 http://azure.archive.ubuntu.com/ubuntu noble/universe amd64 libavformat60 amd64 7:6.1.1-3ubuntu5 [1153 kB]
2025-12-03T07:04:46.5647557Z Get:61 http://azure.archive.ubuntu.com/ubuntu noble/universe amd64 libbs2b0 amd64 3.1.0+dfsg-7build1 [10.6 kB]
2025-12-03T07:04:46.5734467Z Get:62 http://azure.archive.ubuntu.com/ubuntu noble/universe amd64 libflite1 amd64 2.2-6build3 [13.6 MB]
2025-12-03T07:04:46.8026568Z Get:63 http://azure.archive.ubuntu.com/ubuntu noble/universe amd64 libserd-0-0 amd64 0.32.2-1 [43.6 kB]
2025-12-03T07:04:46.8114168Z Get:64 http://azure.archive.ubuntu.com/ubuntu noble/universe amd64 libzix-0-0 amd64 0.4.2-2build1 [23.6 kB]
2025-12-03T07:04:46.8264087Z Get:65 http://azure.archive.ubuntu.com/ubuntu noble/universe amd64 libsord-0-0 amd64 0.16.16-2build1 [15.8 kB]
2025-12-03T07:04:46.8348166Z Get:66 http://azure.archive.ubuntu.com/ubuntu noble/universe amd64 libsratom-0-0 amd64 0.6.16-1build1 [17.3 kB]
2025-12-03T07:04:46.8439278Z Get:67 http://azure.archive.ubuntu.com/ubuntu noble/universe amd64 liblilv-0-0 amd64 0.24.22-1build1 [41.0 kB]
2025-12-03T07:04:46.8540977Z Get:68 http://azure.archive.ubuntu.com/ubuntu noble/universe amd64 libmysofa1 amd64 1.3.2+dfsg-2ubuntu2 [1158 kB]
2025-12-03T07:04:46.8746249Z Get:69 http://azure.archive.ubuntu.com/ubuntu noble/universe amd64 libplacebo338 amd64 6.338.2-2build1 [2654 kB]
2025-12-03T07:04:46.9306391Z Get:70 http://azure.archive.ubuntu.com/ubuntu noble-updates/main amd64 libblas3 amd64 3.12.0-3build1.1 [238 kB]
2025-12-03T07:04:46.9422272Z Get:71 http://azure.archive.ubuntu.com/ubuntu noble-updates/main amd64 liblapack3 amd64 3.12.0-3build1.1 [2646 kB]
2025-12-03T07:04:46.9993573Z Get:72 http://azure.archive.ubuntu.com/ubuntu noble/main amd64 libasyncns0 amd64 0.8-6build4 [11.3 kB]
2025-12-03T07:04:47.0080367Z Get:73 http://azure.archive.ubuntu.com/ubuntu noble/main amd64 libflac12t64 amd64 1.4.3+ds-2.1ubuntu2 [197 kB]
2025-12-03T07:04:47.0227322Z Get:74 http://azure.archive.ubuntu.com/ubuntu noble-updates/main amd64 libsndfile1 amd64 1.2.2-1ubuntu5.24.04.1 [209 kB]
2025-12-03T07:04:47.0487582Z Get:75 http://azure.archive.ubuntu.com/ubuntu noble-updates/main amd64 libpulse0 amd64 1:16.1+dfsg1-2ubuntu10.1 [292 kB]
2025-12-03T07:04:47.1046794Z Get:76 http://azure.archive.ubuntu.com/ubuntu noble/universe amd64 libsphinxbase3t64 amd64 0.8+5prealpha+1-17build2 [126 kB]
2025-12-03T07:04:47.1160780Z Get:77 http://azure.archive.ubuntu.com/ubuntu noble/universe amd64 libpocketsphinx3 amd64 0.8.0+real5prealpha+1-15ubuntu5 [133 kB]
2025-12-03T07:04:47.1284636Z Get:78 http://azure.archive.ubuntu.com/ubuntu noble/universe amd64 libpostproc57 amd64 7:6.1.1-3ubuntu5 [49.9 kB]
2025-12-03T07:04:47.1383766Z Get:79 http://azure.archive.ubuntu.com/ubuntu noble/main amd64 libsamplerate0 amd64 0.2.2-4build1 [1344 kB]
2025-12-03T07:04:47.1698375Z Get:80 http://azure.archive.ubuntu.com/ubuntu noble/universe amd64 librubberband2 amd64 3.3.0+dfsg-2build1 [130 kB]
2025-12-03T07:04:47.1799895Z Get:81 http://azure.archive.ubuntu.com/ubuntu noble/universe amd64 libswscale7 amd64 7:6.1.1-3ubuntu5 [193 kB]
2025-12-03T07:04:47.1920053Z Get:82 http://azure.archive.ubuntu.com/ubuntu noble/universe amd64 libvidstab1.1 amd64 1.1.0-2build1 [38.5 kB]
2025-12-03T07:04:47.2023768Z Get:83 http://azure.archive.ubuntu.com/ubuntu noble/universe amd64 libzimg2 amd64 3.0.5+ds1-1build1 [254 kB]
2025-12-03T07:04:47.2152767Z Get:84 http://azure.archive.ubuntu.com/ubuntu noble/universe amd64 libavfilter9 amd64 7:6.1.1-3ubuntu5 [4235 kB]
2025-12-03T07:04:47.3422009Z Get:85 http://azure.archive.ubuntu.com/ubuntu noble-updates/main amd64 liborc-0.4-0t64 amd64 1:0.4.38-1ubuntu0.1 [207 kB]
2025-12-03T07:04:47.3528503Z Get:86 http://azure.archive.ubuntu.com/ubuntu noble-updates/main amd64 libgstreamer-plugins-base1.0-0 amd64 1.24.2-1ubuntu0.3 [862 kB]
2025-12-03T07:04:47.3840431Z Get:87 http://azure.archive.ubuntu.com/ubuntu noble/universe amd64 gstreamer1.0-libav amd64 1.24.1-1build1 [103 kB]
2025-12-03T07:04:47.3938961Z Get:88 http://azure.archive.ubuntu.com/ubuntu noble/main amd64 libcdparanoia0 amd64 3.10.2+debian-14build3 [48.5 kB]
2025-12-03T07:04:47.4028857Z Get:89 http://azure.archive.ubuntu.com/ubuntu noble/main amd64 libvisual-0.4-0 amd64 0.4.2-2build1 [115 kB]
2025-12-03T07:04:47.4139670Z Get:90 http://azure.archive.ubuntu.com/ubuntu noble-updates/main amd64 gstreamer1.0-plugins-base amd64 1.24.2-1ubuntu0.3 [721 kB]
2025-12-03T07:04:47.4350851Z Get:91 http://azure.archive.ubuntu.com/ubuntu noble/main amd64 libaa1 amd64 1.4p5-51.1 [49.9 kB]
2025-12-03T07:04:47.4461564Z Get:92 http://azure.archive.ubuntu.com/ubuntu noble/main amd64 libraw1394-11 amd64 2.1.2-2build3 [26.2 kB]
2025-12-03T07:04:47.4548216Z Get:93 http://azure.archive.ubuntu.com/ubuntu noble/main amd64 libavc1394-0 amd64 0.5.4-5build3 [15.4 kB]
2025-12-03T07:04:47.4629529Z Get:94 http://azure.archive.ubuntu.com/ubuntu noble/main amd64 libcaca0 amd64 0.99.beta20-4build2 [208 kB]
2025-12-03T07:04:47.5206455Z Get:95 http://azure.archive.ubuntu.com/ubuntu noble/main amd64 libdv4t64 amd64 1.0.0-17.1build1 [63.2 kB]
2025-12-03T07:04:47.5300779Z Get:96 http://azure.archive.ubuntu.com/ubuntu noble-updates/main amd64 libgstreamer-plugins-good1.0-0 amd64 1.24.2-1ubuntu1.2 [33.0 kB]
2025-12-03T07:04:47.5385470Z Get:97 http://azure.archive.ubuntu.com/ubuntu noble/main amd64 libiec61883-0 amd64 1.2.0-6build1 [24.5 kB]
2025-12-03T07:04:47.5467854Z Get:98 http://azure.archive.ubuntu.com/ubuntu noble/main amd64 libshout3 amd64 2.4.6-1build2 [50.3 kB]
2025-12-03T07:04:47.5564060Z Get:99 http://azure.archive.ubuntu.com/ubuntu noble/main amd64 libtag1v5-vanilla amd64 1.13.1-1build1 [326 kB]
2025-12-03T07:04:47.5722896Z Get:100 http://azure.archive.ubuntu.com/ubuntu noble/main amd64 libtag1v5 amd64 1.13.1-1build1 [11.7 kB]
2025-12-03T07:04:47.5804581Z Get:101 http://azure.archive.ubuntu.com/ubuntu noble/main amd64 libv4lconvert0t64 amd64 1.26.1-4build3 [87.6 kB]
2025-12-03T07:04:47.5898766Z Get:102 http://azure.archive.ubuntu.com/ubuntu noble/main amd64 libv4l-0t64 amd64 1.26.1-4build3 [46.9 kB]
2025-12-03T07:04:47.6016981Z Get:103 http://azure.archive.ubuntu.com/ubuntu noble/main amd64 libwavpack1 amd64 5.6.0-1build1 [84.6 kB]
2025-12-03T07:04:47.6121675Z Get:104 http://azure.archive.ubuntu.com/ubuntu noble-updates/main amd64 libsoup-3.0-common all 3.4.4-5ubuntu0.5 [11.3 kB]
2025-12-03T07:04:47.6209480Z Get:105 http://azure.archive.ubuntu.com/ubuntu noble-updates/main amd64 libsoup-3.0-0 amd64 3.4.4-5ubuntu0.5 [291 kB]
2025-12-03T07:04:47.6319218Z Get:106 http://azure.archive.ubuntu.com/ubuntu noble-updates/main amd64 gstreamer1.0-plugins-good amd64 1.24.2-1ubuntu1.2 [2238 kB]
2025-12-03T07:04:47.6663456Z Get:107 http://azure.archive.ubuntu.com/ubuntu noble-updates/main amd64 libabsl20220623t64 amd64 20220623.1-3.1ubuntu3.2 [423 kB]
2025-12-03T07:04:47.6787646Z Get:108 http://azure.archive.ubuntu.com/ubuntu noble/universe amd64 libgav1-1 amd64 0.18.0-1build3 [357 kB]
2025-12-03T07:04:47.6906760Z Get:109 http://azure.archive.ubuntu.com/ubuntu noble/universe amd64 libyuv0 amd64 0.0~git202401110.af6ac82-1 [178 kB]
2025-12-03T07:04:47.7000116Z Get:110 http://azure.archive.ubuntu.com/ubuntu noble/universe amd64 libavif16 amd64 1.0.4-1ubuntu3 [91.2 kB]
2025-12-03T07:04:47.7088464Z Get:111 http://azure.archive.ubuntu.com/ubuntu noble/universe amd64 libavtp0 amd64 0.2.0-1build1 [6414 B]
2025-12-03T07:04:47.7168004Z Get:112 http://azure.archive.ubuntu.com/ubuntu noble/main amd64 libcairo-script-interpreter2 amd64 1.18.0-3build1 [60.3 kB]
2025-12-03T07:04:47.7257613Z Get:113 http://azure.archive.ubuntu.com/ubuntu noble-updates/main amd64 libcups2t64 amd64 2.4.7-1.2ubuntu7.7 [273 kB]
2025-12-03T07:04:47.7367637Z Get:114 http://azure.archive.ubuntu.com/ubuntu noble/universe amd64 libdc1394-25 amd64 2.2.6-4build1 [90.1 kB]
2025-12-03T07:04:47.7458518Z Get:115 http://azure.archive.ubuntu.com/ubuntu noble/main amd64 libdecor-0-0 amd64 0.2.2-1build2 [16.5 kB]
2025-12-03T07:04:47.7544857Z Get:116 http://azure.archive.ubuntu.com/ubuntu noble/main amd64 libgles2 amd64 1.7.0-1build1 [17.1 kB]
2025-12-03T07:04:47.7631658Z Get:117 http://azure.archive.ubuntu.com/ubuntu noble/universe amd64 libdirectfb-1.7-7t64 amd64 1.7.7-11.1ubuntu2 [1035 kB]
2025-12-03T07:04:47.7838122Z Get:118 http://azure.archive.ubuntu.com/ubuntu noble-updates/main amd64 libdrm-amdgpu1 amd64 2.4.122-1~ubuntu0.24.04.2 [20.9 kB]
2025-12-03T07:04:47.7922571Z Get:119 http://azure.archive.ubuntu.com/ubuntu noble/universe amd64 libdvdread8t64 amd64 6.1.3-1.1build1 [54.7 kB]
2025-12-03T07:04:47.8009648Z Get:120 http://azure.archive.ubuntu.com/ubuntu noble/universe amd64 libdvdnav4 amd64 6.1.1-3build1 [39.5 kB]
2025-12-03T07:04:47.8570855Z Get:121 http://azure.archive.ubuntu.com/ubuntu noble-updates/main amd64 libegl-mesa0 amd64 25.0.7-0ubuntu0.24.04.2 [124 kB]
2025-12-03T07:04:47.8666590Z Get:122 http://azure.archive.ubuntu.com/ubuntu noble/main amd64 libevent-2.1-7t64 amd64 2.1.12-stable-9ubuntu2 [145 kB]
2025-12-03T07:04:47.8760210Z Get:123 http://azure.archive.ubuntu.com/ubuntu noble/universe amd64 libfaad2 amd64 2.11.1-1build1 [207 kB]
2025-12-03T07:04:47.8865927Z Get:124 http://azure.archive.ubuntu.com/ubuntu noble/universe amd64 libinstpatch-1.0-2 amd64 1.1.6-1build2 [251 kB]
2025-12-03T07:04:47.8968895Z Get:125 http://azure.archive.ubuntu.com/ubuntu noble/main amd64 libjack-jackd2-0 amd64 1.9.21~dfsg-3ubuntu3 [289 kB]
2025-12-03T07:04:47.9080217Z Get:126 http://azure.archive.ubuntu.com/ubuntu noble/main amd64 libwebrtc-audio-processing1 amd64 0.3.1-0ubuntu6 [290 kB]
2025-12-03T07:04:47.9252880Z Get:127 http://azure.archive.ubuntu.com/ubuntu noble-updates/main amd64 libspa-0.2-modules amd64 1.0.5-1ubuntu3.1 [626 kB]
2025-12-03T07:04:47.9373608Z Get:128 http://azure.archive.ubuntu.com/ubuntu noble-updates/main amd64 libpipewire-0.3-0t64 amd64 1.0.5-1ubuntu3.1 [252 kB]
2025-12-03T07:04:47.9481977Z Get:129 http://azure.archive.ubuntu.com/ubuntu noble-updates/main amd64 libsdl2-2.0-0 amd64 2.30.0+dfsg-1ubuntu3.1 [686 kB]
2025-12-03T07:04:47.9634777Z Get:130 http://azure.archive.ubuntu.com/ubuntu noble/universe amd64 timgm6mb-soundfont all 1.3-5 [5427 kB]
2025-12-03T07:04:48.0263532Z Get:131 http://azure.archive.ubuntu.com/ubuntu noble/universe amd64 libfluidsynth3 amd64 2.3.4-1build3 [249 kB]
2025-12-03T07:04:48.0366870Z Get:132 http://azure.archive.ubuntu.com/ubuntu noble/main amd64 libfreeaptx0 amd64 0.1.1-2build1 [13.5 kB]
2025-12-03T07:04:48.0449868Z Get:133 http://azure.archive.ubuntu.com/ubuntu noble/main amd64 libgraphene-1.0-0 amd64 1.10.8-3build2 [46.2 kB]
2025-12-03T07:04:48.0530525Z Get:134 http://azure.archive.ubuntu.com/ubuntu noble/main amd64 libgssdp-1.6-0 amd64 1.6.3-1build3 [40.4 kB]
2025-12-03T07:04:48.0613381Z Get:135 http://azure.archive.ubuntu.com/ubuntu noble/main amd64 libegl1 amd64 1.7.0-1build1 [28.7 kB]
2025-12-03T07:04:48.0697811Z Get:136 http://azure.archive.ubuntu.com/ubuntu noble-updates/main amd64 libgstreamer-gl1.0-0 amd64 1.24.2-1ubuntu0.3 [214 kB]
2025-12-03T07:04:48.0803055Z Get:137 http://azure.archive.ubuntu.com/ubuntu noble-updates/main amd64 libgtk-4-common all 4.14.5+ds-0ubuntu0.6 [1497 kB]
2025-12-03T07:04:48.1029178Z Get:138 http://azure.archive.ubuntu.com/ubuntu noble-updates/main amd64 libgtk-4-1 amd64 4.14.5+ds-0ubuntu0.6 [3293 kB]
2025-12-03T07:04:48.1891974Z Get:139 http://azure.archive.ubuntu.com/ubuntu noble/main amd64 libgupnp-1.6-0 amd64 1.6.6-1build3 [92.7 kB]
2025-12-03T07:04:48.1982424Z Get:140 http://azure.archive.ubuntu.com/ubuntu noble/universe amd64 libgupnp-igd-1.6-0 amd64 1.6.0-3build3 [16.5 kB]
2025-12-03T07:04:48.2064081Z Get:141 http://azure.archive.ubuntu.com/ubuntu noble/main amd64 libharfbuzz-icu0 amd64 8.3.0-2build2 [13.3 kB]
2025-12-03T07:04:48.2146500Z Get:142 http://azure.archive.ubuntu.com/ubuntu noble/main amd64 libhyphen0 amd64 2.8.8-7build3 [26.5 kB]
2025-12-03T07:04:48.2231432Z Get:143 http://azure.archive.ubuntu.com/ubuntu noble/universe amd64 libimath-3-1-29t64 amd64 3.1.9-3.1ubuntu2 [72.2 kB]
2025-12-03T07:04:48.2319120Z Get:144 http://azure.archive.ubuntu.com/ubuntu noble/main amd64 liblc3-1 amd64 1.0.4-3build1 [69.7 kB]
2025-12-03T07:04:48.2410211Z Get:145 http://azure.archive.ubuntu.com/ubuntu noble/main amd64 libldacbt-enc2 amd64 2.0.2.3+git20200429+ed310a0-4ubuntu2 [27.1 kB]
2025-12-03T07:04:48.2491116Z Get:146 http://azure.archive.ubuntu.com/ubuntu noble-updates/main amd64 libraptor2-0 amd64 2.0.16-3ubuntu0.1 [165 kB]
2025-12-03T07:04:48.2588834Z Get:147 http://azure.archive.ubuntu.com/ubuntu noble/universe amd64 liblrdf0 amd64 0.6.1-4build1 [18.5 kB]
2025-12-03T07:04:48.2671742Z Get:148 http://azure.archive.ubuntu.com/ubuntu noble/universe amd64 libltc11 amd64 1.3.2-1build1 [13.0 kB]
2025-12-03T07:04:48.2752166Z Get:149 http://azure.archive.ubuntu.com/ubuntu noble/main amd64 libmanette-0.2-0 amd64 0.2.7-1build2 [30.6 kB]
2025-12-03T07:04:48.2836364Z Get:150 http://azure.archive.ubuntu.com/ubuntu noble/universe amd64 libmfx1 amd64 22.5.4-1 [3124 kB]
2025-12-03T07:04:48.3260329Z Get:151 http://azure.archive.ubuntu.com/ubuntu noble/universe amd64 libmjpegutils-2.1-0t64 amd64 1:2.1.0+debian-8.1build1 [25.5 kB]
2025-12-03T07:04:48.3345244Z Get:152 http://azure.archive.ubuntu.com/ubuntu noble/universe amd64 libmodplug1 amd64 1:0.8.9.0-3build1 [166 kB]
2025-12-03T07:04:48.3432998Z Get:153 http://azure.archive.ubuntu.com/ubuntu noble/universe amd64 libmpcdec6 amd64 2:0.1~r495-2build1 [32.7 kB]
2025-12-03T07:04:48.3517770Z Get:154 http://azure.archive.ubuntu.com/ubuntu noble/universe amd64 libmpeg2encpp-2.1-0t64 amd64 1:2.1.0+debian-8.1build1 [75.6 kB]
2025-12-03T07:04:48.3606620Z Get:155 http://azure.archive.ubuntu.com/ubuntu noble/universe amd64 libmplex2-2.1-0t64 amd64 1:2.1.0+debian-8.1build1 [46.1 kB]
2025-12-03T07:04:48.3698129Z Get:156 http://azure.archive.ubuntu.com/ubuntu noble/universe amd64 libneon27t64 amd64 0.33.0-1.1build3 [102 kB]
2025-12-03T07:04:48.3783229Z Get:157 http://azure.archive.ubuntu.com/ubuntu noble/universe amd64 libnice10 amd64 0.1.21-2build3 [157 kB]
2025-12-03T07:04:48.4332740Z Get:158 http://azure.archive.ubuntu.com/ubuntu noble/universe amd64 libopenal-data all 1:1.23.1-4build1 [161 kB]
2025-12-03T07:04:48.4428384Z Get:159 http://azure.archive.ubuntu.com/ubuntu noble/universe amd64 libopenexr-3-1-30 amd64 3.1.5-5.1build3 [1004 kB]
2025-12-03T07:04:48.4614187Z Get:160 http://azure.archive.ubuntu.com/ubuntu noble/universe amd64 libopenh264-7 amd64 2.4.1+dfsg-1 [409 kB]
2025-12-03T07:04:48.4736053Z Get:161 http://azure.archive.ubuntu.com/ubuntu noble/universe amd64 libopenni2-0 amd64 2.2.0.33+dfsg-18 [370 kB]
2025-12-03T07:04:48.4855962Z Get:162 http://azure.archive.ubuntu.com/ubuntu noble/universe amd64 libqrencode4 amd64 4.1.1-1build2 [25.0 kB]
2025-12-03T07:04:48.4943136Z Get:163 http://azure.archive.ubuntu.com/ubuntu noble/main amd64 libsecret-common all 0.21.4-1build3 [4962 B]
2025-12-03T07:04:48.5027964Z Get:164 http://azure.archive.ubuntu.com/ubuntu noble/main amd64 libsecret-1-0 amd64 0.21.4-1build3 [116 kB]
2025-12-03T07:04:48.5120343Z Get:165 http://azure.archive.ubuntu.com/ubuntu noble/universe amd64 libsndio7.0 amd64 1.9.0-0.3build3 [29.6 kB]
2025-12-03T07:04:48.5204679Z Get:166 http://azure.archive.ubuntu.com/ubuntu noble/universe amd64 libsoundtouch1 amd64 2.3.2+ds1-1build1 [60.5 kB]
2025-12-03T07:04:48.5353471Z Get:167 http://azure.archive.ubuntu.com/ubuntu noble/universe amd64 libspandsp2t64 amd64 0.0.6+dfsg-2.1build1 [311 kB]
2025-12-03T07:04:48.5700078Z Get:168 http://azure.archive.ubuntu.com/ubuntu noble/universe amd64 libsrtp2-1 amd64 2.5.0-3build1 [41.9 kB]
2025-12-03T07:04:48.5786169Z Get:169 http://azure.archive.ubuntu.com/ubuntu noble-updates/main amd64 libssh-4 amd64 0.10.6-2ubuntu0.2 [188 kB]
2025-12-03T07:04:48.5888907Z Get:170 http://azure.archive.ubuntu.com/ubuntu noble/universe amd64 libwildmidi2 amd64 0.4.3-1build3 [68.5 kB]
2025-12-03T07:04:48.5971721Z Get:171 http://azure.archive.ubuntu.com/ubuntu noble/main amd64 libwoff1 amd64 1.0.2-2build1 [45.3 kB]
2025-12-03T07:04:48.6066493Z Get:172 http://azure.archive.ubuntu.com/ubuntu noble/main amd64 libxcb-xkb1 amd64 1.15-1ubuntu2 [32.3 kB]
2025-12-03T07:04:48.6152641Z Get:173 http://azure.archive.ubuntu.com/ubuntu noble/main amd64 libxkbcommon-x11-0 amd64 1.6.0-1build1 [14.5 kB]
2025-12-03T07:04:48.6234151Z Get:174 http://azure.archive.ubuntu.com/ubuntu noble/universe amd64 libzbar0t64 amd64 0.23.93-4build3 [123 kB]
2025-12-03T07:04:48.6338795Z Get:175 http://azure.archive.ubuntu.com/ubuntu noble/universe amd64 libzxing3 amd64 2.2.1-3 [583 kB]
2025-12-03T07:04:48.6933777Z Get:176 http://azure.archive.ubuntu.com/ubuntu noble/main amd64 xfonts-encodings all 1:1.0.5-0ubuntu2 [578 kB]
2025-12-03T07:04:48.7108514Z Get:177 http://azure.archive.ubuntu.com/ubuntu noble/main amd64 xfonts-utils amd64 1:7.7+6build3 [94.4 kB]
2025-12-03T07:04:48.7195591Z Get:178 http://azure.archive.ubuntu.com/ubuntu noble/universe amd64 xfonts-cyrillic all 1:1.0.5+nmu1 [384 kB]
2025-12-03T07:04:48.7314034Z Get:179 http://azure.archive.ubuntu.com/ubuntu noble/main amd64 xfonts-scalable all 1:1.0.3-1.3 [304 kB]
2025-12-03T07:04:48.7483132Z Get:180 http://azure.archive.ubuntu.com/ubuntu noble/universe amd64 libgstreamer-plugins-bad1.0-0 amd64 1.24.2-1ubuntu4 [797 kB]
2025-12-03T07:04:48.7652720Z Get:181 http://azure.archive.ubuntu.com/ubuntu noble/universe amd64 libdca0 amd64 0.0.7-2build1 [93.8 kB]
2025-12-03T07:04:48.7747303Z Get:182 http://azure.archive.ubuntu.com/ubuntu noble/universe amd64 libopenal1 amd64 1:1.23.1-4build1 [540 kB]
2025-12-03T07:04:48.7881127Z Get:183 http://azure.archive.ubuntu.com/ubuntu noble/main amd64 libsbc1 amd64 2.0-1build1 [33.9 kB]
2025-12-03T07:04:48.7963869Z Get:184 http://azure.archive.ubuntu.com/ubuntu noble/universe amd64 libvo-aacenc0 amd64 0.1.3-2build1 [67.8 kB]
2025-12-03T07:04:48.8052721Z Get:185 http://azure.archive.ubuntu.com/ubuntu noble/universe amd64 libvo-amrwbenc0 amd64 0.1.3-2build1 [76.7 kB]
2025-12-03T07:04:48.8141000Z Get:186 http://azure.archive.ubuntu.com/ubuntu noble/universe amd64 gstreamer1.0-plugins-bad amd64 1.24.2-1ubuntu4 [3081 kB]
2025-12-03T07:04:49.3110113Z Fetched 115 MB in 4s (30.8 MB/s)
2025-12-03T07:04:49.3743425Z Selecting previously unselected package fonts-ipafont-gothic.
2025-12-03T07:04:49.4428870Z (Reading database ... 
2025-12-03T07:04:49.4429413Z (Reading database ... 5%
2025-12-03T07:04:49.4429844Z (Reading database ... 10%
2025-12-03T07:04:49.4430248Z (Reading database ... 15%
2025-12-03T07:04:49.4430611Z (Reading database ... 20%
2025-12-03T07:04:49.4430945Z (Reading database ... 25%
2025-12-03T07:04:49.4431303Z (Reading database ... 30%
2025-12-03T07:04:49.4431659Z (Reading database ... 35%
2025-12-03T07:04:49.4431990Z (Reading database ... 40%
2025-12-03T07:04:49.4432322Z (Reading database ... 45%
2025-12-03T07:04:49.4432665Z (Reading database ... 50%
2025-12-03T07:04:49.5522054Z (Reading database ... 55%
2025-12-03T07:04:49.8867112Z (Reading database ... 60%
2025-12-03T07:04:50.0560790Z (Reading database ... 65%
2025-12-03T07:04:50.1572291Z (Reading database ... 70%
2025-12-03T07:04:50.2647248Z (Reading database ... 75%
2025-12-03T07:04:50.7353744Z (Reading database ... 80%
2025-12-03T07:04:51.4594956Z (Reading database ... 85%
2025-12-03T07:04:52.0457139Z (Reading database ... 90%
2025-12-03T07:04:52.6491542Z (Reading database ... 95%
2025-12-03T07:04:52.6491978Z (Reading database ... 100%
2025-12-03T07:04:52.6492610Z (Reading database ... 216225 files and directories currently installed.)
2025-12-03T07:04:52.6539184Z Preparing to unpack .../000-fonts-ipafont-gothic_00303-21ubuntu1_all.deb ...
2025-12-03T07:04:52.6631385Z Unpacking fonts-ipafont-gothic (00303-21ubuntu1) ...
2025-12-03T07:04:52.9059027Z Preparing to unpack .../001-libdrm-common_2.4.122-1~ubuntu0.24.04.2_all.deb ...
2025-12-03T07:04:52.9084442Z Unpacking libdrm-common (2.4.122-1~ubuntu0.24.04.2) over (2.4.122-1~ubuntu0.24.04.1) ...
2025-12-03T07:04:52.9515468Z Preparing to unpack .../002-libdrm2_2.4.122-1~ubuntu0.24.04.2_amd64.deb ...
2025-12-03T07:04:52.9596001Z Unpacking libdrm2:amd64 (2.4.122-1~ubuntu0.24.04.2) over (2.4.122-1~ubuntu0.24.04.1) ...
2025-12-03T07:04:52.9822281Z Selecting previously unselected package fonts-freefont-ttf.
2025-12-03T07:04:52.9961119Z Preparing to unpack .../003-fonts-freefont-ttf_20211204+svn4273-2_all.deb ...
2025-12-03T07:04:52.9970000Z Unpacking fonts-freefont-ttf (20211204+svn4273-2) ...
2025-12-03T07:04:53.0852403Z Selecting previously unselected package fonts-tlwg-loma-otf.
2025-12-03T07:04:53.0987538Z Preparing to unpack .../004-fonts-tlwg-loma-otf_1%3a0.7.3-1_all.deb ...
2025-12-03T07:04:53.0997932Z Unpacking fonts-tlwg-loma-otf (1:0.7.3-1) ...
2025-12-03T07:04:53.1242065Z Selecting previously unselected package fonts-unifont.
2025-12-03T07:04:53.1361958Z Preparing to unpack .../005-fonts-unifont_1%3a15.1.01-1build1_all.deb ...
2025-12-03T07:04:53.1373924Z Unpacking fonts-unifont (1:15.1.01-1build1) ...
2025-12-03T07:04:53.2572789Z Selecting previously unselected package fonts-wqy-zenhei.
2025-12-03T07:04:53.2705623Z Preparing to unpack .../006-fonts-wqy-zenhei_0.9.45-8_all.deb ...
2025-12-03T07:04:53.2848411Z Unpacking fonts-wqy-zenhei (0.9.45-8) ...
2025-12-03T07:04:53.7511495Z Selecting previously unselected package libproxy1v5:amd64.
2025-12-03T07:04:53.7645611Z Preparing to unpack .../007-libproxy1v5_0.5.4-4build1_amd64.deb ...
2025-12-03T07:04:53.7657716Z Unpacking libproxy1v5:amd64 (0.5.4-4build1) ...
2025-12-03T07:04:53.7923613Z Selecting previously unselected package glib-networking-common.
2025-12-03T07:04:53.8055420Z Preparing to unpack .../008-glib-networking-common_2.80.0-1build1_all.deb ...
2025-12-03T07:04:53.8066423Z Unpacking glib-networking-common (2.80.0-1build1) ...
2025-12-03T07:04:53.8259792Z Selecting previously unselected package glib-networking-services.
2025-12-03T07:04:53.8389833Z Preparing to unpack .../009-glib-networking-services_2.80.0-1build1_amd64.deb ...
2025-12-03T07:04:53.8399474Z Unpacking glib-networking-services (2.80.0-1build1) ...
2025-12-03T07:04:53.8622918Z Selecting previously unselected package session-migration.
2025-12-03T07:04:53.8753030Z Preparing to unpack .../010-session-migration_0.3.9build1_amd64.deb ...
2025-12-03T07:04:53.8764650Z Unpacking session-migration (0.3.9build1) ...
2025-12-03T07:04:53.9073479Z Selecting previously unselected package gsettings-desktop-schemas.
2025-12-03T07:04:53.9204099Z Preparing to unpack .../011-gsettings-desktop-schemas_46.1-0ubuntu1_all.deb ...
2025-12-03T07:04:53.9218291Z Unpacking gsettings-desktop-schemas (46.1-0ubuntu1) ...
2025-12-03T07:04:53.9543577Z Selecting previously unselected package glib-networking:amd64.
2025-12-03T07:04:53.9674560Z Preparing to unpack .../012-glib-networking_2.80.0-1build1_amd64.deb ...
2025-12-03T07:04:53.9687796Z Unpacking glib-networking:amd64 (2.80.0-1build1) ...
2025-12-03T07:04:53.9921789Z Selecting previously unselected package libva2:amd64.
2025-12-03T07:04:54.0054580Z Preparing to unpack .../013-libva2_2.20.0-2build1_amd64.deb ...
2025-12-03T07:04:54.0065254Z Unpacking libva2:amd64 (2.20.0-2build1) ...
2025-12-03T07:04:54.0295234Z Selecting previously unselected package libva-drm2:amd64.
2025-12-03T07:04:54.0425971Z Preparing to unpack .../014-libva-drm2_2.20.0-2build1_amd64.deb ...
2025-12-03T07:04:54.0437536Z Unpacking libva-drm2:amd64 (2.20.0-2build1) ...
2025-12-03T07:04:54.0659068Z Selecting previously unselected package libva-x11-2:amd64.
2025-12-03T07:04:54.0792267Z Preparing to unpack .../015-libva-x11-2_2.20.0-2build1_amd64.deb ...
2025-12-03T07:04:54.0804098Z Unpacking libva-x11-2:amd64 (2.20.0-2build1) ...
2025-12-03T07:04:54.1037067Z Selecting previously unselected package libvdpau1:amd64.
2025-12-03T07:04:54.1171398Z Preparing to unpack .../016-libvdpau1_1.5-2build1_amd64.deb ...
2025-12-03T07:04:54.1180214Z Unpacking libvdpau1:amd64 (1.5-2build1) ...
2025-12-03T07:04:54.1553009Z Preparing to unpack .../017-libdrm-intel1_2.4.122-1~ubuntu0.24.04.2_amd64.deb ...
2025-12-03T07:04:54.1590768Z Unpacking libdrm-intel1:amd64 (2.4.122-1~ubuntu0.24.04.2) over (2.4.122-1~ubuntu0.24.04.1) ...
2025-12-03T07:04:54.1869942Z Selecting previously unselected package libvpl2.
2025-12-03T07:04:54.2003778Z Preparing to unpack .../018-libvpl2_2023.3.0-1build1_amd64.deb ...
2025-12-03T07:04:54.2013011Z Unpacking libvpl2 (2023.3.0-1build1) ...
2025-12-03T07:04:54.2265487Z Selecting previously unselected package ocl-icd-libopencl1:amd64.
2025-12-03T07:04:54.2396424Z Preparing to unpack .../019-ocl-icd-libopencl1_2.3.2-1build1_amd64.deb ...
2025-12-03T07:04:54.2404664Z Unpacking ocl-icd-libopencl1:amd64 (2.3.2-1build1) ...
2025-12-03T07:04:54.2657129Z Selecting previously unselected package libavutil58:amd64.
2025-12-03T07:04:54.2788170Z Preparing to unpack .../020-libavutil58_7%3a6.1.1-3ubuntu5_amd64.deb ...
2025-12-03T07:04:54.2799299Z Unpacking libavutil58:amd64 (7:6.1.1-3ubuntu5) ...
2025-12-03T07:04:54.3052484Z Selecting previously unselected package libcodec2-1.2:amd64.
2025-12-03T07:04:54.3183990Z Preparing to unpack .../021-libcodec2-1.2_1.2.0-2build1_amd64.deb ...
2025-12-03T07:04:54.3193819Z Unpacking libcodec2-1.2:amd64 (1.2.0-2build1) ...
2025-12-03T07:04:54.4016327Z Selecting previously unselected package libdav1d7:amd64.
2025-12-03T07:04:54.4149703Z Preparing to unpack .../022-libdav1d7_1.4.1-1build1_amd64.deb ...
2025-12-03T07:04:54.4159148Z Unpacking libdav1d7:amd64 (1.4.1-1build1) ...
2025-12-03T07:04:54.4440866Z Selecting previously unselected package libgsm1:amd64.
2025-12-03T07:04:54.4572867Z Preparing to unpack .../023-libgsm1_1.0.22-1build1_amd64.deb ...
2025-12-03T07:04:54.4581511Z Unpacking libgsm1:amd64 (1.0.22-1build1) ...
2025-12-03T07:04:54.4792872Z Selecting previously unselected package libhwy1t64:amd64.
2025-12-03T07:04:54.4928317Z Preparing to unpack .../024-libhwy1t64_1.0.7-8.1build1_amd64.deb ...
2025-12-03T07:04:54.4936900Z Unpacking libhwy1t64:amd64 (1.0.7-8.1build1) ...
2025-12-03T07:04:54.5283476Z Selecting previously unselected package libjxl0.7:amd64.
2025-12-03T07:04:54.5425738Z Preparing to unpack .../025-libjxl0.7_0.7.0-10.2ubuntu6.1_amd64.deb ...
2025-12-03T07:04:54.5435521Z Unpacking libjxl0.7:amd64 (0.7.0-10.2ubuntu6.1) ...
2025-12-03T07:04:54.5842823Z Selecting previously unselected package libmp3lame0:amd64.
2025-12-03T07:04:54.5984234Z Preparing to unpack .../026-libmp3lame0_3.100-6build1_amd64.deb ...
2025-12-03T07:04:54.5993596Z Unpacking libmp3lame0:amd64 (3.100-6build1) ...
2025-12-03T07:04:54.6255506Z Selecting previously unselected package libopus0:amd64.
2025-12-03T07:04:54.6400042Z Preparing to unpack .../027-libopus0_1.4-1build1_amd64.deb ...
2025-12-03T07:04:54.6409768Z Unpacking libopus0:amd64 (1.4-1build1) ...
2025-12-03T07:04:54.6664326Z Selecting previously unselected package librav1e0:amd64.
2025-12-03T07:04:54.6802228Z Preparing to unpack .../028-librav1e0_0.7.1-2_amd64.deb ...
2025-12-03T07:04:54.6812616Z Unpacking librav1e0:amd64 (0.7.1-2) ...
2025-12-03T07:04:54.7182608Z Selecting previously unselected package librsvg2-2:amd64.
2025-12-03T07:04:54.7321694Z Preparing to unpack .../029-librsvg2-2_2.58.0+dfsg-1build1_amd64.deb ...
2025-12-03T07:04:54.7348196Z Unpacking librsvg2-2:amd64 (2.58.0+dfsg-1build1) ...
2025-12-03T07:04:54.7868617Z Selecting previously unselected package libshine3:amd64.
2025-12-03T07:04:54.8007576Z Preparing to unpack .../030-libshine3_3.1.1-2build1_amd64.deb ...
2025-12-03T07:04:54.8016721Z Unpacking libshine3:amd64 (3.1.1-2build1) ...
2025-12-03T07:04:54.8241392Z Selecting previously unselected package libspeex1:amd64.
2025-12-03T07:04:54.8378874Z Preparing to unpack .../031-libspeex1_1.2.1-2ubuntu2.24.04.1_amd64.deb ...
2025-12-03T07:04:54.8390977Z Unpacking libspeex1:amd64 (1.2.1-2ubuntu2.24.04.1) ...
2025-12-03T07:04:54.8612040Z Selecting previously unselected package libsvtav1enc1d1:amd64.
2025-12-03T07:04:54.8746721Z Preparing to unpack .../032-libsvtav1enc1d1_1.7.0+dfsg-2build1_amd64.deb ...
2025-12-03T07:04:54.8755904Z Unpacking libsvtav1enc1d1:amd64 (1.7.0+dfsg-2build1) ...
2025-12-03T07:04:54.9279647Z Selecting previously unselected package libsoxr0:amd64.
2025-12-03T07:04:54.9415533Z Preparing to unpack .../033-libsoxr0_0.1.3-4build3_amd64.deb ...
2025-12-03T07:04:54.9426112Z Unpacking libsoxr0:amd64 (0.1.3-4build3) ...
2025-12-03T07:04:54.9660911Z Selecting previously unselected package libswresample4:amd64.
2025-12-03T07:04:54.9798181Z Preparing to unpack .../034-libswresample4_7%3a6.1.1-3ubuntu5_amd64.deb ...
2025-12-03T07:04:54.9809507Z Unpacking libswresample4:amd64 (7:6.1.1-3ubuntu5) ...
2025-12-03T07:04:55.0042457Z Selecting previously unselected package libtheora0:amd64.
2025-12-03T07:04:55.0181248Z Preparing to unpack .../035-libtheora0_1.1.1+dfsg.1-16.1build3_amd64.deb ...
2025-12-03T07:04:55.0191697Z Unpacking libtheora0:amd64 (1.1.1+dfsg.1-16.1build3) ...
2025-12-03T07:04:55.0451505Z Selecting previously unselected package libtwolame0:amd64.
2025-12-03T07:04:55.0588752Z Preparing to unpack .../036-libtwolame0_0.4.0-2build3_amd64.deb ...
2025-12-03T07:04:55.0599214Z Unpacking libtwolame0:amd64 (0.4.0-2build3) ...
2025-12-03T07:04:55.0840716Z Selecting previously unselected package libvorbisenc2:amd64.
2025-12-03T07:04:55.0979245Z Preparing to unpack .../037-libvorbisenc2_1.3.7-1build3_amd64.deb ...
2025-12-03T07:04:55.0988954Z Unpacking libvorbisenc2:amd64 (1.3.7-1build3) ...
2025-12-03T07:04:55.1243041Z Selecting previously unselected package libvpx9:amd64.
2025-12-03T07:04:55.1378213Z Preparing to unpack .../038-libvpx9_1.14.0-1ubuntu2.2_amd64.deb ...
2025-12-03T07:04:55.1386153Z Unpacking libvpx9:amd64 (1.14.0-1ubuntu2.2) ...
2025-12-03T07:04:55.1763998Z Selecting previously unselected package libx264-164:amd64.
2025-12-03T07:04:55.1899610Z Preparing to unpack .../039-libx264-164_2%3a0.164.3108+git31e19f9-1_amd64.deb ...
2025-12-03T07:04:55.1908218Z Unpacking libx264-164:amd64 (2:0.164.3108+git31e19f9-1) ...
2025-12-03T07:04:55.2212901Z Selecting previously unselected package libx265-199:amd64.
2025-12-03T07:04:55.2352933Z Preparing to unpack .../040-libx265-199_3.5-2build1_amd64.deb ...
2025-12-03T07:04:55.2363444Z Unpacking libx265-199:amd64 (3.5-2build1) ...
2025-12-03T07:04:55.3110377Z Selecting previously unselected package libxvidcore4:amd64.
2025-12-03T07:04:55.3248029Z Preparing to unpack .../041-libxvidcore4_2%3a1.3.7-1build1_amd64.deb ...
2025-12-03T07:04:55.3256452Z Unpacking libxvidcore4:amd64 (2:1.3.7-1build1) ...
2025-12-03T07:04:55.3495350Z Selecting previously unselected package libzvbi-common.
2025-12-03T07:04:55.3632721Z Preparing to unpack .../042-libzvbi-common_0.2.42-2_all.deb ...
2025-12-03T07:04:55.3642317Z Unpacking libzvbi-common (0.2.42-2) ...
2025-12-03T07:04:55.4129753Z Selecting previously unselected package libzvbi0t64:amd64.
2025-12-03T07:04:55.4268505Z Preparing to unpack .../043-libzvbi0t64_0.2.42-2_amd64.deb ...
2025-12-03T07:04:55.4277764Z Unpacking libzvbi0t64:amd64 (0.2.42-2) ...
2025-12-03T07:04:55.4537877Z Selecting previously unselected package libavcodec60:amd64.
2025-12-03T07:04:55.4674534Z Preparing to unpack .../044-libavcodec60_7%3a6.1.1-3ubuntu5_amd64.deb ...
2025-12-03T07:04:55.4685706Z Unpacking libavcodec60:amd64 (7:6.1.1-3ubuntu5) ...
2025-12-03T07:04:55.5603258Z Selecting previously unselected package libunibreak5:amd64.
2025-12-03T07:04:55.5740383Z Preparing to unpack .../045-libunibreak5_5.1-2build1_amd64.deb ...
2025-12-03T07:04:55.5750989Z Unpacking libunibreak5:amd64 (5.1-2build1) ...
2025-12-03T07:04:55.5992286Z Selecting previously unselected package libass9:amd64.
2025-12-03T07:04:55.6127977Z Preparing to unpack .../046-libass9_1%3a0.17.1-2build1_amd64.deb ...
2025-12-03T07:04:55.6136745Z Unpacking libass9:amd64 (1:0.17.1-2build1) ...
2025-12-03T07:04:55.6372945Z Selecting previously unselected package libudfread0:amd64.
2025-12-03T07:04:55.6512777Z Preparing to unpack .../047-libudfread0_1.1.2-1build1_amd64.deb ...
2025-12-03T07:04:55.6523623Z Unpacking libudfread0:amd64 (1.1.2-1build1) ...
2025-12-03T07:04:55.6748241Z Selecting previously unselected package libbluray2:amd64.
2025-12-03T07:04:55.6884463Z Preparing to unpack .../048-libbluray2_1%3a1.3.4-1build1_amd64.deb ...
2025-12-03T07:04:55.6896203Z Unpacking libbluray2:amd64 (1:1.3.4-1build1) ...
2025-12-03T07:04:55.7154523Z Selecting previously unselected package libchromaprint1:amd64.
2025-12-03T07:04:55.7289688Z Preparing to unpack .../049-libchromaprint1_1.5.1-5_amd64.deb ...
2025-12-03T07:04:55.7299395Z Unpacking libchromaprint1:amd64 (1.5.1-5) ...
2025-12-03T07:04:55.7526192Z Selecting previously unselected package libgme0:amd64.
2025-12-03T07:04:55.7662318Z Preparing to unpack .../050-libgme0_0.6.3-7build1_amd64.deb ...
2025-12-03T07:04:55.7673308Z Unpacking libgme0:amd64 (0.6.3-7build1) ...
2025-12-03T07:04:55.7914558Z Selecting previously unselected package libmpg123-0t64:amd64.
2025-12-03T07:04:55.8050075Z Preparing to unpack .../051-libmpg123-0t64_1.32.5-1ubuntu1.1_amd64.deb ...
2025-12-03T07:04:55.8059706Z Unpacking libmpg123-0t64:amd64 (1.32.5-1ubuntu1.1) ...
2025-12-03T07:04:55.8301979Z Selecting previously unselected package libopenmpt0t64:amd64.
2025-12-03T07:04:55.8437883Z Preparing to unpack .../052-libopenmpt0t64_0.7.3-1.1build3_amd64.deb ...
2025-12-03T07:04:55.8447967Z Unpacking libopenmpt0t64:amd64 (0.7.3-1.1build3) ...
2025-12-03T07:04:55.8755308Z Selecting previously unselected package libcjson1:amd64.
2025-12-03T07:04:55.8891748Z Preparing to unpack .../053-libcjson1_1.7.17-1_amd64.deb ...
2025-12-03T07:04:55.8901233Z Unpacking libcjson1:amd64 (1.7.17-1) ...
2025-12-03T07:04:55.9133525Z Selecting previously unselected package libmbedcrypto7t64:amd64.
2025-12-03T07:04:55.9268822Z Preparing to unpack .../054-libmbedcrypto7t64_2.28.8-1_amd64.deb ...
2025-12-03T07:04:55.9280793Z Unpacking libmbedcrypto7t64:amd64 (2.28.8-1) ...
2025-12-03T07:04:55.9542204Z Selecting previously unselected package librist4:amd64.
2025-12-03T07:04:55.9677917Z Preparing to unpack .../055-librist4_0.2.10+dfsg-2_amd64.deb ...
2025-12-03T07:04:55.9690485Z Unpacking librist4:amd64 (0.2.10+dfsg-2) ...
2025-12-03T07:04:55.9916914Z Selecting previously unselected package libsrt1.5-gnutls:amd64.
2025-12-03T07:04:56.0054309Z Preparing to unpack .../056-libsrt1.5-gnutls_1.5.3-1build2_amd64.deb ...
2025-12-03T07:04:56.0063380Z Unpacking libsrt1.5-gnutls:amd64 (1.5.3-1build2) ...
2025-12-03T07:04:56.0355471Z Selecting previously unselected package libssh-gcrypt-4:amd64.
2025-12-03T07:04:56.0491194Z Preparing to unpack .../057-libssh-gcrypt-4_0.10.6-2ubuntu0.2_amd64.deb ...
2025-12-03T07:04:56.0501622Z Unpacking libssh-gcrypt-4:amd64 (0.10.6-2ubuntu0.2) ...
2025-12-03T07:04:56.0753660Z Selecting previously unselected package libavformat60:amd64.
2025-12-03T07:04:56.0890124Z Preparing to unpack .../058-libavformat60_7%3a6.1.1-3ubuntu5_amd64.deb ...
2025-12-03T07:04:56.0898369Z Unpacking libavformat60:amd64 (7:6.1.1-3ubuntu5) ...
2025-12-03T07:04:56.1263222Z Selecting previously unselected package libbs2b0:amd64.
2025-12-03T07:04:56.1401744Z Preparing to unpack .../059-libbs2b0_3.1.0+dfsg-7build1_amd64.deb ...
2025-12-03T07:04:56.1414871Z Unpacking libbs2b0:amd64 (3.1.0+dfsg-7build1) ...
2025-12-03T07:04:56.1673259Z Selecting previously unselected package libflite1:amd64.
2025-12-03T07:04:56.1815211Z Preparing to unpack .../060-libflite1_2.2-6build3_amd64.deb ...
2025-12-03T07:04:56.1826607Z Unpacking libflite1:amd64 (2.2-6build3) ...
2025-12-03T07:04:56.3012778Z Selecting previously unselected package libserd-0-0:amd64.
2025-12-03T07:04:56.3145853Z Preparing to unpack .../061-libserd-0-0_0.32.2-1_amd64.deb ...
2025-12-03T07:04:56.3154898Z Unpacking libserd-0-0:amd64 (0.32.2-1) ...
2025-12-03T07:04:56.3386624Z Selecting previously unselected package libzix-0-0:amd64.
2025-12-03T07:04:56.3519143Z Preparing to unpack .../062-libzix-0-0_0.4.2-2build1_amd64.deb ...
2025-12-03T07:04:56.3553130Z Unpacking libzix-0-0:amd64 (0.4.2-2build1) ...
2025-12-03T07:04:56.3786366Z Selecting previously unselected package libsord-0-0:amd64.
2025-12-03T07:04:56.3919391Z Preparing to unpack .../063-libsord-0-0_0.16.16-2build1_amd64.deb ...
2025-12-03T07:04:56.3932769Z Unpacking libsord-0-0:amd64 (0.16.16-2build1) ...
2025-12-03T07:04:56.4164320Z Selecting previously unselected package libsratom-0-0:amd64.
2025-12-03T07:04:56.4298176Z Preparing to unpack .../064-libsratom-0-0_0.6.16-1build1_amd64.deb ...
2025-12-03T07:04:56.4307720Z Unpacking libsratom-0-0:amd64 (0.6.16-1build1) ...
2025-12-03T07:04:56.4519525Z Selecting previously unselected package liblilv-0-0:amd64.
2025-12-03T07:04:56.4653259Z Preparing to unpack .../065-liblilv-0-0_0.24.22-1build1_amd64.deb ...
2025-12-03T07:04:56.4676893Z Unpacking liblilv-0-0:amd64 (0.24.22-1build1) ...
2025-12-03T07:04:56.4903056Z Selecting previously unselected package libmysofa1:amd64.
2025-12-03T07:04:56.5037159Z Preparing to unpack .../066-libmysofa1_1.3.2+dfsg-2ubuntu2_amd64.deb ...
2025-12-03T07:04:56.5049095Z Unpacking libmysofa1:amd64 (1.3.2+dfsg-2ubuntu2) ...
2025-12-03T07:04:56.5316301Z Selecting previously unselected package libplacebo338:amd64.
2025-12-03T07:04:56.5450238Z Preparing to unpack .../067-libplacebo338_6.338.2-2build1_amd64.deb ...
2025-12-03T07:04:56.5460159Z Unpacking libplacebo338:amd64 (6.338.2-2build1) ...
2025-12-03T07:04:56.6029643Z Selecting previously unselected package libblas3:amd64.
2025-12-03T07:04:56.6163325Z Preparing to unpack .../068-libblas3_3.12.0-3build1.1_amd64.deb ...
2025-12-03T07:04:56.6197149Z Unpacking libblas3:amd64 (3.12.0-3build1.1) ...
2025-12-03T07:04:56.6472230Z Selecting previously unselected package liblapack3:amd64.
2025-12-03T07:04:56.6608873Z Preparing to unpack .../069-liblapack3_3.12.0-3build1.1_amd64.deb ...
2025-12-03T07:04:56.6643546Z Unpacking liblapack3:amd64 (3.12.0-3build1.1) ...
2025-12-03T07:04:56.7194243Z Selecting previously unselected package libasyncns0:amd64.
2025-12-03T07:04:56.7327036Z Preparing to unpack .../070-libasyncns0_0.8-6build4_amd64.deb ...
2025-12-03T07:04:56.7338679Z Unpacking libasyncns0:amd64 (0.8-6build4) ...
2025-12-03T07:04:56.7574790Z Selecting previously unselected package libflac12t64:amd64.
2025-12-03T07:04:56.7707961Z Preparing to unpack .../071-libflac12t64_1.4.3+ds-2.1ubuntu2_amd64.deb ...
2025-12-03T07:04:56.7719504Z Unpacking libflac12t64:amd64 (1.4.3+ds-2.1ubuntu2) ...
2025-12-03T07:04:56.8034834Z Selecting previously unselected package libsndfile1:amd64.
2025-12-03T07:04:56.8167192Z Preparing to unpack .../072-libsndfile1_1.2.2-1ubuntu5.24.04.1_amd64.deb ...
2025-12-03T07:04:56.8180869Z Unpacking libsndfile1:amd64 (1.2.2-1ubuntu5.24.04.1) ...
2025-12-03T07:04:56.8457275Z Selecting previously unselected package libpulse0:amd64.
2025-12-03T07:04:56.8595329Z Preparing to unpack .../073-libpulse0_1%3a16.1+dfsg1-2ubuntu10.1_amd64.deb ...
2025-12-03T07:04:56.8663680Z Unpacking libpulse0:amd64 (1:16.1+dfsg1-2ubuntu10.1) ...
2025-12-03T07:04:56.8952916Z Selecting previously unselected package libsphinxbase3t64:amd64.
2025-12-03T07:04:56.9087291Z Preparing to unpack .../074-libsphinxbase3t64_0.8+5prealpha+1-17build2_amd64.deb ...
2025-12-03T07:04:56.9097213Z Unpacking libsphinxbase3t64:amd64 (0.8+5prealpha+1-17build2) ...
2025-12-03T07:04:56.9338590Z Selecting previously unselected package libpocketsphinx3:amd64.
2025-12-03T07:04:56.9472034Z Preparing to unpack .../075-libpocketsphinx3_0.8.0+real5prealpha+1-15ubuntu5_amd64.deb ...
2025-12-03T07:04:56.9481843Z Unpacking libpocketsphinx3:amd64 (0.8.0+real5prealpha+1-15ubuntu5) ...
2025-12-03T07:04:56.9734568Z Selecting previously unselected package libpostproc57:amd64.
2025-12-03T07:04:56.9869046Z Preparing to unpack .../076-libpostproc57_7%3a6.1.1-3ubuntu5_amd64.deb ...
2025-12-03T07:04:56.9879906Z Unpacking libpostproc57:amd64 (7:6.1.1-3ubuntu5) ...
2025-12-03T07:04:57.0104650Z Selecting previously unselected package libsamplerate0:amd64.
2025-12-03T07:04:57.0237903Z Preparing to unpack .../077-libsamplerate0_0.2.2-4build1_amd64.deb ...
2025-12-03T07:04:57.0247189Z Unpacking libsamplerate0:amd64 (0.2.2-4build1) ...
2025-12-03T07:04:57.0541716Z Selecting previously unselected package librubberband2:amd64.
2025-12-03T07:04:57.0675955Z Preparing to unpack .../078-librubberband2_3.3.0+dfsg-2build1_amd64.deb ...
2025-12-03T07:04:57.0687180Z Unpacking librubberband2:amd64 (3.3.0+dfsg-2build1) ...
2025-12-03T07:04:57.1062375Z Selecting previously unselected package libswscale7:amd64.
2025-12-03T07:04:57.1195678Z Preparing to unpack .../079-libswscale7_7%3a6.1.1-3ubuntu5_amd64.deb ...
2025-12-03T07:04:57.1206209Z Unpacking libswscale7:amd64 (7:6.1.1-3ubuntu5) ...
2025-12-03T07:04:57.1459555Z Selecting previously unselected package libvidstab1.1:amd64.
2025-12-03T07:04:57.1592462Z Preparing to unpack .../080-libvidstab1.1_1.1.0-2build1_amd64.deb ...
2025-12-03T07:04:57.1604485Z Unpacking libvidstab1.1:amd64 (1.1.0-2build1) ...
2025-12-03T07:04:57.1839497Z Selecting previously unselected package libzimg2:amd64.
2025-12-03T07:04:57.1985713Z Preparing to unpack .../081-libzimg2_3.0.5+ds1-1build1_amd64.deb ...
2025-12-03T07:04:57.1995199Z Unpacking libzimg2:amd64 (3.0.5+ds1-1build1) ...
2025-12-03T07:04:57.2279395Z Selecting previously unselected package libavfilter9:amd64.
2025-12-03T07:04:57.2415328Z Preparing to unpack .../082-libavfilter9_7%3a6.1.1-3ubuntu5_amd64.deb ...
2025-12-03T07:04:57.2431266Z Unpacking libavfilter9:amd64 (7:6.1.1-3ubuntu5) ...
2025-12-03T07:04:57.3187726Z Selecting previously unselected package liborc-0.4-0t64:amd64.
2025-12-03T07:04:57.3321221Z Preparing to unpack .../083-liborc-0.4-0t64_1%3a0.4.38-1ubuntu0.1_amd64.deb ...
2025-12-03T07:04:57.3332297Z Unpacking liborc-0.4-0t64:amd64 (1:0.4.38-1ubuntu0.1) ...
2025-12-03T07:04:57.3655970Z Selecting previously unselected package libgstreamer-plugins-base1.0-0:amd64.
2025-12-03T07:04:57.3790935Z Preparing to unpack .../084-libgstreamer-plugins-base1.0-0_1.24.2-1ubuntu0.3_amd64.deb ...
2025-12-03T07:04:57.3800598Z Unpacking libgstreamer-plugins-base1.0-0:amd64 (1.24.2-1ubuntu0.3) ...
2025-12-03T07:04:57.4157193Z Selecting previously unselected package gstreamer1.0-libav:amd64.
2025-12-03T07:04:57.4292693Z Preparing to unpack .../085-gstreamer1.0-libav_1.24.1-1build1_amd64.deb ...
2025-12-03T07:04:57.4302170Z Unpacking gstreamer1.0-libav:amd64 (1.24.1-1build1) ...
2025-12-03T07:04:57.4588999Z Selecting previously unselected package libcdparanoia0:amd64.
2025-12-03T07:04:57.4748200Z Preparing to unpack .../086-libcdparanoia0_3.10.2+debian-14build3_amd64.deb ...
2025-12-03T07:04:57.5460157Z Unpacking libcdparanoia0:amd64 (3.10.2+debian-14build3) ...
2025-12-03T07:04:59.1922478Z Selecting previously unselected package libvisual-0.4-0:amd64.
2025-12-03T07:04:59.2063700Z Preparing to unpack .../087-libvisual-0.4-0_0.4.2-2build1_amd64.deb ...
2025-12-03T07:04:59.2073821Z Unpacking libvisual-0.4-0:amd64 (0.4.2-2build1) ...
2025-12-03T07:04:59.2322169Z Selecting previously unselected package gstreamer1.0-plugins-base:amd64.
2025-12-03T07:04:59.2460359Z Preparing to unpack .../088-gstreamer1.0-plugins-base_1.24.2-1ubuntu0.3_amd64.deb ...
2025-12-03T07:04:59.2469151Z Unpacking gstreamer1.0-plugins-base:amd64 (1.24.2-1ubuntu0.3) ...
2025-12-03T07:04:59.2833218Z Selecting previously unselected package libaa1:amd64.
2025-12-03T07:04:59.2971345Z Preparing to unpack .../089-libaa1_1.4p5-51.1_amd64.deb ...
2025-12-03T07:04:59.2986353Z Unpacking libaa1:amd64 (1.4p5-51.1) ...
2025-12-03T07:04:59.3219992Z Selecting previously unselected package libraw1394-11:amd64.
2025-12-03T07:04:59.3356942Z Preparing to unpack .../090-libraw1394-11_2.1.2-2build3_amd64.deb ...
2025-12-03T07:04:59.3366315Z Unpacking libraw1394-11:amd64 (2.1.2-2build3) ...
2025-12-03T07:04:59.3598198Z Selecting previously unselected package libavc1394-0:amd64.
2025-12-03T07:04:59.3734443Z Preparing to unpack .../091-libavc1394-0_0.5.4-5build3_amd64.deb ...
2025-12-03T07:04:59.3743512Z Unpacking libavc1394-0:amd64 (0.5.4-5build3) ...
2025-12-03T07:04:59.3973549Z Selecting previously unselected package libcaca0:amd64.
2025-12-03T07:04:59.4110997Z Preparing to unpack .../092-libcaca0_0.99.beta20-4build2_amd64.deb ...
2025-12-03T07:04:59.4120740Z Unpacking libcaca0:amd64 (0.99.beta20-4build2) ...
2025-12-03T07:04:59.4406268Z Selecting previously unselected package libdv4t64:amd64.
2025-12-03T07:04:59.4544000Z Preparing to unpack .../093-libdv4t64_1.0.0-17.1build1_amd64.deb ...
2025-12-03T07:04:59.4552952Z Unpacking libdv4t64:amd64 (1.0.0-17.1build1) ...
2025-12-03T07:04:59.4800059Z Selecting previously unselected package libgstreamer-plugins-good1.0-0:amd64.
2025-12-03T07:04:59.4937316Z Preparing to unpack .../094-libgstreamer-plugins-good1.0-0_1.24.2-1ubuntu1.2_amd64.deb ...
2025-12-03T07:04:59.4945776Z Unpacking libgstreamer-plugins-good1.0-0:amd64 (1.24.2-1ubuntu1.2) ...
2025-12-03T07:04:59.5202968Z Selecting previously unselected package libiec61883-0:amd64.
2025-12-03T07:04:59.5339887Z Preparing to unpack .../095-libiec61883-0_1.2.0-6build1_amd64.deb ...
2025-12-03T07:04:59.5349418Z Unpacking libiec61883-0:amd64 (1.2.0-6build1) ...
2025-12-03T07:04:59.5580947Z Selecting previously unselected package libshout3:amd64.
2025-12-03T07:04:59.5719276Z Preparing to unpack .../096-libshout3_2.4.6-1build2_amd64.deb ...
2025-12-03T07:04:59.5738917Z Unpacking libshout3:amd64 (2.4.6-1build2) ...
2025-12-03T07:04:59.5980084Z Selecting previously unselected package libtag1v5-vanilla:amd64.
2025-12-03T07:04:59.6116271Z Preparing to unpack .../097-libtag1v5-vanilla_1.13.1-1build1_amd64.deb ...
2025-12-03T07:04:59.6127194Z Unpacking libtag1v5-vanilla:amd64 (1.13.1-1build1) ...
2025-12-03T07:04:59.6387849Z Selecting previously unselected package libtag1v5:amd64.
2025-12-03T07:04:59.6526696Z Preparing to unpack .../098-libtag1v5_1.13.1-1build1_amd64.deb ...
2025-12-03T07:04:59.6535515Z Unpacking libtag1v5:amd64 (1.13.1-1build1) ...
2025-12-03T07:04:59.6768795Z Selecting previously unselected package libv4lconvert0t64:amd64.
2025-12-03T07:04:59.6906063Z Preparing to unpack .../099-libv4lconvert0t64_1.26.1-4build3_amd64.deb ...
2025-12-03T07:04:59.6917105Z Unpacking libv4lconvert0t64:amd64 (1.26.1-4build3) ...
2025-12-03T07:04:59.7171019Z Selecting previously unselected package libv4l-0t64:amd64.
2025-12-03T07:04:59.7308625Z Preparing to unpack .../100-libv4l-0t64_1.26.1-4build3_amd64.deb ...
2025-12-03T07:04:59.7321983Z Unpacking libv4l-0t64:amd64 (1.26.1-4build3) ...
2025-12-03T07:04:59.7575803Z Selecting previously unselected package libwavpack1:amd64.
2025-12-03T07:04:59.7715321Z Preparing to unpack .../101-libwavpack1_5.6.0-1build1_amd64.deb ...
2025-12-03T07:04:59.7725588Z Unpacking libwavpack1:amd64 (5.6.0-1build1) ...
2025-12-03T07:04:59.7954120Z Selecting previously unselected package libsoup-3.0-common.
2025-12-03T07:04:59.8090846Z Preparing to unpack .../102-libsoup-3.0-common_3.4.4-5ubuntu0.5_all.deb ...
2025-12-03T07:04:59.8099910Z Unpacking libsoup-3.0-common (3.4.4-5ubuntu0.5) ...
2025-12-03T07:04:59.8325375Z Selecting previously unselected package libsoup-3.0-0:amd64.
2025-12-03T07:04:59.8462207Z Preparing to unpack .../103-libsoup-3.0-0_3.4.4-5ubuntu0.5_amd64.deb ...
2025-12-03T07:04:59.8471235Z Unpacking libsoup-3.0-0:amd64 (3.4.4-5ubuntu0.5) ...
2025-12-03T07:04:59.8725114Z Selecting previously unselected package gstreamer1.0-plugins-good:amd64.
2025-12-03T07:04:59.8863028Z Preparing to unpack .../104-gstreamer1.0-plugins-good_1.24.2-1ubuntu1.2_amd64.deb ...
2025-12-03T07:04:59.8876062Z Unpacking gstreamer1.0-plugins-good:amd64 (1.24.2-1ubuntu1.2) ...
2025-12-03T07:04:59.9513472Z Selecting previously unselected package libabsl20220623t64:amd64.
2025-12-03T07:04:59.9651826Z Preparing to unpack .../105-libabsl20220623t64_20220623.1-3.1ubuntu3.2_amd64.deb ...
2025-12-03T07:04:59.9666163Z Unpacking libabsl20220623t64:amd64 (20220623.1-3.1ubuntu3.2) ...
2025-12-03T07:05:00.0179071Z Selecting previously unselected package libgav1-1:amd64.
2025-12-03T07:05:00.0326338Z Preparing to unpack .../106-libgav1-1_0.18.0-1build3_amd64.deb ...
2025-12-03T07:05:00.0336216Z Unpacking libgav1-1:amd64 (0.18.0-1build3) ...
2025-12-03T07:05:00.0612417Z Selecting previously unselected package libyuv0:amd64.
2025-12-03T07:05:00.0752035Z Preparing to unpack .../107-libyuv0_0.0~git202401110.af6ac82-1_amd64.deb ...
2025-12-03T07:05:00.0762093Z Unpacking libyuv0:amd64 (0.0~git202401110.af6ac82-1) ...
2025-12-03T07:05:00.1027898Z Selecting previously unselected package libavif16:amd64.
2025-12-03T07:05:00.1168790Z Preparing to unpack .../108-libavif16_1.0.4-1ubuntu3_amd64.deb ...
2025-12-03T07:05:00.1179399Z Unpacking libavif16:amd64 (1.0.4-1ubuntu3) ...
2025-12-03T07:05:00.1431540Z Selecting previously unselected package libavtp0:amd64.
2025-12-03T07:05:00.1573185Z Preparing to unpack .../109-libavtp0_0.2.0-1build1_amd64.deb ...
2025-12-03T07:05:00.1583074Z Unpacking libavtp0:amd64 (0.2.0-1build1) ...
2025-12-03T07:05:00.1819153Z Selecting previously unselected package libcairo-script-interpreter2:amd64.
2025-12-03T07:05:00.1958198Z Preparing to unpack .../110-libcairo-script-interpreter2_1.18.0-3build1_amd64.deb ...
2025-12-03T07:05:00.1970346Z Unpacking libcairo-script-interpreter2:amd64 (1.18.0-3build1) ...
2025-12-03T07:05:00.2350420Z Preparing to unpack .../111-libcups2t64_2.4.7-1.2ubuntu7.7_amd64.deb ...
2025-12-03T07:05:00.2454079Z Unpacking libcups2t64:amd64 (2.4.7-1.2ubuntu7.7) over (2.4.7-1.2ubuntu7.4) ...
2025-12-03T07:05:00.2798169Z Selecting previously unselected package libdc1394-25:amd64.
2025-12-03T07:05:00.2939782Z Preparing to unpack .../112-libdc1394-25_2.2.6-4build1_amd64.deb ...
2025-12-03T07:05:00.2950341Z Unpacking libdc1394-25:amd64 (2.2.6-4build1) ...
2025-12-03T07:05:00.3194488Z Selecting previously unselected package libdecor-0-0:amd64.
2025-12-03T07:05:00.3332621Z Preparing to unpack .../113-libdecor-0-0_0.2.2-1build2_amd64.deb ...
2025-12-03T07:05:00.3342407Z Unpacking libdecor-0-0:amd64 (0.2.2-1build2) ...
2025-12-03T07:05:00.3596574Z Selecting previously unselected package libgles2:amd64.
2025-12-03T07:05:00.3739423Z Preparing to unpack .../114-libgles2_1.7.0-1build1_amd64.deb ...
2025-12-03T07:05:00.3748704Z Unpacking libgles2:amd64 (1.7.0-1build1) ...
2025-12-03T07:05:00.3982448Z Selecting previously unselected package libdirectfb-1.7-7t64:amd64.
2025-12-03T07:05:00.4128998Z Preparing to unpack .../115-libdirectfb-1.7-7t64_1.7.7-11.1ubuntu2_amd64.deb ...
2025-12-03T07:05:00.4140051Z Unpacking libdirectfb-1.7-7t64:amd64 (1.7.7-11.1ubuntu2) ...
2025-12-03T07:05:00.4744716Z Preparing to unpack .../116-libdrm-amdgpu1_2.4.122-1~ubuntu0.24.04.2_amd64.deb ...
2025-12-03T07:05:00.4818386Z Unpacking libdrm-amdgpu1:amd64 (2.4.122-1~ubuntu0.24.04.2) over (2.4.122-1~ubuntu0.24.04.1) ...
2025-12-03T07:05:00.5116301Z Selecting previously unselected package libdvdread8t64:amd64.
2025-12-03T07:05:00.5257904Z Preparing to unpack .../117-libdvdread8t64_6.1.3-1.1build1_amd64.deb ...
2025-12-03T07:05:00.5268061Z Unpacking libdvdread8t64:amd64 (6.1.3-1.1build1) ...
2025-12-03T07:05:00.5523064Z Selecting previously unselected package libdvdnav4:amd64.
2025-12-03T07:05:00.5660139Z Preparing to unpack .../118-libdvdnav4_6.1.1-3build1_amd64.deb ...
2025-12-03T07:05:00.5670713Z Unpacking libdvdnav4:amd64 (6.1.1-3build1) ...
2025-12-03T07:05:00.5936178Z Selecting previously unselected package libegl-mesa0:amd64.
2025-12-03T07:05:00.6073537Z Preparing to unpack .../119-libegl-mesa0_25.0.7-0ubuntu0.24.04.2_amd64.deb ...
2025-12-03T07:05:00.6084770Z Unpacking libegl-mesa0:amd64 (25.0.7-0ubuntu0.24.04.2) ...
2025-12-03T07:05:00.6348896Z Selecting previously unselected package libevent-2.1-7t64:amd64.
2025-12-03T07:05:00.6485992Z Preparing to unpack .../120-libevent-2.1-7t64_2.1.12-stable-9ubuntu2_amd64.deb ...
2025-12-03T07:05:00.6495452Z Unpacking libevent-2.1-7t64:amd64 (2.1.12-stable-9ubuntu2) ...
2025-12-03T07:05:00.6756959Z Selecting previously unselected package libfaad2:amd64.
2025-12-03T07:05:00.6895170Z Preparing to unpack .../121-libfaad2_2.11.1-1build1_amd64.deb ...
2025-12-03T07:05:00.6943268Z Unpacking libfaad2:amd64 (2.11.1-1build1) ...
2025-12-03T07:05:00.7205706Z Selecting previously unselected package libinstpatch-1.0-2:amd64.
2025-12-03T07:05:00.7342476Z Preparing to unpack .../122-libinstpatch-1.0-2_1.1.6-1build2_amd64.deb ...
2025-12-03T07:05:00.7352360Z Unpacking libinstpatch-1.0-2:amd64 (1.1.6-1build2) ...
2025-12-03T07:05:00.7613595Z Selecting previously unselected package libjack-jackd2-0:amd64.
2025-12-03T07:05:00.7749577Z Preparing to unpack .../123-libjack-jackd2-0_1.9.21~dfsg-3ubuntu3_amd64.deb ...
2025-12-03T07:05:00.7760781Z Unpacking libjack-jackd2-0:amd64 (1.9.21~dfsg-3ubuntu3) ...
2025-12-03T07:05:00.8052282Z Selecting previously unselected package libwebrtc-audio-processing1:amd64.
2025-12-03T07:05:00.8186927Z Preparing to unpack .../124-libwebrtc-audio-processing1_0.3.1-0ubuntu6_amd64.deb ...
2025-12-03T07:05:00.8197217Z Unpacking libwebrtc-audio-processing1:amd64 (0.3.1-0ubuntu6) ...
2025-12-03T07:05:00.8454220Z Selecting previously unselected package libspa-0.2-modules:amd64.
2025-12-03T07:05:00.8590533Z Preparing to unpack .../125-libspa-0.2-modules_1.0.5-1ubuntu3.1_amd64.deb ...
2025-12-03T07:05:00.8598197Z Unpacking libspa-0.2-modules:amd64 (1.0.5-1ubuntu3.1) ...
2025-12-03T07:05:00.8950186Z Selecting previously unselected package libpipewire-0.3-0t64:amd64.
2025-12-03T07:05:00.9088544Z Preparing to unpack .../126-libpipewire-0.3-0t64_1.0.5-1ubuntu3.1_amd64.deb ...
2025-12-03T07:05:00.9099510Z Unpacking libpipewire-0.3-0t64:amd64 (1.0.5-1ubuntu3.1) ...
2025-12-03T07:05:00.9394395Z Selecting previously unselected package libsdl2-2.0-0:amd64.
2025-12-03T07:05:00.9534881Z Preparing to unpack .../127-libsdl2-2.0-0_2.30.0+dfsg-1ubuntu3.1_amd64.deb ...
2025-12-03T07:05:00.9547912Z Unpacking libsdl2-2.0-0:amd64 (2.30.0+dfsg-1ubuntu3.1) ...
2025-12-03T07:05:00.9870609Z Selecting previously unselected package timgm6mb-soundfont.
2025-12-03T07:05:01.0008213Z Preparing to unpack .../128-timgm6mb-soundfont_1.3-5_all.deb ...
2025-12-03T07:05:01.0020326Z Unpacking timgm6mb-soundfont (1.3-5) ...
2025-12-03T07:05:01.3417830Z Selecting previously unselected package libfluidsynth3:amd64.
2025-12-03T07:05:01.3552231Z Preparing to unpack .../129-libfluidsynth3_2.3.4-1build3_amd64.deb ...
2025-12-03T07:05:01.3564774Z Unpacking libfluidsynth3:amd64 (2.3.4-1build3) ...
2025-12-03T07:05:01.3850243Z Selecting previously unselected package libfreeaptx0:amd64.
2025-12-03T07:05:01.3987246Z Preparing to unpack .../130-libfreeaptx0_0.1.1-2build1_amd64.deb ...
2025-12-03T07:05:01.4000001Z Unpacking libfreeaptx0:amd64 (0.1.1-2build1) ...
2025-12-03T07:05:01.4229493Z Selecting previously unselected package libgraphene-1.0-0:amd64.
2025-12-03T07:05:01.4366561Z Preparing to unpack .../131-libgraphene-1.0-0_1.10.8-3build2_amd64.deb ...
2025-12-03T07:05:01.4380367Z Unpacking libgraphene-1.0-0:amd64 (1.10.8-3build2) ...
2025-12-03T07:05:01.4620356Z Selecting previously unselected package libgssdp-1.6-0:amd64.
2025-12-03T07:05:01.4758340Z Preparing to unpack .../132-libgssdp-1.6-0_1.6.3-1build3_amd64.deb ...
2025-12-03T07:05:01.4768259Z Unpacking libgssdp-1.6-0:amd64 (1.6.3-1build3) ...
2025-12-03T07:05:01.5017302Z Selecting previously unselected package libegl1:amd64.
2025-12-03T07:05:01.5154641Z Preparing to unpack .../133-libegl1_1.7.0-1build1_amd64.deb ...
2025-12-03T07:05:01.5166206Z Unpacking libegl1:amd64 (1.7.0-1build1) ...
2025-12-03T07:05:01.5410260Z Selecting previously unselected package libgstreamer-gl1.0-0:amd64.
2025-12-03T07:05:01.5548023Z Preparing to unpack .../134-libgstreamer-gl1.0-0_1.24.2-1ubuntu0.3_amd64.deb ...
2025-12-03T07:05:01.5557593Z Unpacking libgstreamer-gl1.0-0:amd64 (1.24.2-1ubuntu0.3) ...
2025-12-03T07:05:01.5808845Z Selecting previously unselected package libgtk-4-common.
2025-12-03T07:05:01.5946229Z Preparing to unpack .../135-libgtk-4-common_4.14.5+ds-0ubuntu0.6_all.deb ...
2025-12-03T07:05:01.5955106Z Unpacking libgtk-4-common (4.14.5+ds-0ubuntu0.6) ...
2025-12-03T07:05:01.6515109Z Selecting previously unselected package libgtk-4-1:amd64.
2025-12-03T07:05:01.6652798Z Preparing to unpack .../136-libgtk-4-1_4.14.5+ds-0ubuntu0.6_amd64.deb ...
2025-12-03T07:05:01.6665178Z Unpacking libgtk-4-1:amd64 (4.14.5+ds-0ubuntu0.6) ...
2025-12-03T07:05:01.7359973Z Selecting previously unselected package libgupnp-1.6-0:amd64.
2025-12-03T07:05:01.7496608Z Preparing to unpack .../137-libgupnp-1.6-0_1.6.6-1build3_amd64.deb ...
2025-12-03T07:05:01.7512494Z Unpacking libgupnp-1.6-0:amd64 (1.6.6-1build3) ...
2025-12-03T07:05:01.7780479Z Selecting previously unselected package libgupnp-igd-1.6-0:amd64.
2025-12-03T07:05:01.7917531Z Preparing to unpack .../138-libgupnp-igd-1.6-0_1.6.0-3build3_amd64.deb ...
2025-12-03T07:05:01.7933757Z Unpacking libgupnp-igd-1.6-0:amd64 (1.6.0-3build3) ...
2025-12-03T07:05:01.8163697Z Selecting previously unselected package libharfbuzz-icu0:amd64.
2025-12-03T07:05:01.8302026Z Preparing to unpack .../139-libharfbuzz-icu0_8.3.0-2build2_amd64.deb ...
2025-12-03T07:05:01.8313182Z Unpacking libharfbuzz-icu0:amd64 (8.3.0-2build2) ...
2025-12-03T07:05:01.8551109Z Selecting previously unselected package libhyphen0:amd64.
2025-12-03T07:05:01.8686304Z Preparing to unpack .../140-libhyphen0_2.8.8-7build3_amd64.deb ...
2025-12-03T07:05:01.8697766Z Unpacking libhyphen0:amd64 (2.8.8-7build3) ...
2025-12-03T07:05:01.8929693Z Selecting previously unselected package libimath-3-1-29t64:amd64.
2025-12-03T07:05:01.9065443Z Preparing to unpack .../141-libimath-3-1-29t64_3.1.9-3.1ubuntu2_amd64.deb ...
2025-12-03T07:05:01.9075246Z Unpacking libimath-3-1-29t64:amd64 (3.1.9-3.1ubuntu2) ...
2025-12-03T07:05:01.9335262Z Selecting previously unselected package liblc3-1:amd64.
2025-12-03T07:05:01.9470650Z Preparing to unpack .../142-liblc3-1_1.0.4-3build1_amd64.deb ...
2025-12-03T07:05:01.9484525Z Unpacking liblc3-1:amd64 (1.0.4-3build1) ...
2025-12-03T07:05:01.9715280Z Selecting previously unselected package libldacbt-enc2:amd64.
2025-12-03T07:05:01.9850206Z Preparing to unpack .../143-libldacbt-enc2_2.0.2.3+git20200429+ed310a0-4ubuntu2_amd64.deb ...
2025-12-03T07:05:01.9863097Z Unpacking libldacbt-enc2:amd64 (2.0.2.3+git20200429+ed310a0-4ubuntu2) ...
2025-12-03T07:05:02.0075338Z Selecting previously unselected package libraptor2-0:amd64.
2025-12-03T07:05:02.0209415Z Preparing to unpack .../144-libraptor2-0_2.0.16-3ubuntu0.1_amd64.deb ...
2025-12-03T07:05:02.0218181Z Unpacking libraptor2-0:amd64 (2.0.16-3ubuntu0.1) ...
2025-12-03T07:05:02.0455760Z Selecting previously unselected package liblrdf0:amd64.
2025-12-03T07:05:02.0589373Z Preparing to unpack .../145-liblrdf0_0.6.1-4build1_amd64.deb ...
2025-12-03T07:05:02.0597309Z Unpacking liblrdf0:amd64 (0.6.1-4build1) ...
2025-12-03T07:05:02.0822837Z Selecting previously unselected package libltc11:amd64.
2025-12-03T07:05:02.0957563Z Preparing to unpack .../146-libltc11_1.3.2-1build1_amd64.deb ...
2025-12-03T07:05:02.0967159Z Unpacking libltc11:amd64 (1.3.2-1build1) ...
2025-12-03T07:05:02.1191499Z Selecting previously unselected package libmanette-0.2-0:amd64.
2025-12-03T07:05:02.1326483Z Preparing to unpack .../147-libmanette-0.2-0_0.2.7-1build2_amd64.deb ...
2025-12-03T07:05:02.1338775Z Unpacking libmanette-0.2-0:amd64 (0.2.7-1build2) ...
2025-12-03T07:05:02.1568775Z Selecting previously unselected package libmfx1:amd64.
2025-12-03T07:05:02.1701216Z Preparing to unpack .../148-libmfx1_22.5.4-1_amd64.deb ...
2025-12-03T07:05:02.1714000Z Unpacking libmfx1:amd64 (22.5.4-1) ...
2025-12-03T07:05:02.2711732Z Selecting previously unselected package libmjpegutils-2.1-0t64:amd64.
2025-12-03T07:05:02.2846577Z Preparing to unpack .../149-libmjpegutils-2.1-0t64_1%3a2.1.0+debian-8.1build1_amd64.deb ...
2025-12-03T07:05:02.2855316Z Unpacking libmjpegutils-2.1-0t64:amd64 (1:2.1.0+debian-8.1build1) ...
2025-12-03T07:05:02.3082274Z Selecting previously unselected package libmodplug1:amd64.
2025-12-03T07:05:02.3215833Z Preparing to unpack .../150-libmodplug1_1%3a0.8.9.0-3build1_amd64.deb ...
2025-12-03T07:05:02.3225341Z Unpacking libmodplug1:amd64 (1:0.8.9.0-3build1) ...
2025-12-03T07:05:02.3463844Z Selecting previously unselected package libmpcdec6:amd64.
2025-12-03T07:05:02.3596385Z Preparing to unpack .../151-libmpcdec6_2%3a0.1~r495-2build1_amd64.deb ...
2025-12-03T07:05:02.3606246Z Unpacking libmpcdec6:amd64 (2:0.1~r495-2build1) ...
2025-12-03T07:05:02.3821087Z Selecting previously unselected package libmpeg2encpp-2.1-0t64:amd64.
2025-12-03T07:05:02.3953390Z Preparing to unpack .../152-libmpeg2encpp-2.1-0t64_1%3a2.1.0+debian-8.1build1_amd64.deb ...
2025-12-03T07:05:02.3961734Z Unpacking libmpeg2encpp-2.1-0t64:amd64 (1:2.1.0+debian-8.1build1) ...
2025-12-03T07:05:02.4190217Z Selecting previously unselected package libmplex2-2.1-0t64:amd64.
2025-12-03T07:05:02.4320987Z Preparing to unpack .../153-libmplex2-2.1-0t64_1%3a2.1.0+debian-8.1build1_amd64.deb ...
2025-12-03T07:05:02.4330546Z Unpacking libmplex2-2.1-0t64:amd64 (1:2.1.0+debian-8.1build1) ...
2025-12-03T07:05:02.4559252Z Selecting previously unselected package libneon27t64:amd64.
2025-12-03T07:05:02.4691433Z Preparing to unpack .../154-libneon27t64_0.33.0-1.1build3_amd64.deb ...
2025-12-03T07:05:02.4709423Z Unpacking libneon27t64:amd64 (0.33.0-1.1build3) ...
2025-12-03T07:05:02.4959136Z Selecting previously unselected package libnice10:amd64.
2025-12-03T07:05:02.5090302Z Preparing to unpack .../155-libnice10_0.1.21-2build3_amd64.deb ...
2025-12-03T07:05:02.5101557Z Unpacking libnice10:amd64 (0.1.21-2build3) ...
2025-12-03T07:05:02.5333033Z Selecting previously unselected package libopenal-data.
2025-12-03T07:05:02.5463073Z Preparing to unpack .../156-libopenal-data_1%3a1.23.1-4build1_all.deb ...
2025-12-03T07:05:02.5474342Z Unpacking libopenal-data (1:1.23.1-4build1) ...
2025-12-03T07:05:02.5721759Z Selecting previously unselected package libopenexr-3-1-30:amd64.
2025-12-03T07:05:02.5853909Z Preparing to unpack .../157-libopenexr-3-1-30_3.1.5-5.1build3_amd64.deb ...
2025-12-03T07:05:02.5863510Z Unpacking libopenexr-3-1-30:amd64 (3.1.5-5.1build3) ...
2025-12-03T07:05:02.6241158Z Selecting previously unselected package libopenh264-7:amd64.
2025-12-03T07:05:02.6373254Z Preparing to unpack .../158-libopenh264-7_2.4.1+dfsg-1_amd64.deb ...
2025-12-03T07:05:02.6386177Z Unpacking libopenh264-7:amd64 (2.4.1+dfsg-1) ...
2025-12-03T07:05:02.6673013Z Selecting previously unselected package libopenni2-0:amd64.
2025-12-03T07:05:02.6808212Z Preparing to unpack .../159-libopenni2-0_2.2.0.33+dfsg-18_amd64.deb ...
2025-12-03T07:05:02.6841345Z Unpacking libopenni2-0:amd64 (2.2.0.33+dfsg-18) ...
2025-12-03T07:05:02.7254990Z Selecting previously unselected package libqrencode4:amd64.
2025-12-03T07:05:02.7392049Z Preparing to unpack .../160-libqrencode4_4.1.1-1build2_amd64.deb ...
2025-12-03T07:05:02.7403567Z Unpacking libqrencode4:amd64 (4.1.1-1build2) ...
2025-12-03T07:05:02.7609550Z Selecting previously unselected package libsecret-common.
2025-12-03T07:05:02.7742604Z Preparing to unpack .../161-libsecret-common_0.21.4-1build3_all.deb ...
2025-12-03T07:05:02.7754577Z Unpacking libsecret-common (0.21.4-1build3) ...
2025-12-03T07:05:02.7973975Z Selecting previously unselected package libsecret-1-0:amd64.
2025-12-03T07:05:02.8110787Z Preparing to unpack .../162-libsecret-1-0_0.21.4-1build3_amd64.deb ...
2025-12-03T07:05:02.8120427Z Unpacking libsecret-1-0:amd64 (0.21.4-1build3) ...
2025-12-03T07:05:02.8368296Z Selecting previously unselected package libsndio7.0:amd64.
2025-12-03T07:05:02.8507013Z Preparing to unpack .../163-libsndio7.0_1.9.0-0.3build3_amd64.deb ...
2025-12-03T07:05:02.8517307Z Unpacking libsndio7.0:amd64 (1.9.0-0.3build3) ...
2025-12-03T07:05:02.8762859Z Selecting previously unselected package libsoundtouch1:amd64.
2025-12-03T07:05:02.8901917Z Preparing to unpack .../164-libsoundtouch1_2.3.2+ds1-1build1_amd64.deb ...
2025-12-03T07:05:02.8915671Z Unpacking libsoundtouch1:amd64 (2.3.2+ds1-1build1) ...
2025-12-03T07:05:02.9169589Z Selecting previously unselected package libspandsp2t64:amd64.
2025-12-03T07:05:02.9312990Z Preparing to unpack .../165-libspandsp2t64_0.0.6+dfsg-2.1build1_amd64.deb ...
2025-12-03T07:05:02.9323851Z Unpacking libspandsp2t64:amd64 (0.0.6+dfsg-2.1build1) ...
2025-12-03T07:05:02.9609371Z Selecting previously unselected package libsrtp2-1:amd64.
2025-12-03T07:05:02.9749016Z Preparing to unpack .../166-libsrtp2-1_2.5.0-3build1_amd64.deb ...
2025-12-03T07:05:02.9758355Z Unpacking libsrtp2-1:amd64 (2.5.0-3build1) ...
2025-12-03T07:05:03.0134146Z Preparing to unpack .../167-libssh-4_0.10.6-2ubuntu0.2_amd64.deb ...
2025-12-03T07:05:03.0215916Z Unpacking libssh-4:amd64 (0.10.6-2ubuntu0.2) over (0.10.6-2ubuntu0.1) ...
2025-12-03T07:05:03.0564015Z Selecting previously unselected package libwildmidi2:amd64.
2025-12-03T07:05:03.0710259Z Preparing to unpack .../168-libwildmidi2_0.4.3-1build3_amd64.deb ...
2025-12-03T07:05:03.0719738Z Unpacking libwildmidi2:amd64 (0.4.3-1build3) ...
2025-12-03T07:05:03.0977765Z Selecting previously unselected package libwoff1:amd64.
2025-12-03T07:05:03.1118055Z Preparing to unpack .../169-libwoff1_1.0.2-2build1_amd64.deb ...
2025-12-03T07:05:03.1129853Z Unpacking libwoff1:amd64 (1.0.2-2build1) ...
2025-12-03T07:05:03.1394613Z Selecting previously unselected package libxcb-xkb1:amd64.
2025-12-03T07:05:03.1535064Z Preparing to unpack .../170-libxcb-xkb1_1.15-1ubuntu2_amd64.deb ...
2025-12-03T07:05:03.1547323Z Unpacking libxcb-xkb1:amd64 (1.15-1ubuntu2) ...
2025-12-03T07:05:03.1783386Z Selecting previously unselected package libxkbcommon-x11-0:amd64.
2025-12-03T07:05:03.1925274Z Preparing to unpack .../171-libxkbcommon-x11-0_1.6.0-1build1_amd64.deb ...
2025-12-03T07:05:03.1936582Z Unpacking libxkbcommon-x11-0:amd64 (1.6.0-1build1) ...
2025-12-03T07:05:03.2176476Z Selecting previously unselected package libzbar0t64:amd64.
2025-12-03T07:05:03.2314299Z Preparing to unpack .../172-libzbar0t64_0.23.93-4build3_amd64.deb ...
2025-12-03T07:05:03.2323212Z Unpacking libzbar0t64:amd64 (0.23.93-4build3) ...
2025-12-03T07:05:03.2573539Z Selecting previously unselected package libzxing3:amd64.
2025-12-03T07:05:03.2710051Z Preparing to unpack .../173-libzxing3_2.2.1-3_amd64.deb ...
2025-12-03T07:05:03.2720454Z Unpacking libzxing3:amd64 (2.2.1-3) ...
2025-12-03T07:05:03.2996952Z Selecting previously unselected package xfonts-encodings.
2025-12-03T07:05:03.3133482Z Preparing to unpack .../174-xfonts-encodings_1%3a1.0.5-0ubuntu2_all.deb ...
2025-12-03T07:05:03.3142964Z Unpacking xfonts-encodings (1:1.0.5-0ubuntu2) ...
2025-12-03T07:05:03.3450485Z Selecting previously unselected package xfonts-utils.
2025-12-03T07:05:03.3587780Z Preparing to unpack .../175-xfonts-utils_1%3a7.7+6build3_amd64.deb ...
2025-12-03T07:05:03.3600479Z Unpacking xfonts-utils (1:7.7+6build3) ...
2025-12-03T07:05:03.4394962Z Selecting previously unselected package xfonts-cyrillic.
2025-12-03T07:05:03.4534545Z Preparing to unpack .../176-xfonts-cyrillic_1%3a1.0.5+nmu1_all.deb ...
2025-12-03T07:05:03.4543338Z Unpacking xfonts-cyrillic (1:1.0.5+nmu1) ...
2025-12-03T07:05:03.4932426Z Selecting previously unselected package xfonts-scalable.
2025-12-03T07:05:03.5069649Z Preparing to unpack .../177-xfonts-scalable_1%3a1.0.3-1.3_all.deb ...
2025-12-03T07:05:03.5080669Z Unpacking xfonts-scalable (1:1.0.3-1.3) ...
2025-12-03T07:05:03.5348802Z Selecting previously unselected package libgstreamer-plugins-bad1.0-0:amd64.
2025-12-03T07:05:03.5485940Z Preparing to unpack .../178-libgstreamer-plugins-bad1.0-0_1.24.2-1ubuntu4_amd64.deb ...
2025-12-03T07:05:03.5497326Z Unpacking libgstreamer-plugins-bad1.0-0:amd64 (1.24.2-1ubuntu4) ...
2025-12-03T07:05:03.5924384Z Selecting previously unselected package libdca0:amd64.
2025-12-03T07:05:03.6062948Z Preparing to unpack .../179-libdca0_0.0.7-2build1_amd64.deb ...
2025-12-03T07:05:03.6072338Z Unpacking libdca0:amd64 (0.0.7-2build1) ...
2025-12-03T07:05:03.6342209Z Selecting previously unselected package libopenal1:amd64.
2025-12-03T07:05:03.6487099Z Preparing to unpack .../180-libopenal1_1%3a1.23.1-4build1_amd64.deb ...
2025-12-03T07:05:03.6496529Z Unpacking libopenal1:amd64 (1:1.23.1-4build1) ...
2025-12-03T07:05:03.6808599Z Selecting previously unselected package libsbc1:amd64.
2025-12-03T07:05:03.6952110Z Preparing to unpack .../181-libsbc1_2.0-1build1_amd64.deb ...
2025-12-03T07:05:03.6962515Z Unpacking libsbc1:amd64 (2.0-1build1) ...
2025-12-03T07:05:03.7213322Z Selecting previously unselected package libvo-aacenc0:amd64.
2025-12-03T07:05:03.7355444Z Preparing to unpack .../182-libvo-aacenc0_0.1.3-2build1_amd64.deb ...
2025-12-03T07:05:03.7367983Z Unpacking libvo-aacenc0:amd64 (0.1.3-2build1) ...
2025-12-03T07:05:03.7628684Z Selecting previously unselected package libvo-amrwbenc0:amd64.
2025-12-03T07:05:03.7775511Z Preparing to unpack .../183-libvo-amrwbenc0_0.1.3-2build1_amd64.deb ...
2025-12-03T07:05:03.7786229Z Unpacking libvo-amrwbenc0:amd64 (0.1.3-2build1) ...
2025-12-03T07:05:03.8031091Z Selecting previously unselected package gstreamer1.0-plugins-bad:amd64.
2025-12-03T07:05:03.8175274Z Preparing to unpack .../184-gstreamer1.0-plugins-bad_1.24.2-1ubuntu4_amd64.deb ...
2025-12-03T07:05:03.8188599Z Unpacking gstreamer1.0-plugins-bad:amd64 (1.24.2-1ubuntu4) ...
2025-12-03T07:05:04.0149528Z Setting up libgme0:amd64 (0.6.3-7build1) ...
2025-12-03T07:05:04.0173584Z Setting up libchromaprint1:amd64 (1.5.1-5) ...
2025-12-03T07:05:04.0223733Z Setting up libssh-gcrypt-4:amd64 (0.10.6-2ubuntu0.2) ...
2025-12-03T07:05:04.0250505Z Setting up libhwy1t64:amd64 (1.0.7-8.1build1) ...
2025-12-03T07:05:04.0278626Z Setting up libcairo-script-interpreter2:amd64 (1.18.0-3build1) ...
2025-12-03T07:05:04.0300610Z Setting up libfreeaptx0:amd64 (0.1.1-2build1) ...
2025-12-03T07:05:04.0323498Z Setting up libdvdread8t64:amd64 (6.1.3-1.1build1) ...
2025-12-03T07:05:04.0349237Z Setting up libudfread0:amd64 (1.1.2-1build1) ...
2025-12-03T07:05:04.0380418Z Setting up libmodplug1:amd64 (1:0.8.9.0-3build1) ...
2025-12-03T07:05:04.0406851Z Setting up libcdparanoia0:amd64 (3.10.2+debian-14build3) ...
2025-12-03T07:05:04.0430825Z Setting up libvo-amrwbenc0:amd64 (0.1.3-2build1) ...
2025-12-03T07:05:04.0456092Z Setting up session-migration (0.3.9build1) ...
2025-12-03T07:05:04.1773138Z Created symlink /etc/systemd/user/graphical-session-pre.target.wants/session-migration.service → /usr/lib/systemd/user/session-migration.service.
2025-12-03T07:05:04.1773728Z 
2025-12-03T07:05:04.1809232Z Setting up libraw1394-11:amd64 (2.1.2-2build3) ...
2025-12-03T07:05:04.1832561Z Setting up libsbc1:amd64 (2.0-1build1) ...
2025-12-03T07:05:04.1853235Z Setting up libproxy1v5:amd64 (0.5.4-4build1) ...
2025-12-03T07:05:04.1879855Z Setting up libneon27t64:amd64 (0.33.0-1.1build3) ...
2025-12-03T07:05:04.1904266Z Setting up libtag1v5-vanilla:amd64 (1.13.1-1build1) ...
2025-12-03T07:05:04.1929158Z Setting up libharfbuzz-icu0:amd64 (8.3.0-2build2) ...
2025-12-03T07:05:04.1955405Z Setting up libopenni2-0:amd64 (2.2.0.33+dfsg-18) ...
2025-12-03T07:05:04.2227966Z Setting up libspeex1:amd64 (1.2.1-2ubuntu2.24.04.1) ...
2025-12-03T07:05:04.2252975Z Setting up libshine3:amd64 (3.1.1-2build1) ...
2025-12-03T07:05:04.2276631Z Setting up libcaca0:amd64 (0.99.beta20-4build2) ...
2025-12-03T07:05:04.2300201Z Setting up libv4lconvert0t64:amd64 (1.26.1-4build3) ...
2025-12-03T07:05:04.2329254Z Setting up libx264-164:amd64 (2:0.164.3108+git31e19f9-1) ...
2025-12-03T07:05:04.2352613Z Setting up libtwolame0:amd64 (0.4.0-2build3) ...
2025-12-03T07:05:04.2373416Z Setting up libmbedcrypto7t64:amd64 (2.28.8-1) ...
2025-12-03T07:05:04.2399518Z Setting up libwoff1:amd64 (1.0.2-2build1) ...
2025-12-03T07:05:04.2420524Z Setting up liblc3-1:amd64 (1.0.4-3build1) ...
2025-12-03T07:05:04.2443206Z Setting up libqrencode4:amd64 (4.1.1-1build2) ...
2025-12-03T07:05:04.2493094Z Setting up libhyphen0:amd64 (2.8.8-7build3) ...
2025-12-03T07:05:04.2516861Z Setting up libgsm1:amd64 (1.0.22-1build1) ...
2025-12-03T07:05:04.2541787Z Setting up libvisual-0.4-0:amd64 (0.4.2-2build1) ...
2025-12-03T07:05:04.2567214Z Setting up libsoxr0:amd64 (0.1.3-4build3) ...
2025-12-03T07:05:04.2591081Z Setting up libzix-0-0:amd64 (0.4.2-2build1) ...
2025-12-03T07:05:04.2617887Z Setting up libcodec2-1.2:amd64 (1.2.0-2build1) ...
2025-12-03T07:05:04.2643231Z Setting up libmanette-0.2-0:amd64 (0.2.7-1build2) ...
2025-12-03T07:05:04.2671676Z Setting up libsrtp2-1:amd64 (2.5.0-3build1) ...
2025-12-03T07:05:04.2704060Z Setting up libmysofa1:amd64 (1.3.2+dfsg-2ubuntu2) ...
2025-12-03T07:05:04.2730243Z Setting up libraptor2-0:amd64 (2.0.16-3ubuntu0.1) ...
2025-12-03T07:05:04.2753941Z Setting up libldacbt-enc2:amd64 (2.0.2.3+git20200429+ed310a0-4ubuntu2) ...
2025-12-03T07:05:04.2781404Z Setting up fonts-wqy-zenhei (0.9.45-8) ...
2025-12-03T07:05:04.2921434Z Setting up libwebrtc-audio-processing1:amd64 (0.3.1-0ubuntu6) ...
2025-12-03T07:05:04.2949516Z Setting up fonts-freefont-ttf (20211204+svn4273-2) ...
2025-12-03T07:05:04.2975333Z Setting up libevent-2.1-7t64:amd64 (2.1.12-stable-9ubuntu2) ...
2025-12-03T07:05:04.3008857Z Setting up libsvtav1enc1d1:amd64 (1.7.0+dfsg-2build1) ...
2025-12-03T07:05:04.3036145Z Setting up libsoup-3.0-common (3.4.4-5ubuntu0.5) ...
2025-12-03T07:05:04.3064871Z Setting up libmpg123-0t64:amd64 (1.32.5-1ubuntu1.1) ...
2025-12-03T07:05:04.3088539Z Setting up libcjson1:amd64 (1.7.17-1) ...
2025-12-03T07:05:04.3115986Z Setting up libxvidcore4:amd64 (2:1.3.7-1build1) ...
2025-12-03T07:05:04.3142690Z Setting up libmpcdec6:amd64 (2:0.1~r495-2build1) ...
2025-12-03T07:05:04.3167810Z Setting up libmjpegutils-2.1-0t64:amd64 (1:2.1.0+debian-8.1build1) ...
2025-12-03T07:05:04.3197027Z Setting up librav1e0:amd64 (0.7.1-2) ...
2025-12-03T07:05:04.3223894Z Setting up liborc-0.4-0t64:amd64 (1:0.4.38-1ubuntu0.1) ...
2025-12-03T07:05:04.3251974Z Setting up libxcb-xkb1:amd64 (1.15-1ubuntu2) ...
2025-12-03T07:05:04.3278209Z Setting up libvo-aacenc0:amd64 (0.1.3-2build1) ...
2025-12-03T07:05:04.3302264Z Setting up librist4:amd64 (0.2.10+dfsg-2) ...
2025-12-03T07:05:04.3336302Z Setting up librsvg2-2:amd64 (2.58.0+dfsg-1build1) ...
2025-12-03T07:05:04.3361787Z Setting up libblas3:amd64 (3.12.0-3build1.1) ...
2025-12-03T07:05:04.3428480Z update-alternatives: using /usr/lib/x86_64-linux-gnu/blas/libblas.so.3 to provide /usr/lib/x86_64-linux-gnu/libblas.so.3 (libblas.so.3-x86_64-linux-gnu) in auto mode
2025-12-03T07:05:04.3448819Z Setting up libsoundtouch1:amd64 (2.3.2+ds1-1build1) ...
2025-12-03T07:05:04.3497929Z Setting up libplacebo338:amd64 (6.338.2-2build1) ...
2025-12-03T07:05:04.3528004Z Setting up libgles2:amd64 (1.7.0-1build1) ...
2025-12-03T07:05:04.3553413Z Setting up fonts-tlwg-loma-otf (1:0.7.3-1) ...
2025-12-03T07:05:04.3585527Z Setting up libva2:amd64 (2.20.0-2build1) ...
2025-12-03T07:05:04.3609915Z Setting up libspa-0.2-modules:amd64 (1.0.5-1ubuntu3.1) ...
2025-12-03T07:05:04.3636751Z Setting up libzxing3:amd64 (2.2.1-3) ...
2025-12-03T07:05:04.3662245Z Setting up xfonts-encodings (1:1.0.5-0ubuntu2) ...
2025-12-03T07:05:04.3688353Z Setting up libopus0:amd64 (1.4-1build1) ...
2025-12-03T07:05:04.3716773Z Setting up libfaad2:amd64 (2.11.1-1build1) ...
2025-12-03T07:05:04.3745353Z Setting up libxkbcommon-x11-0:amd64 (1.6.0-1build1) ...
2025-12-03T07:05:04.3773598Z Setting up libdc1394-25:amd64 (2.2.6-4build1) ...
2025-12-03T07:05:04.3800142Z Setting up libimath-3-1-29t64:amd64 (3.1.9-3.1ubuntu2) ...
2025-12-03T07:05:04.3829691Z Setting up libunibreak5:amd64 (5.1-2build1) ...
2025-12-03T07:05:04.3856924Z Setting up libdv4t64:amd64 (1.0.0-17.1build1) ...
2025-12-03T07:05:04.3885165Z Setting up libjxl0.7:amd64 (0.7.0-10.2ubuntu6.1) ...
2025-12-03T07:05:04.3919123Z Setting up libssh-4:amd64 (0.10.6-2ubuntu0.2) ...
2025-12-03T07:05:04.3941496Z Setting up libopenh264-7:amd64 (2.4.1+dfsg-1) ...
2025-12-03T07:05:04.3969823Z Setting up libltc11:amd64 (1.3.2-1build1) ...
2025-12-03T07:05:04.3995245Z Setting up libx265-199:amd64 (3.5-2build1) ...
2025-12-03T07:05:04.4019733Z Setting up libv4l-0t64:amd64 (1.26.1-4build3) ...
2025-12-03T07:05:04.4046670Z Setting up libavtp0:amd64 (0.2.0-1build1) ...
2025-12-03T07:05:04.4073038Z Setting up libsndio7.0:amd64 (1.9.0-0.3build3) ...
2025-12-03T07:05:04.4096743Z Setting up libdirectfb-1.7-7t64:amd64 (1.7.7-11.1ubuntu2) ...
2025-12-03T07:05:04.4124553Z Setting up libspandsp2t64:amd64 (0.0.6+dfsg-2.1build1) ...
2025-12-03T07:05:04.4270858Z Setting up libvidstab1.1:amd64 (1.1.0-2build1) ...
2025-12-03T07:05:04.4295436Z Setting up libvpx9:amd64 (1.14.0-1ubuntu2.2) ...
2025-12-03T07:05:04.4318651Z Setting up libsrt1.5-gnutls:amd64 (1.5.3-1build2) ...
2025-12-03T07:05:04.4343550Z Setting up libtag1v5:amd64 (1.13.1-1build1) ...
2025-12-03T07:05:04.4370070Z Setting up libflite1:amd64 (2.2-6build3) ...
2025-12-03T07:05:04.4394276Z Setting up libdav1d7:amd64 (1.4.1-1build1) ...
2025-12-03T07:05:04.4419725Z Setting up fonts-ipafont-gothic (00303-21ubuntu1) ...
2025-12-03T07:05:04.4490715Z update-alternatives: using /usr/share/fonts/opentype/ipafont-gothic/ipag.ttf to provide /usr/share/fonts/truetype/fonts-japanese-gothic.ttf (fonts-japanese-gothic.ttf) in auto mode
2025-12-03T07:05:04.4513745Z Setting up ocl-icd-libopencl1:amd64 (2.3.2-1build1) ...
2025-12-03T07:05:04.4553825Z Setting up libasyncns0:amd64 (0.8-6build4) ...
2025-12-03T07:05:04.4576450Z Setting up libwildmidi2:amd64 (0.4.3-1build3) ...
2025-12-03T07:05:04.4601036Z Setting up libvdpau1:amd64 (1.5-2build1) ...
2025-12-03T07:05:04.4638071Z Setting up libwavpack1:amd64 (5.6.0-1build1) ...
2025-12-03T07:05:04.4662981Z Setting up libbs2b0:amd64 (3.1.0+dfsg-7build1) ...
2025-12-03T07:05:04.4693688Z Setting up libtheora0:amd64 (1.1.1+dfsg.1-16.1build3) ...
2025-12-03T07:05:04.4717189Z Setting up libdecor-0-0:amd64 (0.2.2-1build2) ...
2025-12-03T07:05:04.4740794Z Setting up libdca0:amd64 (0.0.7-2build1) ...
2025-12-03T07:05:04.4771012Z Setting up libzimg2:amd64 (3.0.5+ds1-1build1) ...
2025-12-03T07:05:04.4796723Z Setting up libopenal-data (1:1.23.1-4build1) ...
2025-12-03T07:05:04.4832203Z Setting up libabsl20220623t64:amd64 (20220623.1-3.1ubuntu3.2) ...
2025-12-03T07:05:04.4857193Z Setting up libflac12t64:amd64 (1.4.3+ds-2.1ubuntu2) ...
2025-12-03T07:05:04.4887807Z Setting up libgtk-4-common (4.14.5+ds-0ubuntu0.6) ...
2025-12-03T07:05:04.4916478Z Setting up libmpeg2encpp-2.1-0t64:amd64 (1:2.1.0+debian-8.1build1) ...
2025-12-03T07:05:04.4941590Z Setting up glib-networking-common (2.80.0-1build1) ...
2025-12-03T07:05:04.4967622Z Setting up libmfx1:amd64 (22.5.4-1) ...
2025-12-03T07:05:04.4994259Z Setting up libbluray2:amd64 (1:1.3.4-1build1) ...
2025-12-03T07:05:04.5019109Z Setting up libsamplerate0:amd64 (0.2.2-4build1) ...
2025-12-03T07:05:04.5042883Z Setting up timgm6mb-soundfont (1.3-5) ...
2025-12-03T07:05:04.5134189Z update-alternatives: using /usr/share/sounds/sf2/TimGM6mb.sf2 to provide /usr/share/sounds/sf2/default-GM.sf2 (default-GM.sf2) in auto mode
2025-12-03T07:05:04.5178230Z update-alternatives: using /usr/share/sounds/sf2/TimGM6mb.sf2 to provide /usr/share/sounds/sf3/default-GM.sf3 (default-GM.sf3) in auto mode
2025-12-03T07:05:04.5199285Z Setting up libdrm-common (2.4.122-1~ubuntu0.24.04.2) ...
2025-12-03T07:05:04.5226985Z Setting up libyuv0:amd64 (0.0~git202401110.af6ac82-1) ...
2025-12-03T07:05:04.5254275Z Setting up libmplex2-2.1-0t64:amd64 (1:2.1.0+debian-8.1build1) ...
2025-12-03T07:05:04.5277041Z Setting up libpipewire-0.3-0t64:amd64 (1.0.5-1ubuntu3.1) ...
2025-12-03T07:05:04.5302694Z Setting up libcups2t64:amd64 (2.4.7-1.2ubuntu7.7) ...
2025-12-03T07:05:04.5328257Z Setting up libopenmpt0t64:amd64 (0.7.3-1.1build3) ...
2025-12-03T07:05:04.5353614Z Setting up libzvbi-common (0.2.42-2) ...
2025-12-03T07:05:04.5383026Z Setting up libsecret-common (0.21.4-1build3) ...
2025-12-03T07:05:04.5412672Z Setting up libmp3lame0:amd64 (3.100-6build1) ...
2025-12-03T07:05:04.5443619Z Setting up libgraphene-1.0-0:amd64 (1.10.8-3build2) ...
2025-12-03T07:05:04.5468445Z Setting up libvorbisenc2:amd64 (1.3.7-1build3) ...
2025-12-03T07:05:04.5495098Z Setting up libdvdnav4:amd64 (6.1.1-3build1) ...
2025-12-03T07:05:04.5520069Z Setting up fonts-unifont (1:15.1.01-1build1) ...
2025-12-03T07:05:04.5548099Z Setting up libaa1:amd64 (1.4p5-51.1) ...
2025-12-03T07:05:04.5588303Z Setting up libiec61883-0:amd64 (1.2.0-6build1) ...
2025-12-03T07:05:04.5619310Z Setting up libserd-0-0:amd64 (0.32.2-1) ...
2025-12-03T07:05:04.5644095Z Setting up libavc1394-0:amd64 (0.5.4-5build3) ...
2025-12-03T07:05:04.5671355Z Setting up gsettings-desktop-schemas (46.1-0ubuntu1) ...
2025-12-03T07:05:04.5704402Z Setting up glib-networking-services (2.80.0-1build1) ...
2025-12-03T07:05:04.5734562Z Setting up liblapack3:amd64 (3.12.0-3build1.1) ...
2025-12-03T07:05:04.5802156Z update-alternatives: using /usr/lib/x86_64-linux-gnu/lapack/liblapack.so.3 to provide /usr/lib/x86_64-linux-gnu/liblapack.so.3 (liblapack.so.3-x86_64-linux-gnu) in auto mode
2025-12-03T07:05:04.5826047Z Setting up libzvbi0t64:amd64 (0.2.42-2) ...
2025-12-03T07:05:04.5856237Z Setting up liblrdf0:amd64 (0.6.1-4build1) ...
2025-12-03T07:05:04.5882309Z Setting up libzbar0t64:amd64 (0.23.93-4build3) ...
2025-12-03T07:05:04.5912788Z Setting up libopenal1:amd64 (1:1.23.1-4build1) ...
2025-12-03T07:05:04.5939888Z Setting up xfonts-utils (1:7.7+6build3) ...
2025-12-03T07:05:04.5993751Z Setting up libsecret-1-0:amd64 (0.21.4-1build3) ...
2025-12-03T07:05:04.6022131Z Setting up libass9:amd64 (1:0.17.1-2build1) ...
2025-12-03T07:05:04.6048603Z Setting up libopenexr-3-1-30:amd64 (3.1.5-5.1build3) ...
2025-12-03T07:05:04.6076927Z Setting up libshout3:amd64 (2.4.6-1build2) ...
2025-12-03T07:05:04.6103399Z Setting up libgav1-1:amd64 (0.18.0-1build3) ...
2025-12-03T07:05:04.6127866Z Setting up librubberband2:amd64 (3.3.0+dfsg-2build1) ...
2025-12-03T07:05:04.6160281Z Setting up libjack-jackd2-0:amd64 (1.9.21~dfsg-3ubuntu3) ...
2025-12-03T07:05:04.6186637Z Setting up libdrm2:amd64 (2.4.122-1~ubuntu0.24.04.2) ...
2025-12-03T07:05:04.6209325Z Setting up libva-drm2:amd64 (2.20.0-2build1) ...
2025-12-03T07:05:04.6234453Z Setting up libsord-0-0:amd64 (0.16.16-2build1) ...
2025-12-03T07:05:04.6258679Z Setting up xfonts-cyrillic (1:1.0.5+nmu1) ...
2025-12-03T07:05:04.6766351Z Setting up libsratom-0-0:amd64 (0.6.16-1build1) ...
2025-12-03T07:05:04.6789062Z Setting up libsndfile1:amd64 (1.2.2-1ubuntu5.24.04.1) ...
2025-12-03T07:05:04.6814065Z Setting up libva-x11-2:amd64 (2.20.0-2build1) ...
2025-12-03T07:05:04.6841079Z Setting up liblilv-0-0:amd64 (0.24.22-1build1) ...
2025-12-03T07:05:04.6869806Z Setting up libinstpatch-1.0-2:amd64 (1.1.6-1build2) ...
2025-12-03T07:05:04.6895414Z Setting up xfonts-scalable (1:1.0.3-1.3) ...
2025-12-03T07:05:04.7317596Z Setting up libdrm-amdgpu1:amd64 (2.4.122-1~ubuntu0.24.04.2) ...
2025-12-03T07:05:04.7346222Z Setting up libavif16:amd64 (1.0.4-1ubuntu3) ...
2025-12-03T07:05:04.7372750Z Setting up libpulse0:amd64 (1:16.1+dfsg1-2ubuntu10.1) ...
2025-12-03T07:05:04.7458599Z Setting up libdrm-intel1:amd64 (2.4.122-1~ubuntu0.24.04.2) ...
2025-12-03T07:05:04.7486559Z Setting up libgstreamer-plugins-base1.0-0:amd64 (1.24.2-1ubuntu0.3) ...
2025-12-03T07:05:04.7511110Z Setting up libsphinxbase3t64:amd64 (0.8+5prealpha+1-17build2) ...
2025-12-03T07:05:04.7534842Z Setting up libgstreamer-plugins-good1.0-0:amd64 (1.24.2-1ubuntu1.2) ...
2025-12-03T07:05:04.7567248Z Setting up libegl-mesa0:amd64 (25.0.7-0ubuntu0.24.04.2) ...
2025-12-03T07:05:04.7595126Z Setting up gstreamer1.0-plugins-base:amd64 (1.24.2-1ubuntu0.3) ...
2025-12-03T07:05:04.7618442Z Setting up libegl1:amd64 (1.7.0-1build1) ...
2025-12-03T07:05:04.7649601Z Setting up libsdl2-2.0-0:amd64 (2.30.0+dfsg-1ubuntu3.1) ...
2025-12-03T07:05:04.7675553Z Setting up libfluidsynth3:amd64 (2.3.4-1build3) ...
2025-12-03T07:05:04.7844822Z Setting up libvpl2 (2023.3.0-1build1) ...
2025-12-03T07:05:04.7878740Z Setting up libavutil58:amd64 (7:6.1.1-3ubuntu5) ...
2025-12-03T07:05:04.7915026Z Setting up libpocketsphinx3:amd64 (0.8.0+real5prealpha+1-15ubuntu5) ...
2025-12-03T07:05:04.7939632Z Setting up libgstreamer-gl1.0-0:amd64 (1.24.2-1ubuntu0.3) ...
2025-12-03T07:05:04.7972467Z Setting up libswresample4:amd64 (7:6.1.1-3ubuntu5) ...
2025-12-03T07:05:04.8001159Z Setting up libavcodec60:amd64 (7:6.1.1-3ubuntu5) ...
2025-12-03T07:05:04.8031215Z Setting up libpostproc57:amd64 (7:6.1.1-3ubuntu5) ...
2025-12-03T07:05:04.8067929Z Setting up libswscale7:amd64 (7:6.1.1-3ubuntu5) ...
2025-12-03T07:05:04.8101398Z Setting up libavformat60:amd64 (7:6.1.1-3ubuntu5) ...
2025-12-03T07:05:04.8132490Z Setting up libavfilter9:amd64 (7:6.1.1-3ubuntu5) ...
2025-12-03T07:05:04.8175161Z Setting up gstreamer1.0-libav:amd64 (1.24.1-1build1) ...
2025-12-03T07:05:04.8496441Z Processing triggers for fontconfig (2.15.0-1.1ubuntu2) ...
2025-12-03T07:05:05.0214458Z Processing triggers for libc-bin (2.39-0ubuntu8.6) ...
2025-12-03T07:05:07.2980749Z Processing triggers for man-db (2.12.0-4build2) ...
2025-12-03T07:05:07.3051620Z Not building database; man-db/auto-update is not 'true'.
2025-12-03T07:05:07.3080681Z Processing triggers for libglib2.0-0t64:amd64 (2.80.0-6ubuntu3.4) ...
2025-12-03T07:05:07.3578120Z Setting up libgtk-4-1:amd64 (4.14.5+ds-0ubuntu0.6) ...
2025-12-03T07:05:07.5311896Z Setting up glib-networking:amd64 (2.80.0-1build1) ...
2025-12-03T07:05:07.5361351Z Setting up libsoup-3.0-0:amd64 (3.4.4-5ubuntu0.5) ...
2025-12-03T07:05:07.5396793Z Setting up libgssdp-1.6-0:amd64 (1.6.3-1build3) ...
2025-12-03T07:05:07.5477039Z Setting up gstreamer1.0-plugins-good:amd64 (1.24.2-1ubuntu1.2) ...
2025-12-03T07:05:07.5509180Z Setting up libgupnp-1.6-0:amd64 (1.6.6-1build3) ...
2025-12-03T07:05:07.5577617Z Setting up libgupnp-igd-1.6-0:amd64 (1.6.0-3build3) ...
2025-12-03T07:05:07.5619964Z Setting up libnice10:amd64 (0.1.21-2build3) ...
2025-12-03T07:05:07.5720902Z Setting up libgstreamer-plugins-bad1.0-0:amd64 (1.24.2-1ubuntu4) ...
2025-12-03T07:05:07.5772422Z Setting up gstreamer1.0-plugins-bad:amd64 (1.24.2-1ubuntu4) ...
2025-12-03T07:05:07.5807026Z Processing triggers for libc-bin (2.39-0ubuntu8.6) ...
2025-12-03T07:05:08.6930006Z 
2025-12-03T07:05:08.6930472Z Running kernel seems to be up-to-date.
2025-12-03T07:05:08.6930926Z 
2025-12-03T07:05:08.6931108Z Restarting services...
2025-12-03T07:05:08.7089877Z  systemctl restart packagekit.service php8.3-fpm.service
2025-12-03T07:05:08.8178853Z 
2025-12-03T07:05:08.8180134Z No containers need to be restarted.
2025-12-03T07:05:08.8180503Z 
2025-12-03T07:05:08.8180756Z No user sessions are running outdated binaries.
2025-12-03T07:05:08.8181125Z 
2025-12-03T07:05:08.8181454Z No VM guests are running outdated hypervisor (qemu) binaries on this host.
2025-12-03T07:05:09.8554546Z ##[group]Run echo "OPENAI_API_KEY=***" >> .env
2025-12-03T07:05:09.8555609Z [36;1mecho "OPENAI_API_KEY=***" >> .env[0m
2025-12-03T07:05:09.8589845Z shell: /usr/bin/bash -e {0}
2025-12-03T07:05:09.8590078Z env:
2025-12-03T07:05:09.8590321Z   pythonLocation: /opt/hostedtoolcache/Python/3.11.14/x64
2025-12-03T07:05:09.8590743Z   PKG_CONFIG_PATH: /opt/hostedtoolcache/Python/3.11.14/x64/lib/pkgconfig
2025-12-03T07:05:09.8591137Z   Python_ROOT_DIR: /opt/hostedtoolcache/Python/3.11.14/x64
2025-12-03T07:05:09.8591476Z   Python2_ROOT_DIR: /opt/hostedtoolcache/Python/3.11.14/x64
2025-12-03T07:05:09.8591828Z   Python3_ROOT_DIR: /opt/hostedtoolcache/Python/3.11.14/x64
2025-12-03T07:05:09.8592174Z   LD_LIBRARY_PATH: /opt/hostedtoolcache/Python/3.11.14/x64/lib
2025-12-03T07:05:09.8592459Z ##[endgroup]
2025-12-03T07:05:09.8667955Z ##[group]Run python main.py
2025-12-03T07:05:09.8668393Z [36;1mpython main.py[0m
2025-12-03T07:05:09.8698052Z shell: /usr/bin/bash -e {0}
2025-12-03T07:05:09.8698268Z env:
2025-12-03T07:05:09.8698502Z   pythonLocation: /opt/hostedtoolcache/Python/3.11.14/x64
2025-12-03T07:05:09.8698902Z   PKG_CONFIG_PATH: /opt/hostedtoolcache/Python/3.11.14/x64/lib/pkgconfig
2025-12-03T07:05:09.8699282Z   Python_ROOT_DIR: /opt/hostedtoolcache/Python/3.11.14/x64
2025-12-03T07:05:09.8699614Z   Python2_ROOT_DIR: /opt/hostedtoolcache/Python/3.11.14/x64
2025-12-03T07:05:09.8699949Z   Python3_ROOT_DIR: /opt/hostedtoolcache/Python/3.11.14/x64
2025-12-03T07:05:09.8700289Z   LD_LIBRARY_PATH: /opt/hostedtoolcache/Python/3.11.14/x64/lib
2025-12-03T07:05:09.8700566Z ##[endgroup]
2025-12-03T07:05:09.8916652Z Post job cleanup.
2025-12-03T07:05:10.0533248Z Post job cleanup.
2025-12-03T07:05:10.1493575Z [command]/usr/bin/git version
2025-12-03T07:05:10.1535174Z git version 2.51.2
2025-12-03T07:05:10.1582510Z Temporarily overriding HOME='/home/runner/work/_temp/04a576f9-b198-4aa4-8e29-88427acd53f1' before making global git config changes
2025-12-03T07:05:10.1583804Z Adding repository directory to the temporary git global config as a safe directory
2025-12-03T07:05:10.1597837Z [command]/usr/bin/git config --global --add safe.directory /home/runner/work/blogs/blogs
2025-12-03T07:05:10.1635242Z [command]/usr/bin/git config --local --name-only --get-regexp core\.sshCommand
2025-12-03T07:05:10.1670969Z [command]/usr/bin/git submodule foreach --recursive sh -c "git config --local --name-only --get-regexp 'core\.sshCommand' && git config --local --unset-all 'core.sshCommand' || :"
2025-12-03T07:05:10.1922795Z [command]/usr/bin/git config --local --name-only --get-regexp http\.https\:\/\/github\.com\/\.extraheader
2025-12-03T07:05:10.1947595Z http.https://github.com/.extraheader
2025-12-03T07:05:10.1962193Z [command]/usr/bin/git config --local --unset-all http.https://github.com/.extraheader
2025-12-03T07:05:10.1997035Z [command]/usr/bin/git submodule foreach --recursive sh -c "git config --local --name-only --get-regexp 'http\.https\:\/\/github\.com\/\.extraheader' && git config --local --unset-all 'http.https://github.com/.extraheader' || :"
2025-12-03T07:05:10.2243428Z [command]/usr/bin/git config --local --name-only --get-regexp ^includeIf\.gitdir:
2025-12-03T07:05:10.2277703Z [command]/usr/bin/git submodule foreach --recursive git config --local --show-origin --name-only --get-regexp remote.origin.url
2025-12-03T07:05:10.2649290Z Cleaning up orphan processes
